Archive member included to satisfy reference by file (symbol)

/usr/local/mcuxpressoide-10.3.1_2233/ide/plugins/com.nxp.mcuxpresso.tools.linux_10.3.0.201811011841/tools/bin/../lib/gcc/arm-none-eabi/7.3.1/../../../../arm-none-eabi/lib/thumb/v7e-m/fpv5/hard/libcr_semihost_nf.a(_cr__main.o)
                              ./startup/startup_mimxrt1052.o (__main)
/usr/local/mcuxpressoide-10.3.1_2233/ide/plugins/com.nxp.mcuxpresso.tools.linux_10.3.0.201811011841/tools/bin/../lib/gcc/arm-none-eabi/7.3.1/../../../../arm-none-eabi/lib/thumb/v7e-m/fpv5/hard/libcr_semihost_nf.a(_cr_assert.o)
                              ./utilities/fsl_debug_console.o (__assertion_failed)
/usr/local/mcuxpressoide-10.3.1_2233/ide/plugins/com.nxp.mcuxpresso.tools.linux_10.3.0.201811011841/tools/bin/../lib/gcc/arm-none-eabi/7.3.1/../../../../arm-none-eabi/lib/thumb/v7e-m/fpv5/hard/libcr_semihost_nf.a(__ciob.o)
                              /usr/local/mcuxpressoide-10.3.1_2233/ide/plugins/com.nxp.mcuxpresso.tools.linux_10.3.0.201811011841/tools/bin/../lib/gcc/arm-none-eabi/7.3.1/../../../../arm-none-eabi/lib/thumb/v7e-m/fpv5/hard/libcr_semihost_nf.a(_cr_assert.o) (__Ciob)
/usr/local/mcuxpressoide-10.3.1_2233/ide/plugins/com.nxp.mcuxpresso.tools.linux_10.3.0.201811011841/tools/bin/../lib/gcc/arm-none-eabi/7.3.1/../../../../arm-none-eabi/lib/thumb/v7e-m/fpv5/hard/libcr_semihost_nf.a(__sys_appexit.o)
                              /usr/local/mcuxpressoide-10.3.1_2233/ide/plugins/com.nxp.mcuxpresso.tools.linux_10.3.0.201811011841/tools/bin/../lib/gcc/arm-none-eabi/7.3.1/../../../../arm-none-eabi/lib/thumb/v7e-m/fpv5/hard/libcr_semihost_nf.a(_cr_assert.o) (__sys_appexit)
/usr/local/mcuxpressoide-10.3.1_2233/ide/plugins/com.nxp.mcuxpresso.tools.linux_10.3.0.201811011841/tools/bin/../lib/gcc/arm-none-eabi/7.3.1/../../../../arm-none-eabi/lib/thumb/v7e-m/fpv5/hard/libcr_c.a(memcpy.o)
                              ./codec/fsl_codec_common.o (memcpy)
/usr/local/mcuxpressoide-10.3.1_2233/ide/plugins/com.nxp.mcuxpresso.tools.linux_10.3.0.201811011841/tools/bin/../lib/gcc/arm-none-eabi/7.3.1/../../../../arm-none-eabi/lib/thumb/v7e-m/fpv5/hard/libcr_c.a(memset.o)
                              ./utilities/fsl_debug_console.o (memset)
/usr/local/mcuxpressoide-10.3.1_2233/ide/plugins/com.nxp.mcuxpresso.tools.linux_10.3.0.201811011841/tools/bin/../lib/gcc/arm-none-eabi/7.3.1/../../../../arm-none-eabi/lib/thumb/v7e-m/fpv5/hard/libcr_c.a(_deferredlazyseek.o)
                              /usr/local/mcuxpressoide-10.3.1_2233/ide/plugins/com.nxp.mcuxpresso.tools.linux_10.3.0.201811011841/tools/bin/../lib/gcc/arm-none-eabi/7.3.1/../../../../arm-none-eabi/lib/thumb/v7e-m/fpv5/hard/libcr_semihost_nf.a(_cr_assert.o) (__flsbuf)
/usr/local/mcuxpressoide-10.3.1_2233/ide/plugins/com.nxp.mcuxpresso.tools.linux_10.3.0.201811011841/tools/bin/../lib/gcc/arm-none-eabi/7.3.1/../../../../arm-none-eabi/lib/thumb/v7e-m/fpv5/hard/libcr_c.a(_fflush.o)
                              /usr/local/mcuxpressoide-10.3.1_2233/ide/plugins/com.nxp.mcuxpresso.tools.linux_10.3.0.201811011841/tools/bin/../lib/gcc/arm-none-eabi/7.3.1/../../../../arm-none-eabi/lib/thumb/v7e-m/fpv5/hard/libcr_c.a(_deferredlazyseek.o) (_fflush)
/usr/local/mcuxpressoide-10.3.1_2233/ide/plugins/com.nxp.mcuxpresso.tools.linux_10.3.0.201811011841/tools/bin/../lib/gcc/arm-none-eabi/7.3.1/../../../../arm-none-eabi/lib/thumb/v7e-m/fpv5/hard/libcr_c.a(_writebuf.o)
                              /usr/local/mcuxpressoide-10.3.1_2233/ide/plugins/com.nxp.mcuxpresso.tools.linux_10.3.0.201811011841/tools/bin/../lib/gcc/arm-none-eabi/7.3.1/../../../../arm-none-eabi/lib/thumb/v7e-m/fpv5/hard/libcr_c.a(_deferredlazyseek.o) (_Cwritebuf)
/usr/local/mcuxpressoide-10.3.1_2233/ide/plugins/com.nxp.mcuxpresso.tools.linux_10.3.0.201811011841/tools/bin/../lib/gcc/arm-none-eabi/7.3.1/../../../../arm-none-eabi/lib/thumb/v7e-m/fpv5/hard/libcr_c.a(alloc.o)
                              ./drivers/fsl_common.o (malloc)
/usr/local/mcuxpressoide-10.3.1_2233/ide/plugins/com.nxp.mcuxpresso.tools.linux_10.3.0.201811011841/tools/bin/../lib/gcc/arm-none-eabi/7.3.1/../../../../arm-none-eabi/lib/thumb/v7e-m/fpv5/hard/libcr_c.a(fputs.o)
                              /usr/local/mcuxpressoide-10.3.1_2233/ide/plugins/com.nxp.mcuxpresso.tools.linux_10.3.0.201811011841/tools/bin/../lib/gcc/arm-none-eabi/7.3.1/../../../../arm-none-eabi/lib/thumb/v7e-m/fpv5/hard/libcr_semihost_nf.a(_cr_assert.o) (fputs)
/usr/local/mcuxpressoide-10.3.1_2233/ide/plugins/com.nxp.mcuxpresso.tools.linux_10.3.0.201811011841/tools/bin/../lib/gcc/arm-none-eabi/7.3.1/../../../../arm-none-eabi/lib/thumb/v7e-m/fpv5/hard/libcr_c.a(fseek.o)
                              /usr/local/mcuxpressoide-10.3.1_2233/ide/plugins/com.nxp.mcuxpresso.tools.linux_10.3.0.201811011841/tools/bin/../lib/gcc/arm-none-eabi/7.3.1/../../../../arm-none-eabi/lib/thumb/v7e-m/fpv5/hard/libcr_c.a(_deferredlazyseek.o) (fseek)
[...]
Memory Configuration

Name             Origin             Length             Attributes
BOARD_FLASH      0x0000000060000000 0x0000000004000000 xr
SRAM_ITC         0x0000000000000000 0x0000000000020000 xrw
SRAM_DTC         0x0000000020000000 0x0000000000020000 xrw
SRAM_OC          0x0000000020200000 0x0000000000040000 xrw
BOARD_SDRAM      0x0000000080000000 0x0000000002000000 xrw
*default*        0x0000000000000000 0xffffffffffffffff

Linker script and memory map

LOAD ./xip/evkbimxrt1050_flexspi_nor_config.o
LOAD ./xip/evkbimxrt1050_sdram_ini_dcd.o
LOAD ./xip/fsl_flexspi_nor_boot.o
LOAD ./utilities/fsl_assert.o
LOAD ./utilities/fsl_debug_console.o
LOAD ./utilities/fsl_str.o
LOAD ./startup/startup_mimxrt1052.o
LOAD ./source_transfer/sai_interrupt_transfer.o
LOAD ./source/semihost_hardfault.o
LOAD ./drivers/fsl_clock.o
LOAD ./drivers/fsl_common.o
LOAD ./drivers/fsl_gpio.o
LOAD ./drivers/fsl_lpi2c.o
LOAD ./drivers/fsl_lpuart.o
LOAD ./drivers/fsl_sai.o
LOAD ./device/system_MIMXRT1052.o
LOAD ./component/uart/lpuart_adapter.o
LOAD ./component/serial_manager/serial_manager.o
LOAD ./component/serial_manager/serial_port_uart.o
LOAD ./component/lists/generic_list.o
LOAD ./codec/fsl_codec_common.o
LOAD ./codec/fsl_wm8960.o
LOAD ./board/board.o
LOAD ./board/clock_config.o
LOAD ./board/pin_mux.o
START GROUP
LOAD /usr/local/mcuxpressoide-10.3.1_2233/ide/plugins/com.nxp.mcuxpresso.tools.linux_10.3.0.201811011841/tools/bin/../lib/gcc/arm-none-eabi/7.3.1/../../../../arm-none-eabi/lib/thumb/v7e-m/fpv5/hard/libcr_semihost_nf.a
LOAD /usr/local/mcuxpressoide-10.3.1_2233/ide/plugins/com.nxp.mcuxpresso.tools.linux_10.3.0.201811011841/tools/bin/../lib/gcc/arm-none-eabi/7.3.1/../../../../arm-none-eabi/lib/thumb/v7e-m/fpv5/hard/libcr_c.a
LOAD /usr/local/mcuxpressoide-10.3.1_2233/ide/plugins/com.nxp.mcuxpresso.tools.linux_10.3.0.201811011841/tools/bin/../lib/gcc/arm-none-eabi/7.3.1/thumb/v7e-m/fpv5/hard/libcr_eabihelpers.a
LOAD /usr/local/mcuxpressoide-10.3.1_2233/ide/plugins/com.nxp.mcuxpresso.tools.linux_10.3.0.201811011841/tools/bin/../lib/gcc/arm-none-eabi/7.3.1/thumb/v7e-m/fpv5/hard/libgcc.a
END GROUP
                0x0000000060000000                __base_BOARD_FLASH = 0x60000000
                0x0000000060000000                __base_Flash = 0x60000000
                0x0000000064000000                __top_BOARD_FLASH = 0x64000000
                0x0000000064000000                __top_Flash = 0x64000000
                0x0000000000000000                __base_SRAM_ITC = 0x0
                0x0000000000000000                __base_RAM = 0x0
                0x0000000000020000                __top_SRAM_ITC = 0x20000
                0x0000000000020000                __top_RAM = 0x20000
                0x0000000020000000                __base_SRAM_DTC = 0x20000000
                0x0000000020000000                __base_RAM2 = 0x20000000
                0x0000000020020000                __top_SRAM_DTC = 0x20020000
                0x0000000020020000                __top_RAM2 = 0x20020000
                0x0000000020200000                __base_SRAM_OC = 0x20200000
                0x0000000020200000                __base_RAM3 = 0x20200000
                0x0000000020240000                __top_SRAM_OC = 0x20240000
                0x0000000020240000                __top_RAM3 = 0x20240000
                0x0000000080000000                __base_BOARD_SDRAM = 0x80000000
                0x0000000080000000                __base_RAM4 = 0x80000000
                0x0000000082000000                __top_BOARD_SDRAM = 0x82000000
                0x0000000082000000                __top_RAM4 = 0x82000000

.text           0x0000000000000000    0x1459c
 FILL mask 0xff
                0x0000000000000000                __vectors_start__ = ABSOLUTE (.)
 *(SORT_BY_ALIGNMENT(.isr_vector))
 .isr_vector    0x0000000000000000      0x2a0 ./startup/startup_mimxrt1052.o
                0x0000000000000000                __Vectors
                0x0000000000000000                g_pfnVectors
                0x00000000000002a0                . = ALIGN (0x4)
                0x00000000000002a0                __section_table_start = .
                0x00000000000002a0                __data_section_table = .
                0x00000000000002a0        0x4 LONG 0x1459c LOADADDR (.data_RAM)
                0x00000000000002a4        0x4 LONG 0x1459c ADDR (.data_RAM)
                0x00000000000002a8        0x4 LONG 0x0 SIZEOF (.data_RAM)
                0x00000000000002ac        0x4 LONG 0x1459c LOADADDR (.data)
                0x00000000000002b0        0x4 LONG 0x20000000 ADDR (.data)
                0x00000000000002b4        0x4 LONG 0x1c SIZEOF (.data)
                0x00000000000002b8        0x4 LONG 0x1459c LOADADDR (.data_RAM3)
                0x00000000000002bc        0x4 LONG 0x20200000 ADDR (.data_RAM3)
                0x00000000000002c0        0x4 LONG 0x0 SIZEOF (.data_RAM3)
                0x00000000000002c4        0x4 LONG 0x1459c LOADADDR (.data_RAM4)
                0x00000000000002c8        0x4 LONG 0x80000000 ADDR (.data_RAM4)
                0x00000000000002cc        0x4 LONG 0x0 SIZEOF (.data_RAM4)
                0x00000000000002d0                __data_section_table_end = .
                0x00000000000002d0                __bss_section_table = .
                0x00000000000002d0        0x4 LONG 0x145b8 ADDR (.bss_RAM)
                0x00000000000002d4        0x4 LONG 0x0 SIZEOF (.bss_RAM)
                0x00000000000002d8        0x4 LONG 0x2000001c ADDR (.bss)
                0x00000000000002dc        0x4 LONG 0x240 SIZEOF (.bss)
                0x00000000000002e0        0x4 LONG 0x20200000 ADDR (.bss_RAM3)
                0x00000000000002e4        0x4 LONG 0x0 SIZEOF (.bss_RAM3)
                0x00000000000002e8        0x4 LONG 0x80000000 ADDR (.bss_RAM4)
                0x00000000000002ec        0x4 LONG 0x0 SIZEOF (.bss_RAM4)
                0x00000000000002f0                __bss_section_table_end = .
                0x00000000000002f0                __section_table_end = .
 *(SORT_BY_ALIGNMENT(.after_vectors*))
 .after_vectors.reset
                0x00000000000002f0       0x4c ./startup/startup_mimxrt1052.o
                0x00000000000002f0                ResetISR
 .after_vectors.init_data
                0x000000000000033c       0x1e ./startup/startup_mimxrt1052.o
                0x000000000000033c                data_init
 .after_vectors.init_bss
                0x000000000000035a       0x12 ./startup/startup_mimxrt1052.o
                0x000000000000035a                bss_init
 .after_vectors
                0x000000000000036c        0xc ./startup/startup_mimxrt1052.o
                0x000000000000036c                NMI_Handler
                0x0000000000000370                SVC_Handler
                0x0000000000000372                PendSV_Handler
                0x0000000000000374                SysTick_Handler
                0x0000000000000376                ACMP4_DriverIRQHandler
                0x0000000000000376                Reserved87_DriverIRQHandler
                0x0000000000000376                KPP_DriverIRQHandler
                0x0000000000000376                LPSPI2_DriverIRQHandler
                0x0000000000000376                LCDIF_DriverIRQHandler
                0x0000000000000376                CCM_2_DriverIRQHandler
                0x0000000000000376                PIT_DriverIRQHandler
                0x0000000000000376                PMU_EVENT_DriverIRQHandler
                0x0000000000000376                PWM4_FAULT_DriverIRQHandler
                0x0000000000000376                DMA13_DMA29_DriverIRQHandler
                0x0000000000000376                FLEXRAM_DriverIRQHandler
                0x0000000000000376                LPSPI4_DriverIRQHandler
                0x0000000000000376                SEMC_DriverIRQHandler
                0x0000000000000376                SPDIF_DriverIRQHandler
                0x0000000000000376                PWM4_3_DriverIRQHandler
                0x0000000000000376                USB_PHY1_DriverIRQHandler
                0x0000000000000376                GPIO3_Combined_0_15_DriverIRQHandler
                0x0000000000000376                DMA7_DMA23_DriverIRQHandler
                0x0000000000000376                BEE_DriverIRQHandler
                0x0000000000000376                GPR_IRQ_DriverIRQHandler
                0x0000000000000376                PWM2_FAULT_DriverIRQHandler
                0x0000000000000376                PWM3_1_DriverIRQHandler
                0x0000000000000376                DMA14_DMA30_DriverIRQHandler
                0x0000000000000376                TMR1_DriverIRQHandler
                0x0000000000000376                TRNG_DriverIRQHandler
                0x0000000000000376                PWM3_2_DriverIRQHandler
                0x0000000000000376                ENET_1588_Timer_DriverIRQHandler
                0x0000000000000376                FLEXIO2_DriverIRQHandler
                0x0000000000000376                GPIO2_Combined_16_31_DriverIRQHandler
                0x0000000000000376                Reserved143_DriverIRQHandler
                0x0000000000000376                PWM4_1_DriverIRQHandler
                0x0000000000000376                PWM3_3_DriverIRQHandler
                0x0000000000000376                DMA0_DMA16_DriverIRQHandler
                0x0000000000000376                IntDefaultHandler
                0x0000000000000376                DMA2_DMA18_DriverIRQHandler
                0x0000000000000376                SRC_DriverIRQHandler
                0x0000000000000376                GPIO1_INT4_DriverIRQHandler
                0x0000000000000376                Reserved144_DriverIRQHandler
                0x0000000000000376                USDHC1_DriverIRQHandler
                0x0000000000000376                ENC3_DriverIRQHandler
                0x0000000000000376                PWM3_FAULT_DriverIRQHandler
                0x0000000000000376                EWM_DriverIRQHandler
                0x0000000000000376                TSC_DIG_DriverIRQHandler
                0x0000000000000376                WDOG1_DriverIRQHandler
                0x0000000000000376                FLEXIO1_DriverIRQHandler
                0x0000000000000376                ENET_DriverIRQHandler
                0x0000000000000376                Reserved78_DriverIRQHandler
                0x0000000000000376                TMR4_DriverIRQHandler
                0x0000000000000376                ENC2_DriverIRQHandler
                0x0000000000000376                ADC_ETC_IRQ2_DriverIRQHandler
                0x0000000000000376                GPIO1_Combined_16_31_DriverIRQHandler
                0x0000000000000376                GPIO1_INT7_DriverIRQHandler
                0x0000000000000376                DCDC_DriverIRQHandler
                0x0000000000000376                DMA12_DMA28_DriverIRQHandler
                0x0000000000000376                PWM4_0_DriverIRQHandler
                0x0000000000000376                ADC_ETC_ERROR_IRQ_DriverIRQHandler
                0x0000000000000376                ACMP2_DriverIRQHandler
                0x0000000000000376                GPIO5_Combined_0_15_DriverIRQHandler
                0x0000000000000376                GPIO1_INT0_DriverIRQHandler
                0x0000000000000376                GPIO1_INT2_DriverIRQHandler
                0x0000000000000376                RTWDOG_DriverIRQHandler
                0x0000000000000376                FLEXSPI_DriverIRQHandler
                0x0000000000000376                GPT2_DriverIRQHandler
                0x0000000000000376                USB_PHY2_DriverIRQHandler
                0x0000000000000376                DMA10_DMA26_DriverIRQHandler
                0x0000000000000376                PWM2_1_DriverIRQHandler
                0x0000000000000376                PWM1_1_DriverIRQHandler
                0x0000000000000376                PXP_DriverIRQHandler
                0x0000000000000376                ADC1_DriverIRQHandler
                0x0000000000000376                PWM1_0_DriverIRQHandler
                0x0000000000000376                SJC_DriverIRQHandler
                0x0000000000000376                DMA1_DMA17_DriverIRQHandler
                0x0000000000000376                ENC1_DriverIRQHandler
                0x0000000000000376                ENC4_DriverIRQHandler
                0x0000000000000376                CAN2_DriverIRQHandler
                0x0000000000000376                DCP_DriverIRQHandler
                0x0000000000000376                CTI0_ERROR_DriverIRQHandler
                0x0000000000000376                DMA8_DMA24_DriverIRQHandler
                0x0000000000000376                GPT1_DriverIRQHandler
                0x0000000000000376                ACMP3_DriverIRQHandler
                0x0000000000000376                DMA6_DMA22_DriverIRQHandler
                0x0000000000000376                CSU_DriverIRQHandler
                0x0000000000000376                GPIO1_INT5_DriverIRQHandler
                0x0000000000000376                TMR3_DriverIRQHandler
                0x0000000000000376                TMR2_DriverIRQHandler
                0x0000000000000376                CTI1_ERROR_DriverIRQHandler
                0x0000000000000376                GPIO1_Combined_0_15_DriverIRQHandler
                0x0000000000000376                USDHC2_DriverIRQHandler
                0x0000000000000376                PWM4_2_DriverIRQHandler
                0x0000000000000376                CORE_DriverIRQHandler
                0x0000000000000376                DMA11_DMA27_DriverIRQHandler
                0x0000000000000376                CSI_DriverIRQHandler
                0x0000000000000376                PWM2_3_DriverIRQHandler
                0x0000000000000376                XBAR1_IRQ_2_3_DriverIRQHandler
                0x0000000000000376                SNVS_HP_WRAPPER_TZ_DriverIRQHandler
                0x0000000000000376                GPIO3_Combined_16_31_DriverIRQHandler
                0x0000000000000376                PWM1_FAULT_DriverIRQHandler
                0x0000000000000376                PWM2_2_DriverIRQHandler
                0x0000000000000376                DMA4_DMA20_DriverIRQHandler
                0x0000000000000376                DMA9_DMA25_DriverIRQHandler
                0x0000000000000376                SNVS_HP_WRAPPER_DriverIRQHandler
                0x0000000000000376                XBAR1_IRQ_0_1_DriverIRQHandler
                0x0000000000000376                ADC_ETC_IRQ1_DriverIRQHandler
                0x0000000000000376                LPSPI1_DriverIRQHandler
                0x0000000000000376                DMA3_DMA19_DriverIRQHandler
                0x0000000000000376                GPIO1_INT3_DriverIRQHandler
                0x0000000000000376                DCP_VMI_DriverIRQHandler
                0x0000000000000376                GPC_DriverIRQHandler
                0x0000000000000376                Reserved123_DriverIRQHandler
                0x0000000000000376                GPIO2_Combined_0_15_DriverIRQHandler
                0x0000000000000376                PWM1_2_DriverIRQHandler
                0x0000000000000376                USB_OTG1_DriverIRQHandler
                0x0000000000000376                TEMP_LOW_HIGH_DriverIRQHandler
                0x0000000000000376                WDOG2_DriverIRQHandler
                0x0000000000000376                Reserved68_DriverIRQHandler
                0x0000000000000376                PWM3_0_DriverIRQHandler
                0x0000000000000376                GPIO4_Combined_0_15_DriverIRQHandler
                0x0000000000000376                GPIO4_Combined_16_31_DriverIRQHandler
                0x0000000000000376                GPIO5_Combined_16_31_DriverIRQHandler
                0x0000000000000376                DMA5_DMA21_DriverIRQHandler
                0x0000000000000376                CCM_1_DriverIRQHandler
                0x0000000000000376                ADC2_DriverIRQHandler
                0x0000000000000376                Reserved115_DriverIRQHandler
                0x0000000000000376                TEMP_PANIC_DriverIRQHandler
                0x0000000000000376                DMA15_DMA31_DriverIRQHandler
                0x0000000000000376                LPSPI3_DriverIRQHandler
                0x0000000000000376                PWM1_3_DriverIRQHandler
                0x0000000000000376                ACMP1_DriverIRQHandler
                0x0000000000000376                Reserved86_DriverIRQHandler
                0x0000000000000376                DMA_ERROR_DriverIRQHandler
                0x0000000000000376                ADC_ETC_IRQ0_DriverIRQHandler
                0x0000000000000376                CAN1_DriverIRQHandler
                0x0000000000000376                GPIO1_INT6_DriverIRQHandler
                0x0000000000000376                GPIO1_INT1_DriverIRQHandler
                0x0000000000000376                PWM2_0_DriverIRQHandler
                0x0000000000000376                SNVS_LP_WRAPPER_DriverIRQHandler
                0x0000000000000376                USB_OTG2_DriverIRQHandler
 *(SORT_BY_ALIGNMENT(.text*))
 .text.DbgConsole_Init
                0x0000000000000378       0xf8 ./utilities/fsl_debug_console.o
                0x0000000000000378                DbgConsole_Init
 .text.CLOCK_SetMux
                0x0000000000000470       0x9c ./source_transfer/sai_interrupt_transfer.o
 .text.CLOCK_SetDiv
                0x000000000000050c       0x9c ./source_transfer/sai_interrupt_transfer.o
 .text.BOARD_EnableSaiMclkOutput
                0x00000000000005a8       0x3c ./source_transfer/sai_interrupt_transfer.o
                0x00000000000005a8                BOARD_EnableSaiMclkOutput
 .text.callback
                0x00000000000005e4       0x24 ./source_transfer/sai_interrupt_transfer.o
 .text.main     0x0000000000000608      0x174 ./source_transfer/sai_interrupt_transfer.o
                0x0000000000000608                main
 .text.CLOCK_GetOscFreq
                0x000000000000077c       0x30 ./drivers/fsl_clock.o
 .text.CLOCK_GetPeriphClkFreq
                0x00000000000007ac       0xe0 ./drivers/fsl_clock.o
 .text.CLOCK_InitExternalClk
                0x000000000000088c       0x6c ./drivers/fsl_clock.o
                0x000000000000088c                CLOCK_InitExternalClk
 .text.CLOCK_SwitchOsc
                0x00000000000008f8       0x34 ./drivers/fsl_clock.o
                0x00000000000008f8                CLOCK_SwitchOsc
 .text.CLOCK_InitRcOsc24M
                0x000000000000092c       0x24 ./drivers/fsl_clock.o
                0x000000000000092c                CLOCK_InitRcOsc24M
 .text.CLOCK_GetAhbFreq
                0x0000000000000950       0x24 ./drivers/fsl_clock.o
                0x0000000000000950                CLOCK_GetAhbFreq
 .text.CLOCK_GetSemcFreq
                0x0000000000000974       0x5c ./drivers/fsl_clock.o
                0x0000000000000974                CLOCK_GetSemcFreq
 .text.CLOCK_GetIpgFreq
                0x00000000000009d0       0x24 ./drivers/fsl_clock.o
                0x00000000000009d0                CLOCK_GetIpgFreq
 .text.CLOCK_GetPerClkFreq
                0x00000000000009f4       0x44 ./drivers/fsl_clock.o
                0x00000000000009f4                CLOCK_GetPerClkFreq
 .text.CLOCK_GetFreq
                0x0000000000000a38      0x170 ./drivers/fsl_clock.o
                0x0000000000000a38                CLOCK_GetFreq
 .text.CLOCK_InitArmPll
                0x0000000000000ba8       0x68 ./drivers/fsl_clock.o
                0x0000000000000ba8                CLOCK_InitArmPll
 .text.CLOCK_InitSysPll
                0x0000000000000c10       0x9c ./drivers/fsl_clock.o
                0x0000000000000c10                CLOCK_InitSysPll
 .text.CLOCK_DeinitUsb2Pll
                0x0000000000000cac       0x18 ./drivers/fsl_clock.o
                0x0000000000000cac                CLOCK_DeinitUsb2Pll
 .text.CLOCK_InitAudioPll
                0x0000000000000cc4      0x12c ./drivers/fsl_clock.o
                0x0000000000000cc4                CLOCK_InitAudioPll
 .text.CLOCK_DeinitAudioPll
                0x0000000000000df0       0x1c ./drivers/fsl_clock.o
                0x0000000000000df0                CLOCK_DeinitAudioPll
 .text.CLOCK_DeinitVideoPll
                0x0000000000000e0c       0x1c ./drivers/fsl_clock.o
                0x0000000000000e0c                CLOCK_DeinitVideoPll
 .text.CLOCK_DeinitEnetPll
                0x0000000000000e28       0x1c ./drivers/fsl_clock.o
                0x0000000000000e28                CLOCK_DeinitEnetPll
 .text.CLOCK_GetPllFreq
                0x0000000000000e44      0x2ec ./drivers/fsl_clock.o
                0x0000000000000e44                CLOCK_GetPllFreq
 .text.CLOCK_InitSysPfd
                0x0000000000001130       0x64 ./drivers/fsl_clock.o
                0x0000000000001130                CLOCK_InitSysPfd
 .text.CLOCK_GetSysPfdFreq
                0x0000000000001194       0xac ./drivers/fsl_clock.o
                0x0000000000001194                CLOCK_GetSysPfdFreq
 .text.CLOCK_GetUsb1PfdFreq
                0x0000000000001240       0xac ./drivers/fsl_clock.o
                0x0000000000001240                CLOCK_GetUsb1PfdFreq
 .text.CLOCK_ControlGate
                0x00000000000012ec       0x64 ./drivers/fsl_lpi2c.o
 .text.LPI2C_GetInstance
                0x0000000000001350       0x44 ./drivers/fsl_lpi2c.o
                0x0000000000001350                LPI2C_GetInstance
 .text.LPI2C_GetCyclesForWidth
                0x0000000000001394       0x9c ./drivers/fsl_lpi2c.o
 .text.LPI2C_MasterCheckAndClearError
                0x0000000000001430       0x8c ./drivers/fsl_lpi2c.o
                0x0000000000001430                LPI2C_MasterCheckAndClearError
 .text.LPI2C_MasterGetDefaultConfig
                0x00000000000014bc       0x6c ./drivers/fsl_lpi2c.o
                0x00000000000014bc                LPI2C_MasterGetDefaultConfig
 .text.LPI2C_MasterInit
                0x0000000000001528      0x1cc ./drivers/fsl_lpi2c.o
                0x0000000000001528                LPI2C_MasterInit
 .text.LPI2C_MasterSetBaudRate
                0x00000000000016f4      0x178 ./drivers/fsl_lpi2c.o
                0x00000000000016f4                LPI2C_MasterSetBaudRate
 .text.LPI2C_MasterReceive
                0x000000000000186c       0x98 ./drivers/fsl_lpi2c.o
                0x000000000000186c                LPI2C_MasterReceive
 .text.LPI2C_MasterSend
                0x0000000000001904       0x54 ./drivers/fsl_lpi2c.o
                0x0000000000001904                LPI2C_MasterSend
 .text.LPI2C_CommonIRQHandler
                0x0000000000001958       0x70 ./drivers/fsl_lpi2c.o
 .text.LPI2C1_DriverIRQHandler
                0x00000000000019c8       0x14 ./drivers/fsl_lpi2c.o
                0x00000000000019c8                LPI2C1_DriverIRQHandler
 .text.LPI2C2_DriverIRQHandler
                0x00000000000019dc       0x14 ./drivers/fsl_lpi2c.o
                0x00000000000019dc                LPI2C2_DriverIRQHandler
 .text.LPI2C3_DriverIRQHandler
                0x00000000000019f0       0x14 ./drivers/fsl_lpi2c.o
                0x00000000000019f0                LPI2C3_DriverIRQHandler
 .text.LPI2C4_DriverIRQHandler
                0x0000000000001a04       0x14 ./drivers/fsl_lpi2c.o
                0x0000000000001a04                LPI2C4_DriverIRQHandler
 .text.CLOCK_ControlGate
                0x0000000000001a18       0x64 ./drivers/fsl_lpuart.o
 .text.LPUART_GetInstance
                0x0000000000001a7c       0x4c ./drivers/fsl_lpuart.o
                0x0000000000001a7c                LPUART_GetInstance
 .text.LPUART_Init
                0x0000000000001ac8      0x304 ./drivers/fsl_lpuart.o
                0x0000000000001ac8                LPUART_Init
 .text.LPUART_GetDefaultConfig
                0x0000000000001dcc       0x88 ./drivers/fsl_lpuart.o
                0x0000000000001dcc                LPUART_GetDefaultConfig
 .text.LPUART1_DriverIRQHandler
                0x0000000000001e54       0x24 ./drivers/fsl_lpuart.o
                0x0000000000001e54                LPUART1_DriverIRQHandler
 .text.LPUART2_DriverIRQHandler
                0x0000000000001e78       0x24 ./drivers/fsl_lpuart.o
                0x0000000000001e78                LPUART2_DriverIRQHandler
 .text.LPUART3_DriverIRQHandler
                0x0000000000001e9c       0x24 ./drivers/fsl_lpuart.o
                0x0000000000001e9c                LPUART3_DriverIRQHandler
 .text.LPUART4_DriverIRQHandler
                0x0000000000001ec0       0x24 ./drivers/fsl_lpuart.o
                0x0000000000001ec0                LPUART4_DriverIRQHandler
 .text.LPUART5_DriverIRQHandler
                0x0000000000001ee4       0x24 ./drivers/fsl_lpuart.o
                0x0000000000001ee4                LPUART5_DriverIRQHandler
 .text.LPUART6_DriverIRQHandler
                0x0000000000001f08       0x24 ./drivers/fsl_lpuart.o
                0x0000000000001f08                LPUART6_DriverIRQHandler
 .text.LPUART7_DriverIRQHandler
                0x0000000000001f2c       0x24 ./drivers/fsl_lpuart.o
                0x0000000000001f2c                LPUART7_DriverIRQHandler
 .text.LPUART8_DriverIRQHandler
                0x0000000000001f50       0x24 ./drivers/fsl_lpuart.o
                0x0000000000001f50                LPUART8_DriverIRQHandler
 .text.__NVIC_EnableIRQ
                0x0000000000001f74       0x3c ./drivers/fsl_sai.o
 .text.CLOCK_ControlGate
                0x0000000000001fb0       0x64 ./drivers/fsl_sai.o
 .text.SAI_GetInstance
                0x0000000000002014       0x4c ./drivers/fsl_sai.o
 .text.SAI_TxInit
                0x0000000000002060      0x208 ./drivers/fsl_sai.o
                0x0000000000002060                SAI_TxInit
 .text.SAI_TxEnable
                0x0000000000002268       0x78 ./drivers/fsl_sai.o
                0x0000000000002268                SAI_TxEnable
 .text.SAI_TxSetFormat
                0x00000000000022e0      0x214 ./drivers/fsl_sai.o
                0x00000000000022e0                SAI_TxSetFormat
 .text.SAI_TransferTxCreateHandle
                0x00000000000024f4       0x7c ./drivers/fsl_sai.o
                0x00000000000024f4                SAI_TransferTxCreateHandle
 .text.SAI_TransferTxSetFormat
                0x0000000000002570       0x78 ./drivers/fsl_sai.o
                0x0000000000002570                SAI_TransferTxSetFormat
 .text.SAI_TransferSendNonBlocking
                0x00000000000025e8       0xc0 ./drivers/fsl_sai.o
                0x00000000000025e8                SAI_TransferSendNonBlocking
 .text.SAI_TransferAbortSend
                0x00000000000026a8       0x58 ./drivers/fsl_sai.o
                0x00000000000026a8                SAI_TransferAbortSend
 .text.SAI_TransferTxHandleIRQ
                0x0000000000002700      0x1d8 ./drivers/fsl_sai.o
                0x0000000000002700                SAI_TransferTxHandleIRQ
 .text.SAI1_DriverIRQHandler
                0x00000000000028d8       0xac ./drivers/fsl_sai.o
                0x00000000000028d8                SAI1_DriverIRQHandler
 .text.SAI2_DriverIRQHandler
                0x0000000000002984       0xac ./drivers/fsl_sai.o
                0x0000000000002984                SAI2_DriverIRQHandler
 .text.SAI3_TX_DriverIRQHandler
                0x0000000000002a30       0x34 ./drivers/fsl_sai.o
                0x0000000000002a30                SAI3_TX_DriverIRQHandler
 .text.SAI3_RX_DriverIRQHandler
                0x0000000000002a64       0x34 ./drivers/fsl_sai.o
                0x0000000000002a64                SAI3_RX_DriverIRQHandler
 .text.SCB_EnableICache
                0x0000000000002a98       0x40 ./device/system_MIMXRT1052.o
 .text.SCB_EnableDCache
                0x0000000000002ad8       0x80 ./device/system_MIMXRT1052.o
 .text.SystemInit
                0x0000000000002b58       0xf4 ./device/system_MIMXRT1052.o
                0x0000000000002b58                SystemInit
 .text.HAL_UartInit
                0x0000000000002c4c      0x100 ./component/uart/lpuart_adapter.o
                0x0000000000002c4c                HAL_UartInit
 .text.SerialManager_Init
                0x0000000000002d4c       0x74 ./component/serial_manager/serial_manager.o
                0x0000000000002d4c                SerialManager_Init
 .text.SerialManager_OpenWriteHandle
                0x0000000000002dc0       0x58 ./component/serial_manager/serial_manager.o
                0x0000000000002dc0                SerialManager_OpenWriteHandle
 .text.SerialManager_OpenReadHandle
                0x0000000000002e18       0x60 ./component/serial_manager/serial_manager.o
                0x0000000000002e18                SerialManager_OpenReadHandle
 .text.Serial_UartInit
                0x0000000000002e78       0x80 ./component/serial_manager/serial_port_uart.o
                0x0000000000002e78                Serial_UartInit
 .text.WM8960_Init
                0x0000000000002ef8      0x1c4 ./codec/fsl_wm8960.o
                0x0000000000002ef8                WM8960_Init
 .text.WM8960_SetModule
                0x00000000000030bc      0x19c ./codec/fsl_wm8960.o
                0x00000000000030bc                WM8960_SetModule
 .text.WM8960_SetDataRoute
                0x0000000000003258      0x114 ./codec/fsl_wm8960.o
                0x0000000000003258                WM8960_SetDataRoute
 .text.WM8960_SetLeftInput
                0x000000000000336c      0x1a0 ./codec/fsl_wm8960.o
                0x000000000000336c                WM8960_SetLeftInput
 .text.WM8960_SetRightInput
                0x000000000000350c      0x1a0 ./codec/fsl_wm8960.o
                0x000000000000350c                WM8960_SetRightInput
 .text.WM8960_SetProtocol
                0x00000000000036ac       0xac ./codec/fsl_wm8960.o
                0x00000000000036ac                WM8960_SetProtocol
 .text.WM8960_ConfigDataFormat
                0x0000000000003758      0x1f4 ./codec/fsl_wm8960.o
                0x0000000000003758                WM8960_ConfigDataFormat
 .text.WM8960_WriteReg
                0x000000000000394c       0x6c ./codec/fsl_wm8960.o
                0x000000000000394c                WM8960_WriteReg
 .text.WM8960_ReadReg
                0x00000000000039b8       0x34 ./codec/fsl_wm8960.o
                0x00000000000039b8                WM8960_ReadReg
 .text.ARM_MPU_Enable
                0x00000000000039ec       0x3c ./board/board.o
 .text.ARM_MPU_Disable
                0x0000000000003a28       0x38 ./board/board.o
 .text.SCB_EnableICache
                0x0000000000003a60       0x40 ./board/board.o
 .text.SCB_DisableICache
                0x0000000000003aa0       0x38 ./board/board.o
 .text.SCB_EnableDCache
                0x0000000000003ad8       0x80 ./board/board.o
 .text.SCB_DisableDCache
                0x0000000000003b58       0x68 ./board/board.o
 .text.CLOCK_GetMux
                0x0000000000003bc0       0x44 ./board/board.o
 .text.CLOCK_GetDiv
                0x0000000000003c04       0x44 ./board/board.o
 .text.CLOCK_GetOscFreq
                0x0000000000003c48       0x30 ./board/board.o
 .text.BOARD_DebugConsoleSrcFreq
                0x0000000000003c78       0x64 ./board/board.o
                0x0000000000003c78                BOARD_DebugConsoleSrcFreq
 .text.BOARD_Codec_I2C_Init
                0x0000000000003cdc       0x28 ./board/board.o
                0x0000000000003cdc                BOARD_Codec_I2C_Init
 .text.BOARD_Codec_I2C_Send
                0x0000000000003d04       0x38 ./board/board.o
                0x0000000000003d04                BOARD_Codec_I2C_Send
 .text.BOARD_Codec_I2C_Receive
                0x0000000000003d3c       0x38 ./board/board.o
                0x0000000000003d3c                BOARD_Codec_I2C_Receive
 .text.BOARD_ConfigMPU
                0x0000000000003d74       0xec ./board/board.o
                0x0000000000003d74                BOARD_ConfigMPU
 .text.CLOCK_SetMux
                0x0000000000003e60       0x9c ./board/clock_config.o
 .text.CLOCK_SetDiv
                0x0000000000003efc       0x9c ./board/clock_config.o
 .text.CLOCK_ControlGate
                0x0000000000003f98       0x64 ./board/clock_config.o
 .text.CLOCK_SetXtalFreq
                0x0000000000003ffc       0x20 ./board/clock_config.o
 .text.CLOCK_SetRtcXtalFreq
                0x000000000000401c       0x20 ./board/clock_config.o
 .text.IOMUXC_EnableMode
                0x000000000000403c       0x48 ./board/clock_config.o
 .text.IOMUXC_MQSConfig
                0x0000000000004084       0x44 ./board/clock_config.o
 .text.BOARD_BootClockRUN
                0x00000000000040c8      0x628 ./board/clock_config.o
                0x00000000000040c8                BOARD_BootClockRUN
 .text.CLOCK_ControlGate
                0x00000000000046f0       0x64 ./board/pin_mux.o
 .text.BOARD_InitPins
                0x0000000000004754      0x1b8 ./board/pin_mux.o
                0x0000000000004754                BOARD_InitPins
 .text.__assertion_failed
                0x000000000000490c       0x4c /usr/local/mcuxpressoide-10.3.1_2233/ide/plugins/com.nxp.mcuxpresso.tools.linux_10.3.0.201811011841/tools/bin/../lib/gcc/arm-none-eabi/7.3.1/../../../../arm-none-eabi/lib/thumb/v7e-m/fpv5/hard/libcr_semihost_nf.a(_cr_assert.o)
                0x000000000000490c                __assertion_failed
 .text.__sys_appexit
                0x0000000000004958        0xc /usr/local/mcuxpressoide-10.3.1_2233/ide/plugins/com.nxp.mcuxpresso.tools.linux_10.3.0.201811011841/tools/bin/../lib/gcc/arm-none-eabi/7.3.1/../../../../arm-none-eabi/lib/thumb/v7e-m/fpv5/hard/libcr_semihost_nf.a(__sys_appexit.o)
                0x0000000000004958                __exit
                0x0000000000004958                __sys_appexit
 .text._Cwritebuf
                0x0000000000004964       0x6c /usr/local/mcuxpressoide-10.3.1_2233/ide/plugins/com.nxp.mcuxpresso.tools.linux_10.3.0.201811011841/tools/bin/../lib/gcc/arm-none-eabi/7.3.1/../../../../arm-none-eabi/lib/thumb/v7e-m/fpv5/hard/libcr_c.a(_writebuf.o)
                0x0000000000004964                _Cwritebuf
 .text.malloc   0x00000000000049d0       0xc8 /usr/local/mcuxpressoide-10.3.1_2233/ide/plugins/com.nxp.mcuxpresso.tools.linux_10.3.0.201811011841/tools/bin/../lib/gcc/arm-none-eabi/7.3.1/../../../../arm-none-eabi/lib/thumb/v7e-m/fpv5/hard/libcr_c.a(alloc.o)
                0x00000000000049d0                malloc
 .text._Csys_alloc
                0x0000000000004a98       0x20 /usr/local/mcuxpressoide-10.3.1_2233/ide/plugins/com.nxp.mcuxpresso.tools.linux_10.3.0.201811011841/tools/bin/../lib/gcc/arm-none-eabi/7.3.1/../../../../arm-none-eabi/lib/thumb/v7e-m/fpv5/hard/libcr_c.a(alloc.o)
                0x0000000000004a98                _Csys_alloc
 .text.fseek    0x0000000000004ab8      0x100 /usr/local/mcuxpressoide-10.3.1_2233/ide/plugins/com.nxp.mcuxpresso.tools.linux_10.3.0.201811011841/tools/bin/../lib/gcc/arm-none-eabi/7.3.1/../../../../arm-none-eabi/lib/thumb/v7e-m/fpv5/hard/libcr_c.a(fseek.o)
                0x0000000000004ab8                fseek
 .text.ftell    0x0000000000004bb8       0x44 /usr/local/mcuxpressoide-10.3.1_2233/ide/plugins/com.nxp.mcuxpresso.tools.linux_10.3.0.201811011841/tools/bin/../lib/gcc/arm-none-eabi/7.3.1/../../../../arm-none-eabi/lib/thumb/v7e-m/fpv5/hard/libcr_c.a(ftell.o)
                0x0000000000004bb8                ftell
 .text._initio  0x0000000000004bfc       0x78 /usr/local/mcuxpressoide-10.3.1_2233/ide/plugins/com.nxp.mcuxpresso.tools.linux_10.3.0.201811011841/tools/bin/../lib/gcc/arm-none-eabi/7.3.1/../../../../arm-none-eabi/lib/thumb/v7e-m/fpv5/hard/libcr_c.a(initio.o)
                0x0000000000004bfc                _initio
 .text.__vfprintf
                0x0000000000004c74      0xb84 /usr/local/mcuxpressoide-10.3.1_2233/ide/plugins/com.nxp.mcuxpresso.tools.linux_10.3.0.201811011841/tools/bin/../lib/gcc/arm-none-eabi/7.3.1/../../../../arm-none-eabi/lib/thumb/v7e-m/fpv5/hard/libcr_c.a(printf.o)
                0x0000000000004c74                __vfprintf
 .text._vsnprintf
                0x00000000000057f8       0x68 /usr/local/mcuxpressoide-10.3.1_2233/ide/plugins/com.nxp.mcuxpresso.tools.linux_10.3.0.201811011841/tools/bin/../lib/gcc/arm-none-eabi/7.3.1/../../../../arm-none-eabi/lib/thumb/v7e-m/fpv5/hard/libcr_c.a(printf.o)
                0x00000000000057f8                _vsnprintf
 .text._printf  0x0000000000005860       0x54 /usr/local/mcuxpressoide-10.3.1_2233/ide/plugins/com.nxp.mcuxpresso.tools.linux_10.3.0.201811011841/tools/bin/../lib/gcc/arm-none-eabi/7.3.1/../../../../arm-none-eabi/lib/thumb/v7e-m/fpv5/hard/libcr_c.a(printf.o)
                0x0000000000005860                _printf
 .text.setvbuf  0x00000000000058b4       0x40 /usr/local/mcuxpressoide-10.3.1_2233/ide/plugins/com.nxp.mcuxpresso.tools.linux_10.3.0.201811011841/tools/bin/../lib/gcc/arm-none-eabi/7.3.1/../../../../arm-none-eabi/lib/thumb/v7e-m/fpv5/hard/libcr_c.a(setvbuf.o)
                0x00000000000058b4                setvbuf
 .text._sbrk    0x00000000000058f4       0x3c /usr/local/mcuxpressoide-10.3.1_2233/ide/plugins/com.nxp.mcuxpresso.tools.linux_10.3.0.201811011841/tools/bin/../lib/gcc/arm-none-eabi/7.3.1/../../../../arm-none-eabi/lib/thumb/v7e-m/fpv5/hard/libcr_c.a(_cr_sbrk.o)
                0x00000000000058f4                _sbrk
 .text.fflush   0x0000000000005930       0x44 /usr/local/mcuxpressoide-10.3.1_2233/ide/plugins/com.nxp.mcuxpresso.tools.linux_10.3.0.201811011841/tools/bin/../lib/gcc/arm-none-eabi/7.3.1/../../../../arm-none-eabi/lib/thumb/v7e-m/fpv5/hard/libcr_c.a(fflush.o)
                0x0000000000005930                fflush
 .text.__check_heap_overflow
                0x0000000000005974       0x18 /usr/local/mcuxpressoide-10.3.1_2233/ide/plugins/com.nxp.mcuxpresso.tools.linux_10.3.0.201811011841/tools/bin/../lib/gcc/arm-none-eabi/7.3.1/../../../../arm-none-eabi/lib/thumb/v7e-m/fpv5/hard/libcr_c.a(_cr_check_heap.o)
                0x0000000000005974                __check_heap_overflow
 .text.DMA0_DMA16_IRQHandler
                0x000000000000598c        0x8 ./startup/startup_mimxrt1052.o
                0x000000000000598c                DMA0_DMA16_IRQHandler
 .text.DMA1_DMA17_IRQHandler
                0x0000000000005994        0x8 ./startup/startup_mimxrt1052.o
                0x0000000000005994                DMA1_DMA17_IRQHandler
 .text.DMA2_DMA18_IRQHandler
                0x000000000000599c        0x8 ./startup/startup_mimxrt1052.o
                0x000000000000599c                DMA2_DMA18_IRQHandler
 .text.DMA3_DMA19_IRQHandler
                0x00000000000059a4        0x8 ./startup/startup_mimxrt1052.o
                0x00000000000059a4                DMA3_DMA19_IRQHandler
 .text.DMA4_DMA20_IRQHandler
                0x00000000000059ac        0x8 ./startup/startup_mimxrt1052.o
                0x00000000000059ac                DMA4_DMA20_IRQHandler
 .text.DMA5_DMA21_IRQHandler
                0x00000000000059b4        0x8 ./startup/startup_mimxrt1052.o
                0x00000000000059b4                DMA5_DMA21_IRQHandler
 .text.DMA6_DMA22_IRQHandler
                0x00000000000059bc        0x8 ./startup/startup_mimxrt1052.o
                0x00000000000059bc                DMA6_DMA22_IRQHandler
 .text.DMA7_DMA23_IRQHandler
                0x00000000000059c4        0x8 ./startup/startup_mimxrt1052.o
                0x00000000000059c4                DMA7_DMA23_IRQHandler
 .text.DMA8_DMA24_IRQHandler
                0x00000000000059cc        0x8 ./startup/startup_mimxrt1052.o
                0x00000000000059cc                DMA8_DMA24_IRQHandler
 .text.DMA9_DMA25_IRQHandler
                0x00000000000059d4        0x8 ./startup/startup_mimxrt1052.o
                0x00000000000059d4                DMA9_DMA25_IRQHandler
 .text.DMA10_DMA26_IRQHandler
                0x00000000000059dc        0x8 ./startup/startup_mimxrt1052.o
                0x00000000000059dc                DMA10_DMA26_IRQHandler
 .text.DMA11_DMA27_IRQHandler
                0x00000000000059e4        0x8 ./startup/startup_mimxrt1052.o
                0x00000000000059e4                DMA11_DMA27_IRQHandler
 .text.DMA12_DMA28_IRQHandler
                0x00000000000059ec        0x8 ./startup/startup_mimxrt1052.o
                0x00000000000059ec                DMA12_DMA28_IRQHandler
 .text.DMA13_DMA29_IRQHandler
                0x00000000000059f4        0x8 ./startup/startup_mimxrt1052.o
                0x00000000000059f4                DMA13_DMA29_IRQHandler
 .text.DMA14_DMA30_IRQHandler
                0x00000000000059fc        0x8 ./startup/startup_mimxrt1052.o
                0x00000000000059fc                DMA14_DMA30_IRQHandler
 .text.DMA15_DMA31_IRQHandler
                0x0000000000005a04        0x8 ./startup/startup_mimxrt1052.o
                0x0000000000005a04                DMA15_DMA31_IRQHandler
 .text.DMA_ERROR_IRQHandler
                0x0000000000005a0c        0x8 ./startup/startup_mimxrt1052.o
                0x0000000000005a0c                DMA_ERROR_IRQHandler
 .text.CTI0_ERROR_IRQHandler
                0x0000000000005a14        0x8 ./startup/startup_mimxrt1052.o
                0x0000000000005a14                CTI0_ERROR_IRQHandler
 .text.CTI1_ERROR_IRQHandler
                0x0000000000005a1c        0x8 ./startup/startup_mimxrt1052.o
                0x0000000000005a1c                CTI1_ERROR_IRQHandler
 .text.CORE_IRQHandler
                0x0000000000005a24        0x8 ./startup/startup_mimxrt1052.o
                0x0000000000005a24                CORE_IRQHandler
 .text.LPUART1_IRQHandler
                0x0000000000005a2c        0x8 ./startup/startup_mimxrt1052.o
                0x0000000000005a2c                LPUART1_IRQHandler
 .text.LPUART2_IRQHandler
                0x0000000000005a34        0x8 ./startup/startup_mimxrt1052.o
                0x0000000000005a34                LPUART2_IRQHandler
 .text.LPUART3_IRQHandler
                0x0000000000005a3c        0x8 ./startup/startup_mimxrt1052.o
                0x0000000000005a3c                LPUART3_IRQHandler
 .text.LPUART4_IRQHandler
                0x0000000000005a44        0x8 ./startup/startup_mimxrt1052.o
                0x0000000000005a44                LPUART4_IRQHandler
 .text.LPUART5_IRQHandler
                0x0000000000005a4c        0x8 ./startup/startup_mimxrt1052.o
                0x0000000000005a4c                LPUART5_IRQHandler
 .text.LPUART6_IRQHandler
                0x0000000000005a54        0x8 ./startup/startup_mimxrt1052.o
                0x0000000000005a54                LPUART6_IRQHandler
 .text.LPUART7_IRQHandler
                0x0000000000005a5c        0x8 ./startup/startup_mimxrt1052.o
                0x0000000000005a5c                LPUART7_IRQHandler
 .text.LPUART8_IRQHandler
                0x0000000000005a64        0x8 ./startup/startup_mimxrt1052.o
                0x0000000000005a64                LPUART8_IRQHandler
 .text.LPI2C1_IRQHandler
                0x0000000000005a6c        0x8 ./startup/startup_mimxrt1052.o
                0x0000000000005a6c                LPI2C1_IRQHandler
 .text.LPI2C2_IRQHandler
                0x0000000000005a74        0x8 ./startup/startup_mimxrt1052.o
                0x0000000000005a74                LPI2C2_IRQHandler
 .text.LPI2C3_IRQHandler
                0x0000000000005a7c        0x8 ./startup/startup_mimxrt1052.o
                0x0000000000005a7c                LPI2C3_IRQHandler
 .text.LPI2C4_IRQHandler
                0x0000000000005a84        0x8 ./startup/startup_mimxrt1052.o
                0x0000000000005a84                LPI2C4_IRQHandler
 .text.LPSPI1_IRQHandler
                0x0000000000005a8c        0x8 ./startup/startup_mimxrt1052.o
                0x0000000000005a8c                LPSPI1_IRQHandler
 .text.LPSPI2_IRQHandler
                0x0000000000005a94        0x8 ./startup/startup_mimxrt1052.o
                0x0000000000005a94                LPSPI2_IRQHandler
 .text.LPSPI3_IRQHandler
                0x0000000000005a9c        0x8 ./startup/startup_mimxrt1052.o
                0x0000000000005a9c                LPSPI3_IRQHandler
 .text.LPSPI4_IRQHandler
                0x0000000000005aa4        0x8 ./startup/startup_mimxrt1052.o
                0x0000000000005aa4                LPSPI4_IRQHandler
 .text.CAN1_IRQHandler
                0x0000000000005aac        0x8 ./startup/startup_mimxrt1052.o
                0x0000000000005aac                CAN1_IRQHandler
 .text.CAN2_IRQHandler
                0x0000000000005ab4        0x8 ./startup/startup_mimxrt1052.o
                0x0000000000005ab4                CAN2_IRQHandler
 .text.FLEXRAM_IRQHandler
                0x0000000000005abc        0x8 ./startup/startup_mimxrt1052.o
                0x0000000000005abc                FLEXRAM_IRQHandler
 .text.KPP_IRQHandler
                0x0000000000005ac4        0x8 ./startup/startup_mimxrt1052.o
                0x0000000000005ac4                KPP_IRQHandler
 .text.TSC_DIG_IRQHandler
                0x0000000000005acc        0x8 ./startup/startup_mimxrt1052.o
                0x0000000000005acc                TSC_DIG_IRQHandler
 .text.GPR_IRQ_IRQHandler
                0x0000000000005ad4        0x8 ./startup/startup_mimxrt1052.o
                0x0000000000005ad4                GPR_IRQ_IRQHandler
 .text.LCDIF_IRQHandler
                0x0000000000005adc        0x8 ./startup/startup_mimxrt1052.o
                0x0000000000005adc                LCDIF_IRQHandler
 .text.CSI_IRQHandler
                0x0000000000005ae4        0x8 ./startup/startup_mimxrt1052.o
                0x0000000000005ae4                CSI_IRQHandler
 .text.PXP_IRQHandler
                0x0000000000005aec        0x8 ./startup/startup_mimxrt1052.o
                0x0000000000005aec                PXP_IRQHandler
 .text.WDOG2_IRQHandler
                0x0000000000005af4        0x8 ./startup/startup_mimxrt1052.o
                0x0000000000005af4                WDOG2_IRQHandler
 .text.SNVS_HP_WRAPPER_IRQHandler
                0x0000000000005afc        0x8 ./startup/startup_mimxrt1052.o
                0x0000000000005afc                SNVS_HP_WRAPPER_IRQHandler
 .text.SNVS_HP_WRAPPER_TZ_IRQHandler
                0x0000000000005b04        0x8 ./startup/startup_mimxrt1052.o
                0x0000000000005b04                SNVS_HP_WRAPPER_TZ_IRQHandler
 .text.SNVS_LP_WRAPPER_IRQHandler
                0x0000000000005b0c        0x8 ./startup/startup_mimxrt1052.o
                0x0000000000005b0c                SNVS_LP_WRAPPER_IRQHandler
 .text.CSU_IRQHandler
                0x0000000000005b14        0x8 ./startup/startup_mimxrt1052.o
                0x0000000000005b14                CSU_IRQHandler
 .text.DCP_IRQHandler
                0x0000000000005b1c        0x8 ./startup/startup_mimxrt1052.o
                0x0000000000005b1c                DCP_IRQHandler
 .text.DCP_VMI_IRQHandler
                0x0000000000005b24        0x8 ./startup/startup_mimxrt1052.o
                0x0000000000005b24                DCP_VMI_IRQHandler
 .text.Reserved68_IRQHandler
                0x0000000000005b2c        0x8 ./startup/startup_mimxrt1052.o
                0x0000000000005b2c                Reserved68_IRQHandler
 .text.TRNG_IRQHandler
                0x0000000000005b34        0x8 ./startup/startup_mimxrt1052.o
                0x0000000000005b34                TRNG_IRQHandler
 .text.SJC_IRQHandler
                0x0000000000005b3c        0x8 ./startup/startup_mimxrt1052.o
                0x0000000000005b3c                SJC_IRQHandler
 .text.BEE_IRQHandler
                0x0000000000005b44        0x8 ./startup/startup_mimxrt1052.o
                0x0000000000005b44                BEE_IRQHandler
 .text.SAI1_IRQHandler
                0x0000000000005b4c        0x8 ./startup/startup_mimxrt1052.o
                0x0000000000005b4c                SAI1_IRQHandler
 .text.SAI2_IRQHandler
                0x0000000000005b54        0x8 ./startup/startup_mimxrt1052.o
                0x0000000000005b54                SAI2_IRQHandler
 .text.SAI3_RX_IRQHandler
                0x0000000000005b5c        0x8 ./startup/startup_mimxrt1052.o
                0x0000000000005b5c                SAI3_RX_IRQHandler
 .text.SAI3_TX_IRQHandler
                0x0000000000005b64        0x8 ./startup/startup_mimxrt1052.o
                0x0000000000005b64                SAI3_TX_IRQHandler
 .text.SPDIF_IRQHandler
                0x0000000000005b6c        0x8 ./startup/startup_mimxrt1052.o
                0x0000000000005b6c                SPDIF_IRQHandler
 .text.PMU_EVENT_IRQHandler
                0x0000000000005b74        0x8 ./startup/startup_mimxrt1052.o
                0x0000000000005b74                PMU_EVENT_IRQHandler
 .text.Reserved78_IRQHandler
                0x0000000000005b7c        0x8 ./startup/startup_mimxrt1052.o
                0x0000000000005b7c                Reserved78_IRQHandler
 .text.TEMP_LOW_HIGH_IRQHandler
                0x0000000000005b84        0x8 ./startup/startup_mimxrt1052.o
                0x0000000000005b84                TEMP_LOW_HIGH_IRQHandler
 .text.TEMP_PANIC_IRQHandler
                0x0000000000005b8c        0x8 ./startup/startup_mimxrt1052.o
                0x0000000000005b8c                TEMP_PANIC_IRQHandler
 .text.USB_PHY1_IRQHandler
                0x0000000000005b94        0x8 ./startup/startup_mimxrt1052.o
                0x0000000000005b94                USB_PHY1_IRQHandler
 .text.USB_PHY2_IRQHandler
                0x0000000000005b9c        0x8 ./startup/startup_mimxrt1052.o
                0x0000000000005b9c                USB_PHY2_IRQHandler
 .text.ADC1_IRQHandler
                0x0000000000005ba4        0x8 ./startup/startup_mimxrt1052.o
                0x0000000000005ba4                ADC1_IRQHandler
 .text.ADC2_IRQHandler
                0x0000000000005bac        0x8 ./startup/startup_mimxrt1052.o
                0x0000000000005bac                ADC2_IRQHandler
 .text.DCDC_IRQHandler
                0x0000000000005bb4        0x8 ./startup/startup_mimxrt1052.o
                0x0000000000005bb4                DCDC_IRQHandler
 .text.Reserved86_IRQHandler
                0x0000000000005bbc        0x8 ./startup/startup_mimxrt1052.o
                0x0000000000005bbc                Reserved86_IRQHandler
 .text.Reserved87_IRQHandler
                0x0000000000005bc4        0x8 ./startup/startup_mimxrt1052.o
                0x0000000000005bc4                Reserved87_IRQHandler
 .text.GPIO1_INT0_IRQHandler
                0x0000000000005bcc        0x8 ./startup/startup_mimxrt1052.o
                0x0000000000005bcc                GPIO1_INT0_IRQHandler
 .text.GPIO1_INT1_IRQHandler
                0x0000000000005bd4        0x8 ./startup/startup_mimxrt1052.o
                0x0000000000005bd4                GPIO1_INT1_IRQHandler
 .text.GPIO1_INT2_IRQHandler
                0x0000000000005bdc        0x8 ./startup/startup_mimxrt1052.o
                0x0000000000005bdc                GPIO1_INT2_IRQHandler
 .text.GPIO1_INT3_IRQHandler
                0x0000000000005be4        0x8 ./startup/startup_mimxrt1052.o
                0x0000000000005be4                GPIO1_INT3_IRQHandler
 .text.GPIO1_INT4_IRQHandler
                0x0000000000005bec        0x8 ./startup/startup_mimxrt1052.o
                0x0000000000005bec                GPIO1_INT4_IRQHandler
 .text.GPIO1_INT5_IRQHandler
                0x0000000000005bf4        0x8 ./startup/startup_mimxrt1052.o
                0x0000000000005bf4                GPIO1_INT5_IRQHandler
 .text.GPIO1_INT6_IRQHandler
                0x0000000000005bfc        0x8 ./startup/startup_mimxrt1052.o
                0x0000000000005bfc                GPIO1_INT6_IRQHandler
 .text.GPIO1_INT7_IRQHandler
                0x0000000000005c04        0x8 ./startup/startup_mimxrt1052.o
                0x0000000000005c04                GPIO1_INT7_IRQHandler
 .text.GPIO1_Combined_0_15_IRQHandler
                0x0000000000005c0c        0x8 ./startup/startup_mimxrt1052.o
                0x0000000000005c0c                GPIO1_Combined_0_15_IRQHandler
 .text.GPIO1_Combined_16_31_IRQHandler
                0x0000000000005c14        0x8 ./startup/startup_mimxrt1052.o
                0x0000000000005c14                GPIO1_Combined_16_31_IRQHandler
 .text.GPIO2_Combined_0_15_IRQHandler
                0x0000000000005c1c        0x8 ./startup/startup_mimxrt1052.o
                0x0000000000005c1c                GPIO2_Combined_0_15_IRQHandler
 .text.GPIO2_Combined_16_31_IRQHandler
                0x0000000000005c24        0x8 ./startup/startup_mimxrt1052.o
                0x0000000000005c24                GPIO2_Combined_16_31_IRQHandler
 .text.GPIO3_Combined_0_15_IRQHandler
                0x0000000000005c2c        0x8 ./startup/startup_mimxrt1052.o
                0x0000000000005c2c                GPIO3_Combined_0_15_IRQHandler
 .text.GPIO3_Combined_16_31_IRQHandler
                0x0000000000005c34        0x8 ./startup/startup_mimxrt1052.o
                0x0000000000005c34                GPIO3_Combined_16_31_IRQHandler
 .text.GPIO4_Combined_0_15_IRQHandler
                0x0000000000005c3c        0x8 ./startup/startup_mimxrt1052.o
                0x0000000000005c3c                GPIO4_Combined_0_15_IRQHandler
 .text.GPIO4_Combined_16_31_IRQHandler
                0x0000000000005c44        0x8 ./startup/startup_mimxrt1052.o
                0x0000000000005c44                GPIO4_Combined_16_31_IRQHandler
 .text.GPIO5_Combined_0_15_IRQHandler
                0x0000000000005c4c        0x8 ./startup/startup_mimxrt1052.o
                0x0000000000005c4c                GPIO5_Combined_0_15_IRQHandler
 .text.GPIO5_Combined_16_31_IRQHandler
                0x0000000000005c54        0x8 ./startup/startup_mimxrt1052.o
                0x0000000000005c54                GPIO5_Combined_16_31_IRQHandler
 .text.FLEXIO1_IRQHandler
                0x0000000000005c5c        0x8 ./startup/startup_mimxrt1052.o
                0x0000000000005c5c                FLEXIO1_IRQHandler
 .text.FLEXIO2_IRQHandler
                0x0000000000005c64        0x8 ./startup/startup_mimxrt1052.o
                0x0000000000005c64                FLEXIO2_IRQHandler
 .text.WDOG1_IRQHandler
                0x0000000000005c6c        0x8 ./startup/startup_mimxrt1052.o
                0x0000000000005c6c                WDOG1_IRQHandler
 .text.RTWDOG_IRQHandler
                0x0000000000005c74        0x8 ./startup/startup_mimxrt1052.o
                0x0000000000005c74                RTWDOG_IRQHandler
 .text.EWM_IRQHandler
                0x0000000000005c7c        0x8 ./startup/startup_mimxrt1052.o
                0x0000000000005c7c                EWM_IRQHandler
 .text.CCM_1_IRQHandler
                0x0000000000005c84        0x8 ./startup/startup_mimxrt1052.o
                0x0000000000005c84                CCM_1_IRQHandler
 .text.CCM_2_IRQHandler
                0x0000000000005c8c        0x8 ./startup/startup_mimxrt1052.o
                0x0000000000005c8c                CCM_2_IRQHandler
 .text.GPC_IRQHandler
                0x0000000000005c94        0x8 ./startup/startup_mimxrt1052.o
                0x0000000000005c94                GPC_IRQHandler
 .text.SRC_IRQHandler
                0x0000000000005c9c        0x8 ./startup/startup_mimxrt1052.o
                0x0000000000005c9c                SRC_IRQHandler
 .text.Reserved115_IRQHandler
                0x0000000000005ca4        0x8 ./startup/startup_mimxrt1052.o
                0x0000000000005ca4                Reserved115_IRQHandler
 .text.GPT1_IRQHandler
                0x0000000000005cac        0x8 ./startup/startup_mimxrt1052.o
                0x0000000000005cac                GPT1_IRQHandler
 .text.GPT2_IRQHandler
                0x0000000000005cb4        0x8 ./startup/startup_mimxrt1052.o
                0x0000000000005cb4                GPT2_IRQHandler
 .text.PWM1_0_IRQHandler
                0x0000000000005cbc        0x8 ./startup/startup_mimxrt1052.o
                0x0000000000005cbc                PWM1_0_IRQHandler
 .text.PWM1_1_IRQHandler
                0x0000000000005cc4        0x8 ./startup/startup_mimxrt1052.o
                0x0000000000005cc4                PWM1_1_IRQHandler
 .text.PWM1_2_IRQHandler
                0x0000000000005ccc        0x8 ./startup/startup_mimxrt1052.o
                0x0000000000005ccc                PWM1_2_IRQHandler
 .text.PWM1_3_IRQHandler
                0x0000000000005cd4        0x8 ./startup/startup_mimxrt1052.o
                0x0000000000005cd4                PWM1_3_IRQHandler
 .text.PWM1_FAULT_IRQHandler
                0x0000000000005cdc        0x8 ./startup/startup_mimxrt1052.o
                0x0000000000005cdc                PWM1_FAULT_IRQHandler
 .text.Reserved123_IRQHandler
                0x0000000000005ce4        0x8 ./startup/startup_mimxrt1052.o
                0x0000000000005ce4                Reserved123_IRQHandler
 .text.FLEXSPI_IRQHandler
                0x0000000000005cec        0x8 ./startup/startup_mimxrt1052.o
                0x0000000000005cec                FLEXSPI_IRQHandler
 .text.SEMC_IRQHandler
                0x0000000000005cf4        0x8 ./startup/startup_mimxrt1052.o
                0x0000000000005cf4                SEMC_IRQHandler
 .text.USDHC1_IRQHandler
                0x0000000000005cfc        0x8 ./startup/startup_mimxrt1052.o
                0x0000000000005cfc                USDHC1_IRQHandler
 .text.USDHC2_IRQHandler
                0x0000000000005d04        0x8 ./startup/startup_mimxrt1052.o
                0x0000000000005d04                USDHC2_IRQHandler
 .text.USB_OTG2_IRQHandler
                0x0000000000005d0c        0x8 ./startup/startup_mimxrt1052.o
                0x0000000000005d0c                USB_OTG2_IRQHandler
 .text.USB_OTG1_IRQHandler
                0x0000000000005d14        0x8 ./startup/startup_mimxrt1052.o
                0x0000000000005d14                USB_OTG1_IRQHandler
 .text.ENET_IRQHandler
                0x0000000000005d1c        0x8 ./startup/startup_mimxrt1052.o
                0x0000000000005d1c                ENET_IRQHandler
 .text.ENET_1588_Timer_IRQHandler
                0x0000000000005d24        0x8 ./startup/startup_mimxrt1052.o
                0x0000000000005d24                ENET_1588_Timer_IRQHandler
 .text.XBAR1_IRQ_0_1_IRQHandler
                0x0000000000005d2c        0x8 ./startup/startup_mimxrt1052.o
                0x0000000000005d2c                XBAR1_IRQ_0_1_IRQHandler
 .text.XBAR1_IRQ_2_3_IRQHandler
                0x0000000000005d34        0x8 ./startup/startup_mimxrt1052.o
                0x0000000000005d34                XBAR1_IRQ_2_3_IRQHandler
 .text.ADC_ETC_IRQ0_IRQHandler
                0x0000000000005d3c        0x8 ./startup/startup_mimxrt1052.o
                0x0000000000005d3c                ADC_ETC_IRQ0_IRQHandler
 .text.ADC_ETC_IRQ1_IRQHandler
                0x0000000000005d44        0x8 ./startup/startup_mimxrt1052.o
                0x0000000000005d44                ADC_ETC_IRQ1_IRQHandler
 .text.ADC_ETC_IRQ2_IRQHandler
                0x0000000000005d4c        0x8 ./startup/startup_mimxrt1052.o
                0x0000000000005d4c                ADC_ETC_IRQ2_IRQHandler
 .text.ADC_ETC_ERROR_IRQ_IRQHandler
                0x0000000000005d54        0x8 ./startup/startup_mimxrt1052.o
                0x0000000000005d54                ADC_ETC_ERROR_IRQ_IRQHandler
 .text.PIT_IRQHandler
                0x0000000000005d5c        0x8 ./startup/startup_mimxrt1052.o
                0x0000000000005d5c                PIT_IRQHandler
 .text.ACMP1_IRQHandler
                0x0000000000005d64        0x8 ./startup/startup_mimxrt1052.o
                0x0000000000005d64                ACMP1_IRQHandler
 .text.ACMP2_IRQHandler
                0x0000000000005d6c        0x8 ./startup/startup_mimxrt1052.o
                0x0000000000005d6c                ACMP2_IRQHandler
 .text.ACMP3_IRQHandler
                0x0000000000005d74        0x8 ./startup/startup_mimxrt1052.o
                0x0000000000005d74                ACMP3_IRQHandler
 .text.ACMP4_IRQHandler
                0x0000000000005d7c        0x8 ./startup/startup_mimxrt1052.o
                0x0000000000005d7c                ACMP4_IRQHandler
 .text.Reserved143_IRQHandler
                0x0000000000005d84        0x8 ./startup/startup_mimxrt1052.o
                0x0000000000005d84                Reserved143_IRQHandler
 .text.Reserved144_IRQHandler
                0x0000000000005d8c        0x8 ./startup/startup_mimxrt1052.o
                0x0000000000005d8c                Reserved144_IRQHandler
 .text.ENC1_IRQHandler
                0x0000000000005d94        0x8 ./startup/startup_mimxrt1052.o
                0x0000000000005d94                ENC1_IRQHandler
 .text.ENC2_IRQHandler
                0x0000000000005d9c        0x8 ./startup/startup_mimxrt1052.o
                0x0000000000005d9c                ENC2_IRQHandler
 .text.ENC3_IRQHandler
                0x0000000000005da4        0x8 ./startup/startup_mimxrt1052.o
                0x0000000000005da4                ENC3_IRQHandler
 .text.ENC4_IRQHandler
                0x0000000000005dac        0x8 ./startup/startup_mimxrt1052.o
                0x0000000000005dac                ENC4_IRQHandler
 .text.TMR1_IRQHandler
                0x0000000000005db4        0x8 ./startup/startup_mimxrt1052.o
                0x0000000000005db4                TMR1_IRQHandler
 .text.TMR2_IRQHandler
                0x0000000000005dbc        0x8 ./startup/startup_mimxrt1052.o
                0x0000000000005dbc                TMR2_IRQHandler
 .text.TMR3_IRQHandler
                0x0000000000005dc4        0x8 ./startup/startup_mimxrt1052.o
                0x0000000000005dc4                TMR3_IRQHandler
 .text.TMR4_IRQHandler
                0x0000000000005dcc        0x8 ./startup/startup_mimxrt1052.o
                0x0000000000005dcc                TMR4_IRQHandler
 .text.PWM2_0_IRQHandler
                0x0000000000005dd4        0x8 ./startup/startup_mimxrt1052.o
                0x0000000000005dd4                PWM2_0_IRQHandler
 .text.PWM2_1_IRQHandler
                0x0000000000005ddc        0x8 ./startup/startup_mimxrt1052.o
                0x0000000000005ddc                PWM2_1_IRQHandler
 .text.PWM2_2_IRQHandler
                0x0000000000005de4        0x8 ./startup/startup_mimxrt1052.o
                0x0000000000005de4                PWM2_2_IRQHandler
 .text.PWM2_3_IRQHandler
                0x0000000000005dec        0x8 ./startup/startup_mimxrt1052.o
                0x0000000000005dec                PWM2_3_IRQHandler
 .text.PWM2_FAULT_IRQHandler
                0x0000000000005df4        0x8 ./startup/startup_mimxrt1052.o
                0x0000000000005df4                PWM2_FAULT_IRQHandler
 .text.PWM3_0_IRQHandler
                0x0000000000005dfc        0x8 ./startup/startup_mimxrt1052.o
                0x0000000000005dfc                PWM3_0_IRQHandler
 .text.PWM3_1_IRQHandler
                0x0000000000005e04        0x8 ./startup/startup_mimxrt1052.o
                0x0000000000005e04                PWM3_1_IRQHandler
 .text.PWM3_2_IRQHandler
                0x0000000000005e0c        0x8 ./startup/startup_mimxrt1052.o
                0x0000000000005e0c                PWM3_2_IRQHandler
 .text.PWM3_3_IRQHandler
                0x0000000000005e14        0x8 ./startup/startup_mimxrt1052.o
                0x0000000000005e14                PWM3_3_IRQHandler
 .text.PWM3_FAULT_IRQHandler
                0x0000000000005e1c        0x8 ./startup/startup_mimxrt1052.o
                0x0000000000005e1c                PWM3_FAULT_IRQHandler
 .text.PWM4_0_IRQHandler
                0x0000000000005e24        0x8 ./startup/startup_mimxrt1052.o
                0x0000000000005e24                PWM4_0_IRQHandler
 .text.PWM4_1_IRQHandler
                0x0000000000005e2c        0x8 ./startup/startup_mimxrt1052.o
                0x0000000000005e2c                PWM4_1_IRQHandler
 .text.PWM4_2_IRQHandler
                0x0000000000005e34        0x8 ./startup/startup_mimxrt1052.o
                0x0000000000005e34                PWM4_2_IRQHandler
 .text.PWM4_3_IRQHandler
                0x0000000000005e3c        0x8 ./startup/startup_mimxrt1052.o
                0x0000000000005e3c                PWM4_3_IRQHandler
 .text.PWM4_FAULT_IRQHandler
                0x0000000000005e44        0x8 ./startup/startup_mimxrt1052.o
                0x0000000000005e44                PWM4_FAULT_IRQHandler
 .text.CODEC_SetFormat
                0x0000000000005e4c       0x26 ./source_transfer/sai_interrupt_transfer.o
 .text.HardFault_Handler
                0x0000000000005e72       0x2c ./source/semihost_hardfault.o
                0x0000000000005e72                HardFault_Handler
 .text.CLOCK_GetRtcFreq
                0x0000000000005e9e       0x12 ./drivers/fsl_clock.o
 .text.CLOCK_IsPllBypassed
                0x0000000000005eb0       0x32 ./drivers/fsl_clock.o
 .text.CLOCK_IsPllEnabled
                0x0000000000005ee2       0x3c ./drivers/fsl_clock.o
 .text.CLOCK_GetPllBypassRefClk
                0x0000000000005f1e       0x34 ./drivers/fsl_clock.o
 .text.CLOCK_EnableClock
                0x0000000000005f52       0x1e ./drivers/fsl_lpi2c.o
 .text.LPI2C_MasterReset
                0x0000000000005f70       0x20 ./drivers/fsl_lpi2c.o
 .text.LPI2C_MasterEnable
                0x0000000000005f90       0x28 ./drivers/fsl_lpi2c.o
 .text.LPI2C_MasterGetStatusFlags
                0x0000000000005fb8       0x18 ./drivers/fsl_lpi2c.o
 .text.LPI2C_MasterClearStatusFlags
                0x0000000000005fd0       0x1c ./drivers/fsl_lpi2c.o
 .text.LPI2C_MasterSetWatermarks
                0x0000000000005fec       0x2c ./drivers/fsl_lpi2c.o
 .text.LPI2C_MasterGetFifoCounts
                0x0000000000006018       0x3e ./drivers/fsl_lpi2c.o
 .text.LPI2C_MasterWaitForTxReady
                0x0000000000006056       0x4e ./drivers/fsl_lpi2c.o
 .text.LPI2C_CheckForBusyBus
                0x00000000000060a4       0x34 ./drivers/fsl_lpi2c.o
                0x00000000000060a4                LPI2C_CheckForBusyBus
 .text.LPI2C_MasterStart
                0x00000000000060d8       0x64 ./drivers/fsl_lpi2c.o
                0x00000000000060d8                LPI2C_MasterStart
 .text.LPI2C_MasterStop
                0x000000000000613c       0x5c ./drivers/fsl_lpi2c.o
                0x000000000000613c                LPI2C_MasterStop
 .text.CLOCK_EnableClock
                0x0000000000006198       0x1e ./drivers/fsl_lpuart.o
 .text.LPUART_SoftwareReset
                0x00000000000061b6       0x2c ./drivers/fsl_lpuart.o
 .text.CLOCK_EnableClock
                0x00000000000061e2       0x1e ./drivers/fsl_sai.o
 .text.EnableIRQ
                0x0000000000006200       0x2c ./drivers/fsl_sai.o
 .text.SAI_TxClearStatusFlags
                0x000000000000622c       0x26 ./drivers/fsl_sai.o
 .text.SAI_TxSetFIFOErrorContinue
                0x0000000000006252       0x38 ./drivers/fsl_sai.o
 .text.SAI_TxEnableInterrupts
                0x000000000000628a       0x26 ./drivers/fsl_sai.o
 .text.SAI_TxDisableInterrupts
                0x00000000000062b0       0x28 ./drivers/fsl_sai.o
 .text.SAI_WriteNonBlocking
                0x00000000000062d8       0xcc ./drivers/fsl_sai.o
 .text.SAI_TxGetDefaultConfig
                0x00000000000063a4       0x32 ./drivers/fsl_sai.o
                0x00000000000063a4                SAI_TxGetDefaultConfig
 .text.SAI_TxReset
                0x00000000000063d6       0x46 ./drivers/fsl_sai.o
                0x00000000000063d6                SAI_TxReset
 .text.SAI_TxSoftwareReset
                0x000000000000641c       0x2e ./drivers/fsl_sai.o
                0x000000000000641c                SAI_TxSoftwareReset
 .text.SystemInitHook
                0x000000000000644a        0xe ./device/system_MIMXRT1052.o
                0x000000000000644a                SystemInitHook
 .text.HAL_UartGetStatus
                0x0000000000006458       0x22 ./component/uart/lpuart_adapter.o
 .text.CODEC_I2C_WriteReg
                0x000000000000647a       0x5a ./codec/fsl_codec_common.o
                0x000000000000647a                CODEC_I2C_WriteReg
 .text.CODEC_Init
                0x00000000000064d4       0x44 ./codec/fsl_codec_common.o
                0x00000000000064d4                CODEC_Init
 .text.WM8960_Deinit
                0x0000000000006518       0x4e ./codec/fsl_wm8960.o
                0x0000000000006518                WM8960_Deinit
 .text.WM8960_SetMasterSlave
                0x0000000000006566       0x34 ./codec/fsl_wm8960.o
                0x0000000000006566                WM8960_SetMasterSlave
 .text.WM8960_ModifyReg
                0x000000000000659a       0x7a ./codec/fsl_wm8960.o
                0x000000000000659a                WM8960_ModifyReg
 .text.LPI2C_MasterGetStatusFlags
                0x0000000000006614       0x18 ./board/board.o
 .text.LPI2C_MasterRepeatedStart
                0x000000000000662c       0x26 ./board/board.o
 .text.BOARD_InitDebugConsole
                0x0000000000006652       0x22 ./board/board.o
                0x0000000000006652                BOARD_InitDebugConsole
 .text.BOARD_LPI2C_Init
                0x0000000000006674       0x3e ./board/board.o
                0x0000000000006674                BOARD_LPI2C_Init
 .text.BOARD_LPI2C_Send
                0x00000000000066b2       0x88 ./board/board.o
                0x00000000000066b2                BOARD_LPI2C_Send
 .text.BOARD_LPI2C_Receive
                0x000000000000673a       0xa0 ./board/board.o
                0x000000000000673a                BOARD_LPI2C_Receive
 .text.CLOCK_DisableClock
                0x00000000000067da       0x1e ./board/clock_config.o
 .text.CLOCK_SetPllBypass
                0x00000000000067f8       0x4e ./board/clock_config.o
 .text.IOMUXC_SetSaiMClkClockSource
                0x0000000000006846       0x6c ./board/clock_config.o
 .text.CLOCK_EnableClock
                0x00000000000068b2       0x1e ./board/pin_mux.o
 .text.IOMUXC_SetPinMux
                0x00000000000068d0       0x3a ./board/pin_mux.o
 .text.IOMUXC_SetPinConfig
                0x000000000000690a       0x26 ./board/pin_mux.o
 .text.__main   0x0000000000006930        0xe /usr/local/mcuxpressoide-10.3.1_2233/ide/plugins/com.nxp.mcuxpresso.tools.linux_10.3.0.201811011841/tools/bin/../lib/gcc/arm-none-eabi/7.3.1/../../../../arm-none-eabi/lib/thumb/v7e-m/fpv5/hard/libcr_semihost_nf.a(_cr__main.o)
                0x0000000000006930                __main
                0x0000000000006930                __CR_SEMIHOST
 .text.memcpy   0x000000000000693e        0x4 /usr/local/mcuxpressoide-10.3.1_2233/ide/plugins/com.nxp.mcuxpresso.tools.linux_10.3.0.201811011841/tools/bin/../lib/gcc/arm-none-eabi/7.3.1/../../../../arm-none-eabi/lib/thumb/v7e-m/fpv5/hard/libcr_c.a(memcpy.o)
                0x000000000000693e                memcpy
 .text.memset   0x0000000000006942        0x4 /usr/local/mcuxpressoide-10.3.1_2233/ide/plugins/com.nxp.mcuxpresso.tools.linux_10.3.0.201811011841/tools/bin/../lib/gcc/arm-none-eabi/7.3.1/../../../../arm-none-eabi/lib/thumb/v7e-m/fpv5/hard/libcr_c.a(memset.o)
                0x0000000000006942                memset
 .text._deferredlazyseek
                0x0000000000006946       0x40 /usr/local/mcuxpressoide-10.3.1_2233/ide/plugins/com.nxp.mcuxpresso.tools.linux_10.3.0.201811011841/tools/bin/../lib/gcc/arm-none-eabi/7.3.1/../../../../arm-none-eabi/lib/thumb/v7e-m/fpv5/hard/libcr_c.a(_deferredlazyseek.o)
                0x0000000000006946                _deferredlazyseek
 .text.__flsbuf
                0x0000000000006986      0x140 /usr/local/mcuxpressoide-10.3.1_2233/ide/plugins/com.nxp.mcuxpresso.tools.linux_10.3.0.201811011841/tools/bin/../lib/gcc/arm-none-eabi/7.3.1/../../../../arm-none-eabi/lib/thumb/v7e-m/fpv5/hard/libcr_c.a(_deferredlazyseek.o)
                0x0000000000006986                __flsbuf
 .text._fflush  0x0000000000006ac6       0x52 /usr/local/mcuxpressoide-10.3.1_2233/ide/plugins/com.nxp.mcuxpresso.tools.linux_10.3.0.201811011841/tools/bin/../lib/gcc/arm-none-eabi/7.3.1/../../../../arm-none-eabi/lib/thumb/v7e-m/fpv5/hard/libcr_c.a(_fflush.o)
                0x0000000000006ac6                _fflush
 .text.free     0x0000000000006b18       0x30 /usr/local/mcuxpressoide-10.3.1_2233/ide/plugins/com.nxp.mcuxpresso.tools.linux_10.3.0.201811011841/tools/bin/../lib/gcc/arm-none-eabi/7.3.1/../../../../arm-none-eabi/lib/thumb/v7e-m/fpv5/hard/libcr_c.a(alloc.o)
                0x0000000000006b18                free
 .text.fputs    0x0000000000006b48       0x2c /usr/local/mcuxpressoide-10.3.1_2233/ide/plugins/com.nxp.mcuxpresso.tools.linux_10.3.0.201811011841/tools/bin/../lib/gcc/arm-none-eabi/7.3.1/../../../../arm-none-eabi/lib/thumb/v7e-m/fpv5/hard/libcr_c.a(fputs.o)
                0x0000000000006b48                fputs
 .text.no_fp_display
                0x0000000000006b74        0x4 /usr/local/mcuxpressoide-10.3.1_2233/ide/plugins/com.nxp.mcuxpresso.tools.linux_10.3.0.201811011841/tools/bin/../lib/gcc/arm-none-eabi/7.3.1/../../../../arm-none-eabi/lib/thumb/v7e-m/fpv5/hard/libcr_c.a(printf.o)
 .text.strlen   0x0000000000006b78       0x4a /usr/local/mcuxpressoide-10.3.1_2233/ide/plugins/com.nxp.mcuxpresso.tools.linux_10.3.0.201811011841/tools/bin/../lib/gcc/arm-none-eabi/7.3.1/../../../../arm-none-eabi/lib/thumb/v7e-m/fpv5/hard/libcr_c.a(strlen.o)
                0x0000000000006b78                strlen
 .text._fdopen  0x0000000000006bc2       0x68 /usr/local/mcuxpressoide-10.3.1_2233/ide/plugins/com.nxp.mcuxpresso.tools.linux_10.3.0.201811011841/tools/bin/../lib/gcc/arm-none-eabi/7.3.1/../../../../arm-none-eabi/lib/thumb/v7e-m/fpv5/hard/libcr_c.a(_fdopen.o)
                0x0000000000006bc2                _fdopen
 .text.fclose   0x0000000000006c2a       0x58 /usr/local/mcuxpressoide-10.3.1_2233/ide/plugins/com.nxp.mcuxpresso.tools.linux_10.3.0.201811011841/tools/bin/../lib/gcc/arm-none-eabi/7.3.1/../../../../arm-none-eabi/lib/thumb/v7e-m/fpv5/hard/libcr_c.a(fclose.o)
                0x0000000000006c2a                fclose
 .text.remove   0x0000000000006c82       0x14 /usr/local/mcuxpressoide-10.3.1_2233/ide/plugins/com.nxp.mcuxpresso.tools.linux_10.3.0.201811011841/tools/bin/../lib/gcc/arm-none-eabi/7.3.1/../../../../arm-none-eabi/lib/thumb/v7e-m/fpv5/hard/libcr_c.a(remove.o)
                0x0000000000006c82                remove
 .text._do_fflush
                0x0000000000006c96       0x40 /usr/local/mcuxpressoide-10.3.1_2233/ide/plugins/com.nxp.mcuxpresso.tools.linux_10.3.0.201811011841/tools/bin/../lib/gcc/arm-none-eabi/7.3.1/../../../../arm-none-eabi/lib/thumb/v7e-m/fpv5/hard/libcr_c.a(_do_fflush.o)
                0x0000000000006c96                _do_fflush
 .text.__aeabi_memcpy
                0x0000000000006cd6       0x34 /usr/local/mcuxpressoide-10.3.1_2233/ide/plugins/com.nxp.mcuxpresso.tools.linux_10.3.0.201811011841/tools/bin/../lib/gcc/arm-none-eabi/7.3.1/thumb/v7e-m/fpv5/hard/libcr_eabihelpers.a(memcpy.o)
                0x0000000000006cd6                __aeabi_memcpy
                0x0000000000006ce0                __aeabi_memcpy4
                0x0000000000006ce0                __aeabi_memcpy8
 .text.__aeabi_memset_lowlevel
                0x0000000000006d0a       0x32 /usr/local/mcuxpressoide-10.3.1_2233/ide/plugins/com.nxp.mcuxpresso.tools.linux_10.3.0.201811011841/tools/bin/../lib/gcc/arm-none-eabi/7.3.1/thumb/v7e-m/fpv5/hard/libcr_eabihelpers.a(memcpy.o)
                0x0000000000006d0a                __aeabi_lowlevel_memset
 .text.__sys_close
                0x0000000000006d3c        0xc /usr/local/mcuxpressoide-10.3.1_2233/ide/plugins/com.nxp.mcuxpresso.tools.linux_10.3.0.201811011841/tools/bin/../lib/gcc/arm-none-eabi/7.3.1/../../../../arm-none-eabi/lib/thumb/v7e-m/fpv5/hard/libcr_semihost_nf.a(__sys_close.o)
                0x0000000000006d3c                __sys_close
 .text.__sys_flen
                0x0000000000006d48        0xc /usr/local/mcuxpressoide-10.3.1_2233/ide/plugins/com.nxp.mcuxpresso.tools.linux_10.3.0.201811011841/tools/bin/../lib/gcc/arm-none-eabi/7.3.1/../../../../arm-none-eabi/lib/thumb/v7e-m/fpv5/hard/libcr_semihost_nf.a(__sys_flen.o)
                0x0000000000006d48                __sys_flen
 .text.__sys_istty
                0x0000000000006d54        0xc /usr/local/mcuxpressoide-10.3.1_2233/ide/plugins/com.nxp.mcuxpresso.tools.linux_10.3.0.201811011841/tools/bin/../lib/gcc/arm-none-eabi/7.3.1/../../../../arm-none-eabi/lib/thumb/v7e-m/fpv5/hard/libcr_semihost_nf.a(__sys_istty.o)
                0x0000000000006d54                __sys_istty
 .text.__sys_remove
                0x0000000000006d60        0xc /usr/local/mcuxpressoide-10.3.1_2233/ide/plugins/com.nxp.mcuxpresso.tools.linux_10.3.0.201811011841/tools/bin/../lib/gcc/arm-none-eabi/7.3.1/../../../../arm-none-eabi/lib/thumb/v7e-m/fpv5/hard/libcr_semihost_nf.a(__sys_remove.o)
                0x0000000000006d60                __sys_remove
 .text.__sys_seek
                0x0000000000006d6c        0xc /usr/local/mcuxpressoide-10.3.1_2233/ide/plugins/com.nxp.mcuxpresso.tools.linux_10.3.0.201811011841/tools/bin/../lib/gcc/arm-none-eabi/7.3.1/../../../../arm-none-eabi/lib/thumb/v7e-m/fpv5/hard/libcr_semihost_nf.a(__sys_seek.o)
                0x0000000000006d6c                __sys_seek
 .text.__sys_tmpnam
                0x0000000000006d78        0xc /usr/local/mcuxpressoide-10.3.1_2233/ide/plugins/com.nxp.mcuxpresso.tools.linux_10.3.0.201811011841/tools/bin/../lib/gcc/arm-none-eabi/7.3.1/../../../../arm-none-eabi/lib/thumb/v7e-m/fpv5/hard/libcr_semihost_nf.a(__sys_tmpnam.o)
                0x0000000000006d78                __sys_tmpnam
 .text.__sys_write
                0x0000000000006d84        0xc /usr/local/mcuxpressoide-10.3.1_2233/ide/plugins/com.nxp.mcuxpresso.tools.linux_10.3.0.201811011841/tools/bin/../lib/gcc/arm-none-eabi/7.3.1/../../../../arm-none-eabi/lib/thumb/v7e-m/fpv5/hard/libcr_semihost_nf.a(__sys_write.o)
                0x0000000000006d84                __sys_write
 *(SORT_BY_ALIGNMENT(.rodata) SORT_BY_ALIGNMENT(.rodata.*) SORT_BY_ALIGNMENT(.constdata) SORT_BY_ALIGNMENT(.constdata.*))
 .rodata        0x0000000000006d90      0x1b7 ./utilities/fsl_debug_console.o
 *fill*         0x0000000000006f47        0x1 ff
 .rodata        0x0000000000006f48       0xac ./source_transfer/sai_interrupt_transfer.o
 .rodata.music  0x0000000000006ff4     0xbba0 ./source_transfer/sai_interrupt_transfer.o
                0x0000000000006ff4                music
 .rodata.audioPllConfig
                0x0000000000012b94       0x10 ./source_transfer/sai_interrupt_transfer.o
                0x0000000000012b94                audioPllConfig
 .rodata        0x0000000000012ba4       0x3c ./drivers/fsl_clock.o
 .rodata        0x0000000000012be0      0x3bd ./drivers/fsl_lpi2c.o
 *fill*         0x0000000000012f9d        0x3 ff
 .rodata.kLpi2cBases
                0x0000000000012fa0       0x14 ./drivers/fsl_lpi2c.o
 .rodata.kLpi2cClocks
                0x0000000000012fb4        0xa ./drivers/fsl_lpi2c.o
 *fill*         0x0000000000012fbe        0x2 ff
 .rodata        0x0000000000012fc0      0x5c6 ./drivers/fsl_lpuart.o
 *fill*         0x0000000000013586        0x2 ff
 .rodata.s_lpuartBases
                0x0000000000013588       0x24 ./drivers/fsl_lpuart.o
 .rodata.s_lpuartClock
                0x00000000000135ac       0x12 ./drivers/fsl_lpuart.o
 *fill*         0x00000000000135be        0x2 ff
 .rodata        0x00000000000135c0      0x3fa ./drivers/fsl_sai.o
 *fill*         0x00000000000139ba        0x2 ff
 .rodata.s_saiBases
                0x00000000000139bc       0x10 ./drivers/fsl_sai.o
 .rodata.s_saiTxIRQ
                0x00000000000139cc        0x8 ./drivers/fsl_sai.o
 .rodata.s_saiClock
                0x00000000000139d4        0x8 ./drivers/fsl_sai.o
 .rodata.s_LpuartAdapterBase
                0x00000000000139dc       0x24 ./component/uart/lpuart_adapter.o
 .rodata        0x0000000000013a00      0x274 ./component/uart/lpuart_adapter.o
 .rodata        0x0000000000013c74      0x521 ./component/serial_manager/serial_manager.o
 *fill*         0x0000000000014195        0x3 ff
 .rodata        0x0000000000014198      0x244 ./component/serial_manager/serial_port_uart.o
 .rodata.wm8960_reg
                0x00000000000143dc       0x70 ./codec/fsl_wm8960.o
 .rodata        0x000000000001444c       0xa0 ./board/clock_config.o
 .rodata.armPllConfig_BOARD_BootClockRUN
                0x00000000000144ec        0x8 ./board/clock_config.o
                0x00000000000144ec                armPllConfig_BOARD_BootClockRUN
 .rodata.sysPllConfig_BOARD_BootClockRUN
                0x00000000000144f4       0x14 ./board/clock_config.o
                0x00000000000144f4                sysPllConfig_BOARD_BootClockRUN
 .rodata        0x0000000000014508       0x28 ./board/pin_mux.o
 .rodata.__num_Ciob_streams
                0x0000000000014530        0x4 /usr/local/mcuxpressoide-10.3.1_2233/ide/plugins/com.nxp.mcuxpresso.tools.linux_10.3.0.201811011841/tools/bin/../lib/gcc/arm-none-eabi/7.3.1/../../../../arm-none-eabi/lib/thumb/v7e-m/fpv5/hard/libcr_semihost_nf.a(__ciob.o)
                0x0000000000014530                __num_Ciob_streams
 .rodata.__assertion_failed.str1.1
                0x0000000000014534       0x15 /usr/local/mcuxpressoide-10.3.1_2233/ide/plugins/com.nxp.mcuxpresso.tools.linux_10.3.0.201811011841/tools/bin/../lib/gcc/arm-none-eabi/7.3.1/../../../../arm-none-eabi/lib/thumb/v7e-m/fpv5/hard/libcr_semihost_nf.a(_cr_assert.o)
 .rodata._Csys_alloc.str1.1
                0x0000000000014549       0x18 /usr/local/mcuxpressoide-10.3.1_2233/ide/plugins/com.nxp.mcuxpresso.tools.linux_10.3.0.201811011841/tools/bin/../lib/gcc/arm-none-eabi/7.3.1/../../../../arm-none-eabi/lib/thumb/v7e-m/fpv5/hard/libcr_c.a(alloc.o)
 .rodata._initio.str1.1
                0x0000000000014561        0x4 /usr/local/mcuxpressoide-10.3.1_2233/ide/plugins/com.nxp.mcuxpresso.tools.linux_10.3.0.201811011841/tools/bin/../lib/gcc/arm-none-eabi/7.3.1/../../../../arm-none-eabi/lib/thumb/v7e-m/fpv5/hard/libcr_c.a(initio.o)
 .rodata.__vfprintf.str1.1
                0x0000000000014565       0x35 /usr/local/mcuxpressoide-10.3.1_2233/ide/plugins/com.nxp.mcuxpresso.tools.linux_10.3.0.201811011841/tools/bin/../lib/gcc/arm-none-eabi/7.3.1/../../../../arm-none-eabi/lib/thumb/v7e-m/fpv5/hard/libcr_c.a(printf.o)
                                         0x38 (size before relaxing)
                0x000000000001459c                . = ALIGN (0x4)
 *fill*         0x000000000001459a        0x2 ff

.glue_7         0x000000000001459c        0x0
 .glue_7        0x000000000001459c        0x0 linker stubs

.glue_7t        0x000000000001459c        0x0
 .glue_7t       0x000000000001459c        0x0 linker stubs

.vfp11_veneer   0x000000000001459c        0x0
 .vfp11_veneer  0x000000000001459c        0x0 linker stubs

.v4_bx          0x000000000001459c        0x0
 .v4_bx         0x000000000001459c        0x0 linker stubs

.iplt           0x000000000001459c        0x0
 .iplt          0x000000000001459c        0x0 ./utilities/fsl_debug_console.o

.rel.dyn        0x000000000001459c        0x0
 .rel.iplt      0x000000000001459c        0x0 ./utilities/fsl_debug_console.o

.ARM.extab
 *(SORT_BY_ALIGNMENT(.ARM.extab*) SORT_BY_ALIGNMENT(.gnu.linkonce.armextab.*))
                0x000000000001459c                __exidx_start = .

.ARM.exidx
 *(SORT_BY_ALIGNMENT(.ARM.exidx*) SORT_BY_ALIGNMENT(.gnu.linkonce.armexidx.*))
                0x000000000001459c                __exidx_end = .
                0x000000000001459c                _etext = .

.data_RAM       0x000000000001459c        0x0
 FILL mask 0xff
                [!provide]                        PROVIDE (__start_data_RAM = .)
 *(SORT_BY_ALIGNMENT(.ramfunc.$RAM))
 *(SORT_BY_ALIGNMENT(.ramfunc.$SRAM_ITC))
 *(SORT_BY_ALIGNMENT(.data.$RAM*))
 *(SORT_BY_ALIGNMENT(.data.$SRAM_ITC*))
                0x000000000001459c                . = ALIGN (0x4)
                [!provide]                        PROVIDE (__end_data_RAM = .)

.data_RAM3      0x0000000020200000        0x0 load address 0x000000000001459c
 FILL mask 0xff
                [!provide]                        PROVIDE (__start_data_RAM3 = .)
 *(SORT_BY_ALIGNMENT(.ramfunc.$RAM3))
 *(SORT_BY_ALIGNMENT(.ramfunc.$SRAM_OC))
 *(SORT_BY_ALIGNMENT(.data.$RAM3*))
 *(SORT_BY_ALIGNMENT(.data.$SRAM_OC*))
                0x0000000020200000                . = ALIGN (0x4)
                [!provide]                        PROVIDE (__end_data_RAM3 = .)

.data_RAM4      0x0000000080000000        0x0 load address 0x000000000001459c
 FILL mask 0xff
                [!provide]                        PROVIDE (__start_data_RAM4 = .)
 *(SORT_BY_ALIGNMENT(.ramfunc.$RAM4))
 *(SORT_BY_ALIGNMENT(.ramfunc.$BOARD_SDRAM))
 *(SORT_BY_ALIGNMENT(.data.$RAM4*))
 *(SORT_BY_ALIGNMENT(.data.$BOARD_SDRAM*))
                0x0000000080000000                . = ALIGN (0x4)
                [!provide]                        PROVIDE (__end_data_RAM4 = .)

.uninit_RESERVED
                0x0000000020000000        0x0
 *(SORT_BY_ALIGNMENT(.bss.$RESERVED*))
                0x0000000020000000                . = ALIGN (0x4)
                0x0000000020000000                _end_uninit_RESERVED = .

.data           0x0000000020000000       0x1c load address 0x000000000001459c
 FILL mask 0xff
                0x0000000020000000                _data = .
 *(SORT_BY_ALIGNMENT(vtable))
 *(SORT_BY_ALIGNMENT(.ramfunc*))
 *(SORT_BY_ALIGNMENT(NonCacheable.init))
 *(SORT_BY_ALIGNMENT(.data*))
 .data.SystemCoreClock
                0x0000000020000000        0x4 ./device/system_MIMXRT1052.o
                0x0000000020000000                SystemCoreClock
 .data.boardCodecConfig
                0x0000000020000004       0x18 ./board/board.o
                0x0000000020000004                boardCodecConfig
                0x000000002000001c                . = ALIGN (0x4)
                0x000000002000001c                _edata = .

.igot.plt       0x000000002000001c        0x0 load address 0x00000000000145b8
 .igot.plt      0x000000002000001c        0x0 ./utilities/fsl_debug_console.o

.bss_RAM        0x00000000000145b8        0x0
                [!provide]                        PROVIDE (__start_bss_RAM = .)
 *(SORT_BY_ALIGNMENT(.bss.$RAM*))
 *(SORT_BY_ALIGNMENT(.bss.$SRAM_ITC*))
                0x00000000000145b8                . = ALIGN ((. != 0x0)?0x4:0x1)
                [!provide]                        PROVIDE (__end_bss_RAM = .)

.bss_RAM3       0x0000000020200000        0x0
                [!provide]                        PROVIDE (__start_bss_RAM3 = .)
 *(SORT_BY_ALIGNMENT(.bss.$RAM3*))
 *(SORT_BY_ALIGNMENT(.bss.$SRAM_OC*))
                0x0000000020200000                . = ALIGN ((. != 0x0)?0x4:0x1)
                [!provide]                        PROVIDE (__end_bss_RAM3 = .)

.bss_RAM4       0x0000000080000000        0x0
                [!provide]                        PROVIDE (__start_bss_RAM4 = .)
 *(SORT_BY_ALIGNMENT(.bss.$RAM4*))
 *(SORT_BY_ALIGNMENT(.bss.$BOARD_SDRAM*))
                0x0000000080000000                . = ALIGN ((. != 0x0)?0x4:0x1)
                [!provide]                        PROVIDE (__end_bss_RAM4 = .)

.bss            0x000000002000001c      0x240
                0x000000002000001c                _bss = .
 *(SORT_BY_ALIGNMENT(NonCacheable))
 *(SORT_BY_ALIGNMENT(.bss*))
 .bss.s_debugConsoleState
                0x000000002000001c       0x1c ./utilities/fsl_debug_console.o
 .bss.g_serialHandle
                0x0000000020000038        0x4 ./utilities/fsl_debug_console.o
                0x0000000020000038                g_serialHandle
 .bss.txHandle  0x000000002000003c       0x4c ./source_transfer/sai_interrupt_transfer.o
                0x000000002000003c                txHandle
 .bss.codecHandle
                0x0000000020000088       0x18 ./source_transfer/sai_interrupt_transfer.o
                0x0000000020000088                codecHandle
 .bss.g_xtalFreq
                0x00000000200000a0        0x4 ./drivers/fsl_clock.o
                0x00000000200000a0                g_xtalFreq
 .bss.g_rtcXtalFreq
                0x00000000200000a4        0x4 ./drivers/fsl_clock.o
                0x00000000200000a4                g_rtcXtalFreq
 .bss.s_lpi2cMasterIsr
                0x00000000200000a8        0x4 ./drivers/fsl_lpi2c.o
 .bss.s_lpi2cMasterHandle
                0x00000000200000ac       0x14 ./drivers/fsl_lpi2c.o
 .bss.s_lpi2cSlaveIsr
                0x00000000200000c0        0x4 ./drivers/fsl_lpi2c.o
 .bss.s_lpi2cSlaveHandle
                0x00000000200000c4       0x14 ./drivers/fsl_lpi2c.o
 .bss.s_lpuartHandle
                0x00000000200000d8       0x24 ./drivers/fsl_lpuart.o
 .bss.s_lpuartIsr
                0x00000000200000fc        0x4 ./drivers/fsl_lpuart.o
 .bss.s_saiHandle
                0x0000000020000100       0x20 ./drivers/fsl_sai.o
 .bss.s_saiTxIsr
                0x0000000020000120        0x4 ./drivers/fsl_sai.o
 .bss.s_saiRxIsr
                0x0000000020000124        0x4 ./drivers/fsl_sai.o
 .bss.reg_cache
                0x0000000020000128       0x70 ./codec/fsl_wm8960.o
 .bss.__Ciob    0x0000000020000198       0xb4 /usr/local/mcuxpressoide-10.3.1_2233/ide/plugins/com.nxp.mcuxpresso.tools.linux_10.3.0.201811011841/tools/bin/../lib/gcc/arm-none-eabi/7.3.1/../../../../arm-none-eabi/lib/thumb/v7e-m/fpv5/hard/libcr_semihost_nf.a(__ciob.o)
                0x0000000020000198                __Ciob
 .bss.__end_of_heap
                0x000000002000024c        0x4 /usr/local/mcuxpressoide-10.3.1_2233/ide/plugins/com.nxp.mcuxpresso.tools.linux_10.3.0.201811011841/tools/bin/../lib/gcc/arm-none-eabi/7.3.1/../../../../arm-none-eabi/lib/thumb/v7e-m/fpv5/hard/libcr_c.a(__init_alloc.o)
                0x000000002000024c                __end_of_heap
 .bss.__heaps   0x0000000020000250        0x4 /usr/local/mcuxpressoide-10.3.1_2233/ide/plugins/com.nxp.mcuxpresso.tools.linux_10.3.0.201811011841/tools/bin/../lib/gcc/arm-none-eabi/7.3.1/../../../../arm-none-eabi/lib/thumb/v7e-m/fpv5/hard/libcr_c.a(__init_alloc.o)
                0x0000000020000250                __heaps
 .bss.errno     0x0000000020000254        0x4 /usr/local/mcuxpressoide-10.3.1_2233/ide/plugins/com.nxp.mcuxpresso.tools.linux_10.3.0.201811011841/tools/bin/../lib/gcc/arm-none-eabi/7.3.1/../../../../arm-none-eabi/lib/thumb/v7e-m/fpv5/hard/libcr_c.a(errno.o)
                0x0000000020000254                errno
 .bss.isFinished
                0x0000000020000258        0x1 ./source_transfer/sai_interrupt_transfer.o
 *(SORT_BY_ALIGNMENT(COMMON))
                0x000000002000025c                . = ALIGN (0x4)
 *fill*         0x0000000020000259        0x3 
                0x000000002000025c                _ebss = .
                [!provide]                        PROVIDE (end = .)

.noinit_RAM     0x00000000000145b8        0x0
 *(SORT_BY_ALIGNMENT(.noinit.$RAM*))
 *(SORT_BY_ALIGNMENT(.noinit.$SRAM_ITC*))
                0x00000000000145b8                . = ALIGN (0x4)

.noinit_RAM3    0x0000000020200000        0x0
 *(SORT_BY_ALIGNMENT(.noinit.$RAM3*))
 *(SORT_BY_ALIGNMENT(.noinit.$SRAM_OC*))
                0x0000000020200000                . = ALIGN (0x4)

.noinit_RAM4    0x0000000080000000        0x0
 *(SORT_BY_ALIGNMENT(.noinit.$RAM4*))
 *(SORT_BY_ALIGNMENT(.noinit.$BOARD_SDRAM*))
                0x0000000080000000                . = ALIGN (0x4)

.noinit         0x000000002000025c        0x0
                0x000000002000025c                _noinit = .
 *(SORT_BY_ALIGNMENT(.noinit*))
                0x000000002000025c                . = ALIGN (0x4)
                0x000000002000025c                _end_noinit = .
                0x0000000000001000                _HeapSize = 0x1000

.heap           0x000000002000025c     0x1000
                0x000000002000025c                _pvHeapStart = .
                0x000000002000125c                . = (. + _HeapSize)
 *fill*         0x000000002000025c     0x1000 
                0x000000002000125c                . = ALIGN (0x4)
                0x000000002000125c                _pvHeapLimit = .
                0x0000000000001000                _StackSize = 0x1000

.heap2stackfill
                0x000000002000125c     0x1000
                0x000000002000225c                . = (. + _StackSize)
 *fill*         0x000000002000125c     0x1000 

.stack          0x000000002001f000        0x0
                0x000000002001f000                _vStackBase = .
                0x000000002001f000                . = ALIGN (0x4)
                0x0000000020020000                _vStackTop = (. + _StackSize)
                0x0000000000000000                _image_start = LOADADDR (.text)
                0x00000000000145b8                _image_end = (LOADADDR (.data) + SIZEOF (.data))
                0x00000000000145b8                _image_size = (_image_end - _image_start)
OUTPUT(evkbimxrt1050_sai_interrupt_transfer.axf elf32-littlearm)

.debug_info     0x0000000000000000    0x14cd9
 .debug_info    0x0000000000000000      0xde2 ./utilities/fsl_debug_console.o
 .debug_info    0x0000000000000de2      0xcbd ./startup/startup_mimxrt1052.o
 .debug_info    0x0000000000001a9f     0x1936 ./source_transfer/sai_interrupt_transfer.o
 .debug_info    0x00000000000033d5       0x3b ./source/semihost_hardfault.o
 .debug_info    0x0000000000003410     0x1c58 ./drivers/fsl_clock.o
 .debug_info    0x0000000000005068     0x2e15 ./drivers/fsl_lpi2c.o
 .debug_info    0x0000000000007e7d     0x22ea ./drivers/fsl_lpuart.o
 .debug_info    0x000000000000a167     0x2a80 ./drivers/fsl_sai.o
 .debug_info    0x000000000000cbe7      0xc5c ./device/system_MIMXRT1052.o
 .debug_info    0x000000000000d843      0xed5 ./component/uart/lpuart_adapter.o
 .debug_info    0x000000000000e718      0x705 ./component/serial_manager/serial_manager.o
 .debug_info    0x000000000000ee1d      0x4c4 ./component/serial_manager/serial_port_uart.o
 .debug_info    0x000000000000f2e1      0x55b ./codec/fsl_codec_common.o
 .debug_info    0x000000000000f83c     0x1185 ./codec/fsl_wm8960.o
 .debug_info    0x00000000000109c1     0x245e ./board/board.o
 .debug_info    0x0000000000012e1f     0x16ed ./board/clock_config.o
 .debug_info    0x000000000001450c      0x7cd ./board/pin_mux.o

.debug_abbrev   0x0000000000000000     0x2264
 .debug_abbrev  0x0000000000000000      0x1f5 ./utilities/fsl_debug_console.o
 .debug_abbrev  0x00000000000001f5      0x12f ./startup/startup_mimxrt1052.o