Archive member included to satisfy reference by file (symbol)

/usr/local/mcuxpressoide-10.3.1_2233/ide/plugins/com.nxp.mcuxpresso.tools.linux_10.3.0.201811011841/tools/bin/../lib/gcc/arm-none-eabi/7.3.1/../../../../arm-none-eabi/lib/thumb/v7e-m/fpv5/hard/libcr_semihost_nf.a(_cr__main.o)
                              ./startup/startup_mimxrt1052.o (__main)
/usr/local/mcuxpressoide-10.3.1_2233/ide/plugins/com.nxp.mcuxpresso.tools.linux_10.3.0.201811011841/tools/bin/../lib/gcc/arm-none-eabi/7.3.1/../../../../arm-none-eabi/lib/thumb/v7e-m/fpv5/hard/libcr_semihost_nf.a(_cr_assert.o)
                              ./utilities/fsl_debug_console.o (__assertion_failed)
/usr/local/mcuxpressoide-10.3.1_2233/ide/plugins/com.nxp.mcuxpresso.tools.linux_10.3.0.201811011841/tools/bin/../lib/gcc/arm-none-eabi/7.3.1/../../../../arm-none-eabi/lib/thumb/v7e-m/fpv5/hard/libcr_semihost_nf.a(__ciob.o)
                              /usr/local/mcuxpressoide-10.3.1_2233/ide/plugins/com.nxp.mcuxpresso.tools.linux_10.3.0.201811011841/tools/bin/../lib/gcc/arm-none-eabi/7.3.1/../../../../arm-none-eabi/lib/thumb/v7e-m/fpv5/hard/libcr_semihost_nf.a(_cr_assert.o) (__Ciob)
/usr/local/mcuxpressoide-10.3.1_2233/ide/plugins/com.nxp.mcuxpresso.tools.linux_10.3.0.201811011841/tools/bin/../lib/gcc/arm-none-eabi/7.3.1/../../../../arm-none-eabi/lib/thumb/v7e-m/fpv5/hard/libcr_semihost_nf.a(__sys_appexit.o)
                              /usr/local/mcuxpressoide-10.3.1_2233/ide/plugins/com.nxp.mcuxpresso.tools.linux_10.3.0.201811011841/tools/bin/../lib/gcc/arm-none-eabi/7.3.1/../../../../arm-none-eabi/lib/thumb/v7e-m/fpv5/hard/libcr_semihost_nf.a(_cr_assert.o) (__sys_appexit)
/usr/local/mcuxpressoide-10.3.1_2233/ide/plugins/com.nxp.mcuxpresso.tools.linux_10.3.0.201811011841/tools/bin/../lib/gcc/arm-none-eabi/7.3.1/../../../../arm-none-eabi/lib/thumb/v7e-m/fpv5/hard/libcr_c.a(memcpy.o)
                              ./codec/fsl_codec_common.o (memcpy)
/usr/local/mcuxpressoide-10.3.1_2233/ide/plugins/com.nxp.mcuxpresso.tools.linux_10.3.0.201811011841/tools/bin/../lib/gcc/arm-none-eabi/7.3.1/../../../../arm-none-eabi/lib/thumb/v7e-m/fpv5/hard/libcr_c.a(memset.o)
                              ./utilities/fsl_debug_console.o (memset)
/usr/local/mcuxpressoide-10.3.1_2233/ide/plugins/com.nxp.mcuxpresso.tools.linux_10.3.0.201811011841/tools/bin/../lib/gcc/arm-none-eabi/7.3.1/../../../../arm-none-eabi/lib/thumb/v7e-m/fpv5/hard/libcr_c.a(_deferredlazyseek.o)
                              /usr/local/mcuxpressoide-10.3.1_2233/ide/plugins/com.nxp.mcuxpresso.tools.linux_10.3.0.201811011841/tools/bin/../lib/gcc/arm-none-eabi/7.3.1/../../../../arm-none-eabi/lib/thumb/v7e-m/fpv5/hard/libcr_semihost_nf.a(_cr_assert.o) (__flsbuf)
/usr/local/mcuxpressoide-10.3.1_2233/ide/plugins/com.nxp.mcuxpresso.tools.linux_10.3.0.201811011841/tools/bin/../lib/gcc/arm-none-eabi/7.3.1/../../../../arm-none-eabi/lib/thumb/v7e-m/fpv5/hard/libcr_c.a(_fflush.o)
                              /usr/local/mcuxpressoide-10.3.1_2233/ide/plugins/com.nxp.mcuxpresso.tools.linux_10.3.0.201811011841/tools/bin/../lib/gcc/arm-none-eabi/7.3.1/../../../../arm-none-eabi/lib/thumb/v7e-m/fpv5/hard/libcr_c.a(_deferredlazyseek.o) (_fflush)
/usr/local/mcuxpressoide-10.3.1_2233/ide/plugins/com.nxp.mcuxpresso.tools.linux_10.3.0.201811011841/tools/bin/../lib/gcc/arm-none-eabi/7.3.1/../../../../arm-none-eabi/lib/thumb/v7e-m/fpv5/hard/libcr_c.a(_writebuf.o)
                              /usr/local/mcuxpressoide-10.3.1_2233/ide/plugins/com.nxp.mcuxpresso.tools.linux_10.3.0.201811011841/tools/bin/../lib/gcc/arm-none-eabi/7.3.1/../../../../arm-none-eabi/lib/thumb/v7e-m/fpv5/hard/libcr_c.a(_deferredlazyseek.o) (_Cwritebuf)
/usr/local/mcuxpressoide-10.3.1_2233/ide/plugins/com.nxp.mcuxpresso.tools.linux_10.3.0.201811011841/tools/bin/../lib/gcc/arm-none-eabi/7.3.1/../../../../arm-none-eabi/lib/thumb/v7e-m/fpv5/hard/libcr_c.a(alloc.o)
                              ./drivers/fsl_common.o (malloc)
/usr/local/mcuxpressoide-10.3.1_2233/ide/plugins/com.nxp.mcuxpresso.tools.linux_10.3.0.201811011841/tools/bin/../lib/gcc/arm-none-eabi/7.3.1/../../../../arm-none-eabi/lib/thumb/v7e-m/fpv5/hard/libcr_c.a(fputs.o)
                              /usr/local/mcuxpressoide-10.3.1_2233/ide/plugins/com.nxp.mcuxpresso.tools.linux_10.3.0.201811011841/tools/bin/../lib/gcc/arm-none-eabi/7.3.1/../../../../arm-none-eabi/lib/thumb/v7e-m/fpv5/hard/libcr_semihost_nf.a(_cr_assert.o) (fputs)
/usr/local/mcuxpressoide-10.3.1_2233/ide/plugins/com.nxp.mcuxpresso.tools.linux_10.3.0.201811011841/tools/bin/../lib/gcc/arm-none-eabi/7.3.1/../../../../arm-none-eabi/lib/thumb/v7e-m/fpv5/hard/libcr_c.a(fseek.o)
                              /usr/local/mcuxpressoide-10.3.1_2233/ide/plugins/com.nxp.mcuxpresso.tools.linux_10.3.0.201811011841/tools/bin/../lib/gcc/arm-none-eabi/7.3.1/../../../../arm-none-eabi/lib/thumb/v7e-m/fpv5/hard/libcr_c.a(_deferredlazyseek.o) (fseek)
[...]
Memory Configuration

Name             Origin             Length             Attributes
BOARD_FLASH      0x0000000060000000 0x0000000004000000 xr
SRAM_DTC         0x0000000020000000 0x0000000000020000 xrw
SRAM_ITC         0x0000000000000000 0x0000000000020000 xrw
SRAM_OC          0x0000000020200000 0x0000000000040000 xrw
BOARD_SDRAM      0x0000000080000000 0x0000000002000000 xrw
*default*        0x0000000000000000 0xffffffffffffffff

Linker script and memory map

LOAD ./xip/evkbimxrt1050_flexspi_nor_config.o
LOAD ./xip/evkbimxrt1050_sdram_ini_dcd.o
LOAD ./xip/fsl_flexspi_nor_boot.o
LOAD ./utilities/fsl_assert.o
LOAD ./utilities/fsl_debug_console.o
LOAD ./utilities/fsl_str.o
LOAD ./startup/startup_mimxrt1052.o
LOAD ./source_transfer/sai_interrupt_transfer.o
LOAD ./source/semihost_hardfault.o
LOAD ./drivers/fsl_clock.o
LOAD ./drivers/fsl_common.o
LOAD ./drivers/fsl_gpio.o
LOAD ./drivers/fsl_lpi2c.o
LOAD ./drivers/fsl_lpuart.o
LOAD ./drivers/fsl_sai.o
LOAD ./device/system_MIMXRT1052.o
LOAD ./component/uart/lpuart_adapter.o
LOAD ./component/serial_manager/serial_manager.o
LOAD ./component/serial_manager/serial_port_uart.o
LOAD ./component/lists/generic_list.o
LOAD ./codec/fsl_codec_common.o
LOAD ./codec/fsl_wm8960.o
LOAD ./board/board.o
LOAD ./board/clock_config.o
LOAD ./board/pin_mux.o
START GROUP
LOAD /usr/local/mcuxpressoide-10.3.1_2233/ide/plugins/com.nxp.mcuxpresso.tools.linux_10.3.0.201811011841/tools/bin/../lib/gcc/arm-none-eabi/7.3.1/../../../../arm-none-eabi/lib/thumb/v7e-m/fpv5/hard/libcr_semihost_nf.a
LOAD /usr/local/mcuxpressoide-10.3.1_2233/ide/plugins/com.nxp.mcuxpresso.tools.linux_10.3.0.201811011841/tools/bin/../lib/gcc/arm-none-eabi/7.3.1/../../../../arm-none-eabi/lib/thumb/v7e-m/fpv5/hard/libcr_c.a
LOAD /usr/local/mcuxpressoide-10.3.1_2233/ide/plugins/com.nxp.mcuxpresso.tools.linux_10.3.0.201811011841/tools/bin/../lib/gcc/arm-none-eabi/7.3.1/thumb/v7e-m/fpv5/hard/libcr_eabihelpers.a
LOAD /usr/local/mcuxpressoide-10.3.1_2233/ide/plugins/com.nxp.mcuxpresso.tools.linux_10.3.0.201811011841/tools/bin/../lib/gcc/arm-none-eabi/7.3.1/thumb/v7e-m/fpv5/hard/libgcc.a
END GROUP
                0x0000000060000000                __base_BOARD_FLASH = 0x60000000
                0x0000000060000000                __base_Flash = 0x60000000
                0x0000000064000000                __top_BOARD_FLASH = 0x64000000
                0x0000000064000000                __top_Flash = 0x64000000
                0x0000000020000000                __base_SRAM_DTC = 0x20000000
                0x0000000020000000                __base_RAM = 0x20000000
                0x0000000020020000                __top_SRAM_DTC = 0x20020000
                0x0000000020020000                __top_RAM = 0x20020000
                0x0000000000000000                __base_SRAM_ITC = 0x0
                0x0000000000000000                __base_RAM2 = 0x0
                0x0000000000020000                __top_SRAM_ITC = 0x20000
                0x0000000000020000                __top_RAM2 = 0x20000
                0x0000000020200000                __base_SRAM_OC = 0x20200000
                0x0000000020200000                __base_RAM3 = 0x20200000
                0x0000000020240000                __top_SRAM_OC = 0x20240000
                0x0000000020240000                __top_RAM3 = 0x20240000
                0x0000000080000000                __base_BOARD_SDRAM = 0x80000000
                0x0000000080000000                __base_RAM4 = 0x80000000
                0x0000000082000000                __top_BOARD_SDRAM = 0x82000000
                0x0000000082000000                __top_RAM4 = 0x82000000

.boot_hdr       0x0000000060000000     0x2000
 FILL mask 0xff
                0x0000000060000000                __boot_hdr_start__ = ABSOLUTE (.)
 *(SORT_BY_ALIGNMENT(.boot_hdr.conf))
 .boot_hdr.conf
                0x0000000060000000      0x200 ./xip/evkbimxrt1050_flexspi_nor_config.o
                0x0000000060000000                hyperflash_config
                0x0000000000001000                . = 0x1000
 *fill*         0x0000000060000200      0xe00 ff
 *(SORT_BY_ALIGNMENT(.boot_hdr.ivt))
 .boot_hdr.ivt  0x0000000060001000       0x20 ./xip/fsl_flexspi_nor_boot.o
                0x0000000060001000                image_vector_table
                0x0000000000001020                . = 0x1020
 *(SORT_BY_ALIGNMENT(.boot_hdr.boot_data))
 .boot_hdr.boot_data
                0x0000000060001020       0x10 ./xip/fsl_flexspi_nor_boot.o
                0x0000000060001020                boot_data
                0x0000000000001030                . = 0x1030
 *(SORT_BY_ALIGNMENT(.boot_hdr.dcd_data))
                0x0000000000001030                __boot_hdr_end__ = ABSOLUTE (.)
                0x0000000000002000                . = 0x2000
 *fill*         0x0000000060001030      0xfd0 ff

.text           0x0000000060002000    0x145a0
 FILL mask 0xff
                0x0000000060002000                __vectors_start__ = ABSOLUTE (.)
 *(SORT_BY_ALIGNMENT(.isr_vector))
 .isr_vector    0x0000000060002000      0x2a0 ./startup/startup_mimxrt1052.o
                0x0000000060002000                __Vectors
                0x0000000060002000                g_pfnVectors
                0x00000000600022a0                . = ALIGN (0x4)
                0x00000000600022a0                __section_table_start = .
                0x00000000600022a0                __data_section_table = .
                0x00000000600022a0        0x4 LONG 0x600165a0 LOADADDR (.data)
                0x00000000600022a4        0x4 LONG 0x20000000 ADDR (.data)
                0x00000000600022a8        0x4 LONG 0x1c SIZEOF (.data)
                0x00000000600022ac        0x4 LONG 0x600165a0 LOADADDR (.data_RAM2)
                0x00000000600022b0        0x4 LONG 0x0 ADDR (.data_RAM2)
                0x00000000600022b4        0x4 LONG 0x0 SIZEOF (.data_RAM2)
                0x00000000600022b8        0x4 LONG 0x600165a0 LOADADDR (.data_RAM3)
                0x00000000600022bc        0x4 LONG 0x20200000 ADDR (.data_RAM3)
                0x00000000600022c0        0x4 LONG 0x0 SIZEOF (.data_RAM3)
                0x00000000600022c4        0x4 LONG 0x600165a0 LOADADDR (.data_RAM4)
                0x00000000600022c8        0x4 LONG 0x80000000 ADDR (.data_RAM4)
                0x00000000600022cc        0x4 LONG 0x0 SIZEOF (.data_RAM4)
                0x00000000600022d0                __data_section_table_end = .
                0x00000000600022d0                __bss_section_table = .
                0x00000000600022d0        0x4 LONG 0x2000001c ADDR (.bss)
                0x00000000600022d4        0x4 LONG 0x240 SIZEOF (.bss)
                0x00000000600022d8        0x4 LONG 0x0 ADDR (.bss_RAM2)
                0x00000000600022dc        0x4 LONG 0x0 SIZEOF (.bss_RAM2)
                0x00000000600022e0        0x4 LONG 0x20200000 ADDR (.bss_RAM3)
                0x00000000600022e4        0x4 LONG 0x0 SIZEOF (.bss_RAM3)
                0x00000000600022e8        0x4 LONG 0x80000000 ADDR (.bss_RAM4)
                0x00000000600022ec        0x4 LONG 0x0 SIZEOF (.bss_RAM4)
                0x00000000600022f0                __bss_section_table_end = .
                0x00000000600022f0                __section_table_end = .
 *(SORT_BY_ALIGNMENT(.after_vectors*))
 .after_vectors.reset
                0x00000000600022f0       0x4c ./startup/startup_mimxrt1052.o
                0x00000000600022f0                ResetISR
 .after_vectors.init_data
                0x000000006000233c       0x1e ./startup/startup_mimxrt1052.o
                0x000000006000233c                data_init
 .after_vectors.init_bss
                0x000000006000235a       0x12 ./startup/startup_mimxrt1052.o
                0x000000006000235a                bss_init
 .after_vectors
                0x000000006000236c        0xc ./startup/startup_mimxrt1052.o
                0x000000006000236c                NMI_Handler
                0x0000000060002370                SVC_Handler
                0x0000000060002372                PendSV_Handler
                0x0000000060002374                SysTick_Handler
                0x0000000060002376                ACMP4_DriverIRQHandler
                0x0000000060002376                Reserved87_DriverIRQHandler
                0x0000000060002376                KPP_DriverIRQHandler
                0x0000000060002376                LPSPI2_DriverIRQHandler
                0x0000000060002376                LCDIF_DriverIRQHandler
                0x0000000060002376                CCM_2_DriverIRQHandler
                0x0000000060002376                PIT_DriverIRQHandler
                0x0000000060002376                PMU_EVENT_DriverIRQHandler
                0x0000000060002376                PWM4_FAULT_DriverIRQHandler
                0x0000000060002376                DMA13_DMA29_DriverIRQHandler
                0x0000000060002376                FLEXRAM_DriverIRQHandler
                0x0000000060002376                LPSPI4_DriverIRQHandler
                0x0000000060002376                SEMC_DriverIRQHandler
                0x0000000060002376                SPDIF_DriverIRQHandler
                0x0000000060002376                PWM4_3_DriverIRQHandler
                0x0000000060002376                USB_PHY1_DriverIRQHandler
                0x0000000060002376                GPIO3_Combined_0_15_DriverIRQHandler
                0x0000000060002376                DMA7_DMA23_DriverIRQHandler
                0x0000000060002376                BEE_DriverIRQHandler
                0x0000000060002376                GPR_IRQ_DriverIRQHandler
                0x0000000060002376                PWM2_FAULT_DriverIRQHandler
                0x0000000060002376                PWM3_1_DriverIRQHandler
                0x0000000060002376                DMA14_DMA30_DriverIRQHandler
                0x0000000060002376                TMR1_DriverIRQHandler
                0x0000000060002376                TRNG_DriverIRQHandler
                0x0000000060002376                PWM3_2_DriverIRQHandler
                0x0000000060002376                ENET_1588_Timer_DriverIRQHandler
                0x0000000060002376                FLEXIO2_DriverIRQHandler
                0x0000000060002376                GPIO2_Combined_16_31_DriverIRQHandler
                0x0000000060002376                Reserved143_DriverIRQHandler
                0x0000000060002376                PWM4_1_DriverIRQHandler
                0x0000000060002376                PWM3_3_DriverIRQHandler
                0x0000000060002376                DMA0_DMA16_DriverIRQHandler
                0x0000000060002376                IntDefaultHandler
                0x0000000060002376                DMA2_DMA18_DriverIRQHandler
                0x0000000060002376                SRC_DriverIRQHandler
                0x0000000060002376                GPIO1_INT4_DriverIRQHandler
                0x0000000060002376                Reserved144_DriverIRQHandler
                0x0000000060002376                USDHC1_DriverIRQHandler
                0x0000000060002376                ENC3_DriverIRQHandler
                0x0000000060002376                PWM3_FAULT_DriverIRQHandler
                0x0000000060002376                EWM_DriverIRQHandler
                0x0000000060002376                TSC_DIG_DriverIRQHandler
                0x0000000060002376                WDOG1_DriverIRQHandler
                0x0000000060002376                FLEXIO1_DriverIRQHandler
                0x0000000060002376                ENET_DriverIRQHandler
                0x0000000060002376                Reserved78_DriverIRQHandler
                0x0000000060002376                TMR4_DriverIRQHandler
                0x0000000060002376                ENC2_DriverIRQHandler
                0x0000000060002376                ADC_ETC_IRQ2_DriverIRQHandler
                0x0000000060002376                GPIO1_Combined_16_31_DriverIRQHandler
                0x0000000060002376                GPIO1_INT7_DriverIRQHandler
                0x0000000060002376                DCDC_DriverIRQHandler
                0x0000000060002376                DMA12_DMA28_DriverIRQHandler
                0x0000000060002376                PWM4_0_DriverIRQHandler
                0x0000000060002376                ADC_ETC_ERROR_IRQ_DriverIRQHandler
                0x0000000060002376                ACMP2_DriverIRQHandler
                0x0000000060002376                GPIO5_Combined_0_15_DriverIRQHandler
                0x0000000060002376                GPIO1_INT0_DriverIRQHandler
                0x0000000060002376                GPIO1_INT2_DriverIRQHandler
                0x0000000060002376                RTWDOG_DriverIRQHandler
                0x0000000060002376                FLEXSPI_DriverIRQHandler
                0x0000000060002376                GPT2_DriverIRQHandler
                0x0000000060002376                USB_PHY2_DriverIRQHandler
                0x0000000060002376                DMA10_DMA26_DriverIRQHandler
                0x0000000060002376                PWM2_1_DriverIRQHandler
                0x0000000060002376                PWM1_1_DriverIRQHandler
                0x0000000060002376                PXP_DriverIRQHandler
                0x0000000060002376                ADC1_DriverIRQHandler
                0x0000000060002376                PWM1_0_DriverIRQHandler
                0x0000000060002376                SJC_DriverIRQHandler
                0x0000000060002376                DMA1_DMA17_DriverIRQHandler
                0x0000000060002376                ENC1_DriverIRQHandler
                0x0000000060002376                ENC4_DriverIRQHandler
                0x0000000060002376                CAN2_DriverIRQHandler
                0x0000000060002376                DCP_DriverIRQHandler
                0x0000000060002376                CTI0_ERROR_DriverIRQHandler
                0x0000000060002376                DMA8_DMA24_DriverIRQHandler
                0x0000000060002376                GPT1_DriverIRQHandler
                0x0000000060002376                ACMP3_DriverIRQHandler
                0x0000000060002376                DMA6_DMA22_DriverIRQHandler
                0x0000000060002376                CSU_DriverIRQHandler
                0x0000000060002376                GPIO1_INT5_DriverIRQHandler
                0x0000000060002376                TMR3_DriverIRQHandler
                0x0000000060002376                TMR2_DriverIRQHandler
                0x0000000060002376                CTI1_ERROR_DriverIRQHandler
                0x0000000060002376                GPIO1_Combined_0_15_DriverIRQHandler
                0x0000000060002376                USDHC2_DriverIRQHandler
                0x0000000060002376                PWM4_2_DriverIRQHandler
                0x0000000060002376                CORE_DriverIRQHandler
                0x0000000060002376                DMA11_DMA27_DriverIRQHandler
                0x0000000060002376                CSI_DriverIRQHandler
                0x0000000060002376                PWM2_3_DriverIRQHandler
                0x0000000060002376                XBAR1_IRQ_2_3_DriverIRQHandler
                0x0000000060002376                SNVS_HP_WRAPPER_TZ_DriverIRQHandler
                0x0000000060002376                GPIO3_Combined_16_31_DriverIRQHandler
                0x0000000060002376                PWM1_FAULT_DriverIRQHandler
                0x0000000060002376                PWM2_2_DriverIRQHandler
                0x0000000060002376                DMA4_DMA20_DriverIRQHandler
                0x0000000060002376                DMA9_DMA25_DriverIRQHandler
                0x0000000060002376                SNVS_HP_WRAPPER_DriverIRQHandler
                0x0000000060002376                XBAR1_IRQ_0_1_DriverIRQHandler
                0x0000000060002376                ADC_ETC_IRQ1_DriverIRQHandler
                0x0000000060002376                LPSPI1_DriverIRQHandler
                0x0000000060002376                DMA3_DMA19_DriverIRQHandler
                0x0000000060002376                GPIO1_INT3_DriverIRQHandler
                0x0000000060002376                DCP_VMI_DriverIRQHandler
                0x0000000060002376                GPC_DriverIRQHandler
                0x0000000060002376                Reserved123_DriverIRQHandler
                0x0000000060002376                GPIO2_Combined_0_15_DriverIRQHandler
                0x0000000060002376                PWM1_2_DriverIRQHandler
                0x0000000060002376                USB_OTG1_DriverIRQHandler
                0x0000000060002376                TEMP_LOW_HIGH_DriverIRQHandler
                0x0000000060002376                WDOG2_DriverIRQHandler
                0x0000000060002376                Reserved68_DriverIRQHandler
                0x0000000060002376                PWM3_0_DriverIRQHandler
                0x0000000060002376                GPIO4_Combined_0_15_DriverIRQHandler
                0x0000000060002376                GPIO4_Combined_16_31_DriverIRQHandler
                0x0000000060002376                GPIO5_Combined_16_31_DriverIRQHandler
                0x0000000060002376                DMA5_DMA21_DriverIRQHandler
                0x0000000060002376                CCM_1_DriverIRQHandler
                0x0000000060002376                ADC2_DriverIRQHandler
                0x0000000060002376                Reserved115_DriverIRQHandler
                0x0000000060002376                TEMP_PANIC_DriverIRQHandler
                0x0000000060002376                DMA15_DMA31_DriverIRQHandler
                0x0000000060002376                LPSPI3_DriverIRQHandler
                0x0000000060002376                PWM1_3_DriverIRQHandler
                0x0000000060002376                ACMP1_DriverIRQHandler
                0x0000000060002376                Reserved86_DriverIRQHandler
                0x0000000060002376                DMA_ERROR_DriverIRQHandler
                0x0000000060002376                ADC_ETC_IRQ0_DriverIRQHandler
                0x0000000060002376                CAN1_DriverIRQHandler
                0x0000000060002376                GPIO1_INT6_DriverIRQHandler
                0x0000000060002376                GPIO1_INT1_DriverIRQHandler
                0x0000000060002376                PWM2_0_DriverIRQHandler
                0x0000000060002376                SNVS_LP_WRAPPER_DriverIRQHandler
                0x0000000060002376                USB_OTG2_DriverIRQHandler
 *(SORT_BY_ALIGNMENT(.text*))
 .text.DbgConsole_Init
                0x0000000060002378       0xf8 ./utilities/fsl_debug_console.o
                0x0000000060002378                DbgConsole_Init
 .text.CLOCK_SetMux
                0x0000000060002470       0x9c ./source_transfer/sai_interrupt_transfer.o
 .text.CLOCK_SetDiv
                0x000000006000250c       0x9c ./source_transfer/sai_interrupt_transfer.o
 .text.BOARD_EnableSaiMclkOutput
                0x00000000600025a8       0x3c ./source_transfer/sai_interrupt_transfer.o
                0x00000000600025a8                BOARD_EnableSaiMclkOutput
 .text.callback
                0x00000000600025e4       0x24 ./source_transfer/sai_interrupt_transfer.o
 .text.main     0x0000000060002608      0x174 ./source_transfer/sai_interrupt_transfer.o
                0x0000000060002608                main
 .text.CLOCK_GetOscFreq
                0x000000006000277c       0x30 ./drivers/fsl_clock.o
 .text.CLOCK_GetPeriphClkFreq
                0x00000000600027ac       0xe0 ./drivers/fsl_clock.o
 .text.CLOCK_InitExternalClk
                0x000000006000288c       0x6c ./drivers/fsl_clock.o
                0x000000006000288c                CLOCK_InitExternalClk
 .text.CLOCK_SwitchOsc
                0x00000000600028f8       0x34 ./drivers/fsl_clock.o
                0x00000000600028f8                CLOCK_SwitchOsc
 .text.CLOCK_InitRcOsc24M
                0x000000006000292c       0x24 ./drivers/fsl_clock.o
                0x000000006000292c                CLOCK_InitRcOsc24M
 .text.CLOCK_GetAhbFreq
                0x0000000060002950       0x24 ./drivers/fsl_clock.o
                0x0000000060002950                CLOCK_GetAhbFreq
 .text.CLOCK_GetSemcFreq
                0x0000000060002974       0x5c ./drivers/fsl_clock.o
                0x0000000060002974                CLOCK_GetSemcFreq
 .text.CLOCK_GetIpgFreq
                0x00000000600029d0       0x24 ./drivers/fsl_clock.o
                0x00000000600029d0                CLOCK_GetIpgFreq
 .text.CLOCK_GetPerClkFreq
                0x00000000600029f4       0x44 ./drivers/fsl_clock.o
                0x00000000600029f4                CLOCK_GetPerClkFreq
 .text.CLOCK_GetFreq
                0x0000000060002a38      0x170 ./drivers/fsl_clock.o
                0x0000000060002a38                CLOCK_GetFreq
 .text.CLOCK_InitArmPll
                0x0000000060002ba8       0x68 ./drivers/fsl_clock.o
                0x0000000060002ba8                CLOCK_InitArmPll
 .text.CLOCK_InitSysPll
                0x0000000060002c10       0x9c ./drivers/fsl_clock.o
                0x0000000060002c10                CLOCK_InitSysPll
 .text.CLOCK_DeinitUsb2Pll
                0x0000000060002cac       0x18 ./drivers/fsl_clock.o
                0x0000000060002cac                CLOCK_DeinitUsb2Pll
 .text.CLOCK_InitAudioPll
                0x0000000060002cc4      0x12c ./drivers/fsl_clock.o
                0x0000000060002cc4                CLOCK_InitAudioPll
 .text.CLOCK_DeinitAudioPll
                0x0000000060002df0       0x1c ./drivers/fsl_clock.o
                0x0000000060002df0                CLOCK_DeinitAudioPll
 .text.CLOCK_DeinitVideoPll
                0x0000000060002e0c       0x1c ./drivers/fsl_clock.o
                0x0000000060002e0c                CLOCK_DeinitVideoPll
 .text.CLOCK_DeinitEnetPll
                0x0000000060002e28       0x1c ./drivers/fsl_clock.o
                0x0000000060002e28                CLOCK_DeinitEnetPll
 .text.CLOCK_GetPllFreq
                0x0000000060002e44      0x2ec ./drivers/fsl_clock.o
                0x0000000060002e44                CLOCK_GetPllFreq
 .text.CLOCK_InitSysPfd
                0x0000000060003130       0x64 ./drivers/fsl_clock.o
                0x0000000060003130                CLOCK_InitSysPfd
 .text.CLOCK_GetSysPfdFreq
                0x0000000060003194       0xac ./drivers/fsl_clock.o
                0x0000000060003194                CLOCK_GetSysPfdFreq
 .text.CLOCK_GetUsb1PfdFreq
                0x0000000060003240       0xac ./drivers/fsl_clock.o
                0x0000000060003240                CLOCK_GetUsb1PfdFreq
 .text.CLOCK_ControlGate
                0x00000000600032ec       0x64 ./drivers/fsl_lpi2c.o
 .text.LPI2C_GetInstance
                0x0000000060003350       0x44 ./drivers/fsl_lpi2c.o
                0x0000000060003350                LPI2C_GetInstance
 .text.LPI2C_GetCyclesForWidth
                0x0000000060003394       0x9c ./drivers/fsl_lpi2c.o
 .text.LPI2C_MasterCheckAndClearError
                0x0000000060003430       0x8c ./drivers/fsl_lpi2c.o
                0x0000000060003430                LPI2C_MasterCheckAndClearError
 .text.LPI2C_MasterGetDefaultConfig
                0x00000000600034bc       0x6c ./drivers/fsl_lpi2c.o
                0x00000000600034bc                LPI2C_MasterGetDefaultConfig
 .text.LPI2C_MasterInit
                0x0000000060003528      0x1cc ./drivers/fsl_lpi2c.o
                0x0000000060003528                LPI2C_MasterInit
 .text.LPI2C_MasterSetBaudRate
                0x00000000600036f4      0x178 ./drivers/fsl_lpi2c.o
                0x00000000600036f4                LPI2C_MasterSetBaudRate
 .text.LPI2C_MasterReceive
                0x000000006000386c       0x98 ./drivers/fsl_lpi2c.o
                0x000000006000386c                LPI2C_MasterReceive
 .text.LPI2C_MasterSend
                0x0000000060003904       0x54 ./drivers/fsl_lpi2c.o
                0x0000000060003904                LPI2C_MasterSend
 .text.LPI2C_CommonIRQHandler
                0x0000000060003958       0x70 ./drivers/fsl_lpi2c.o
 .text.LPI2C1_DriverIRQHandler
                0x00000000600039c8       0x14 ./drivers/fsl_lpi2c.o
                0x00000000600039c8                LPI2C1_DriverIRQHandler
 .text.LPI2C2_DriverIRQHandler
                0x00000000600039dc       0x14 ./drivers/fsl_lpi2c.o
                0x00000000600039dc                LPI2C2_DriverIRQHandler
 .text.LPI2C3_DriverIRQHandler
                0x00000000600039f0       0x14 ./drivers/fsl_lpi2c.o
                0x00000000600039f0                LPI2C3_DriverIRQHandler
 .text.LPI2C4_DriverIRQHandler
                0x0000000060003a04       0x14 ./drivers/fsl_lpi2c.o
                0x0000000060003a04                LPI2C4_DriverIRQHandler
 .text.CLOCK_ControlGate
                0x0000000060003a18       0x64 ./drivers/fsl_lpuart.o
 .text.LPUART_GetInstance
                0x0000000060003a7c       0x4c ./drivers/fsl_lpuart.o
                0x0000000060003a7c                LPUART_GetInstance
 .text.LPUART_Init
                0x0000000060003ac8      0x304 ./drivers/fsl_lpuart.o
                0x0000000060003ac8                LPUART_Init
 .text.LPUART_GetDefaultConfig
                0x0000000060003dcc       0x88 ./drivers/fsl_lpuart.o
                0x0000000060003dcc                LPUART_GetDefaultConfig
 .text.LPUART1_DriverIRQHandler
                0x0000000060003e54       0x24 ./drivers/fsl_lpuart.o
                0x0000000060003e54                LPUART1_DriverIRQHandler
 .text.LPUART2_DriverIRQHandler
                0x0000000060003e78       0x24 ./drivers/fsl_lpuart.o
                0x0000000060003e78                LPUART2_DriverIRQHandler
 .text.LPUART3_DriverIRQHandler
                0x0000000060003e9c       0x24 ./drivers/fsl_lpuart.o
                0x0000000060003e9c                LPUART3_DriverIRQHandler
 .text.LPUART4_DriverIRQHandler
                0x0000000060003ec0       0x24 ./drivers/fsl_lpuart.o
                0x0000000060003ec0                LPUART4_DriverIRQHandler
 .text.LPUART5_DriverIRQHandler
                0x0000000060003ee4       0x24 ./drivers/fsl_lpuart.o
                0x0000000060003ee4                LPUART5_DriverIRQHandler
 .text.LPUART6_DriverIRQHandler
                0x0000000060003f08       0x24 ./drivers/fsl_lpuart.o
                0x0000000060003f08                LPUART6_DriverIRQHandler
 .text.LPUART7_DriverIRQHandler
                0x0000000060003f2c       0x24 ./drivers/fsl_lpuart.o
                0x0000000060003f2c                LPUART7_DriverIRQHandler
 .text.LPUART8_DriverIRQHandler
                0x0000000060003f50       0x24 ./drivers/fsl_lpuart.o
                0x0000000060003f50                LPUART8_DriverIRQHandler
 .text.__NVIC_EnableIRQ
                0x0000000060003f74       0x3c ./drivers/fsl_sai.o
 .text.CLOCK_ControlGate
                0x0000000060003fb0       0x64 ./drivers/fsl_sai.o
 .text.SAI_GetInstance
                0x0000000060004014       0x4c ./drivers/fsl_sai.o
 .text.SAI_TxInit
                0x0000000060004060      0x208 ./drivers/fsl_sai.o
                0x0000000060004060                SAI_TxInit
 .text.SAI_TxEnable
                0x0000000060004268       0x78 ./drivers/fsl_sai.o
                0x0000000060004268                SAI_TxEnable
 .text.SAI_TxSetFormat
                0x00000000600042e0      0x214 ./drivers/fsl_sai.o
                0x00000000600042e0                SAI_TxSetFormat
 .text.SAI_TransferTxCreateHandle
                0x00000000600044f4       0x7c ./drivers/fsl_sai.o
                0x00000000600044f4                SAI_TransferTxCreateHandle
 .text.SAI_TransferTxSetFormat
                0x0000000060004570       0x78 ./drivers/fsl_sai.o
                0x0000000060004570                SAI_TransferTxSetFormat
 .text.SAI_TransferSendNonBlocking
                0x00000000600045e8       0xc0 ./drivers/fsl_sai.o
                0x00000000600045e8                SAI_TransferSendNonBlocking
 .text.SAI_TransferAbortSend
                0x00000000600046a8       0x58 ./drivers/fsl_sai.o
                0x00000000600046a8                SAI_TransferAbortSend
 .text.SAI_TransferTxHandleIRQ
                0x0000000060004700      0x1d8 ./drivers/fsl_sai.o
                0x0000000060004700                SAI_TransferTxHandleIRQ
 .text.SAI1_DriverIRQHandler
                0x00000000600048d8       0xac ./drivers/fsl_sai.o
                0x00000000600048d8                SAI1_DriverIRQHandler
 .text.SAI2_DriverIRQHandler
                0x0000000060004984       0xac ./drivers/fsl_sai.o
                0x0000000060004984                SAI2_DriverIRQHandler
 .text.SAI3_TX_DriverIRQHandler
                0x0000000060004a30       0x34 ./drivers/fsl_sai.o
                0x0000000060004a30                SAI3_TX_DriverIRQHandler
 .text.SAI3_RX_DriverIRQHandler
                0x0000000060004a64       0x34 ./drivers/fsl_sai.o
                0x0000000060004a64                SAI3_RX_DriverIRQHandler
 .text.SCB_EnableICache
                0x0000000060004a98       0x40 ./device/system_MIMXRT1052.o
 .text.SCB_EnableDCache
                0x0000000060004ad8       0x80 ./device/system_MIMXRT1052.o
 .text.SystemInit
                0x0000000060004b58       0xf4 ./device/system_MIMXRT1052.o
                0x0000000060004b58                SystemInit
 .text.HAL_UartInit
                0x0000000060004c4c      0x100 ./component/uart/lpuart_adapter.o
                0x0000000060004c4c                HAL_UartInit
 .text.SerialManager_Init
                0x0000000060004d4c       0x74 ./component/serial_manager/serial_manager.o
                0x0000000060004d4c                SerialManager_Init
 .text.SerialManager_OpenWriteHandle
                0x0000000060004dc0       0x58 ./component/serial_manager/serial_manager.o
                0x0000000060004dc0                SerialManager_OpenWriteHandle
 .text.SerialManager_OpenReadHandle
                0x0000000060004e18       0x60 ./component/serial_manager/serial_manager.o
                0x0000000060004e18                SerialManager_OpenReadHandle
 .text.Serial_UartInit
                0x0000000060004e78       0x80 ./component/serial_manager/serial_port_uart.o
                0x0000000060004e78                Serial_UartInit
 .text.WM8960_Init
                0x0000000060004ef8      0x1c4 ./codec/fsl_wm8960.o
                0x0000000060004ef8                WM8960_Init
 .text.WM8960_SetModule
                0x00000000600050bc      0x19c ./codec/fsl_wm8960.o
                0x00000000600050bc                WM8960_SetModule
 .text.WM8960_SetDataRoute
                0x0000000060005258      0x114 ./codec/fsl_wm8960.o
                0x0000000060005258                WM8960_SetDataRoute
 .text.WM8960_SetLeftInput
                0x000000006000536c      0x1a0 ./codec/fsl_wm8960.o
                0x000000006000536c                WM8960_SetLeftInput
 .text.WM8960_SetRightInput
                0x000000006000550c      0x1a0 ./codec/fsl_wm8960.o
                0x000000006000550c                WM8960_SetRightInput
 .text.WM8960_SetProtocol
                0x00000000600056ac       0xac ./codec/fsl_wm8960.o
                0x00000000600056ac                WM8960_SetProtocol
 .text.WM8960_ConfigDataFormat
                0x0000000060005758      0x1f4 ./codec/fsl_wm8960.o
                0x0000000060005758                WM8960_ConfigDataFormat
 .text.WM8960_WriteReg
                0x000000006000594c       0x6c ./codec/fsl_wm8960.o
                0x000000006000594c                WM8960_WriteReg
 .text.WM8960_ReadReg
                0x00000000600059b8       0x34 ./codec/fsl_wm8960.o
                0x00000000600059b8                WM8960_ReadReg
 .text.ARM_MPU_Enable
                0x00000000600059ec       0x3c ./board/board.o
 .text.ARM_MPU_Disable
                0x0000000060005a28       0x38 ./board/board.o
 .text.SCB_EnableICache
                0x0000000060005a60       0x40 ./board/board.o
 .text.SCB_DisableICache
                0x0000000060005aa0       0x38 ./board/board.o
 .text.SCB_EnableDCache
                0x0000000060005ad8       0x80 ./board/board.o
 .text.SCB_DisableDCache
                0x0000000060005b58       0x68 ./board/board.o
 .text.CLOCK_GetMux
                0x0000000060005bc0       0x44 ./board/board.o
 .text.CLOCK_GetDiv
                0x0000000060005c04       0x44 ./board/board.o
 .text.CLOCK_GetOscFreq
                0x0000000060005c48       0x30 ./board/board.o
 .text.BOARD_DebugConsoleSrcFreq
                0x0000000060005c78       0x64 ./board/board.o
                0x0000000060005c78                BOARD_DebugConsoleSrcFreq
 .text.BOARD_Codec_I2C_Init
                0x0000000060005cdc       0x28 ./board/board.o
                0x0000000060005cdc                BOARD_Codec_I2C_Init
 .text.BOARD_Codec_I2C_Send
                0x0000000060005d04       0x38 ./board/board.o
                0x0000000060005d04                BOARD_Codec_I2C_Send
 .text.BOARD_Codec_I2C_Receive
                0x0000000060005d3c       0x38 ./board/board.o
                0x0000000060005d3c                BOARD_Codec_I2C_Receive
 .text.BOARD_ConfigMPU
                0x0000000060005d74       0xec ./board/board.o
                0x0000000060005d74                BOARD_ConfigMPU
 .text.CLOCK_SetMux
                0x0000000060005e60       0x9c ./board/clock_config.o
 .text.CLOCK_SetDiv
                0x0000000060005efc       0x9c ./board/clock_config.o
 .text.CLOCK_ControlGate
                0x0000000060005f98       0x64 ./board/clock_config.o
 .text.CLOCK_SetXtalFreq
                0x0000000060005ffc       0x20 ./board/clock_config.o
 .text.CLOCK_SetRtcXtalFreq
                0x000000006000601c       0x20 ./board/clock_config.o
 .text.IOMUXC_EnableMode
                0x000000006000603c       0x48 ./board/clock_config.o
 .text.IOMUXC_MQSConfig
                0x0000000060006084       0x44 ./board/clock_config.o
 .text.BOARD_BootClockRUN
                0x00000000600060c8      0x628 ./board/clock_config.o
                0x00000000600060c8                BOARD_BootClockRUN
 .text.CLOCK_ControlGate
                0x00000000600066f0       0x64 ./board/pin_mux.o
 .text.BOARD_InitPins
                0x0000000060006754      0x1b8 ./board/pin_mux.o
                0x0000000060006754                BOARD_InitPins
 .text.__assertion_failed
                0x000000006000690c       0x4c /usr/local/mcuxpressoide-10.3.1_2233/ide/plugins/com.nxp.mcuxpresso.tools.linux_10.3.0.201811011841/tools/bin/../lib/gcc/arm-none-eabi/7.3.1/../../../../arm-none-eabi/lib/thumb/v7e-m/fpv5/hard/libcr_semihost_nf.a(_cr_assert.o)
                0x000000006000690c                __assertion_failed
 .text.__sys_appexit
                0x0000000060006958        0xc /usr/local/mcuxpressoide-10.3.1_2233/ide/plugins/com.nxp.mcuxpresso.tools.linux_10.3.0.201811011841/tools/bin/../lib/gcc/arm-none-eabi/7.3.1/../../../../arm-none-eabi/lib/thumb/v7e-m/fpv5/hard/libcr_semihost_nf.a(__sys_appexit.o)
                0x0000000060006958                __exit
                0x0000000060006958                __sys_appexit
 .text._Cwritebuf
                0x0000000060006964       0x6c /usr/local/mcuxpressoide-10.3.1_2233/ide/plugins/com.nxp.mcuxpresso.tools.linux_10.3.0.201811011841/tools/bin/../lib/gcc/arm-none-eabi/7.3.1/../../../../arm-none-eabi/lib/thumb/v7e-m/fpv5/hard/libcr_c.a(_writebuf.o)
                0x0000000060006964                _Cwritebuf
 .text.malloc   0x00000000600069d0       0xc8 /usr/local/mcuxpressoide-10.3.1_2233/ide/plugins/com.nxp.mcuxpresso.tools.linux_10.3.0.201811011841/tools/bin/../lib/gcc/arm-none-eabi/7.3.1/../../../../arm-none-eabi/lib/thumb/v7e-m/fpv5/hard/libcr_c.a(alloc.o)
                0x00000000600069d0                malloc
 .text._Csys_alloc
                0x0000000060006a98       0x20 /usr/local/mcuxpressoide-10.3.1_2233/ide/plugins/com.nxp.mcuxpresso.tools.linux_10.3.0.201811011841/tools/bin/../lib/gcc/arm-none-eabi/7.3.1/../../../../arm-none-eabi/lib/thumb/v7e-m/fpv5/hard/libcr_c.a(alloc.o)
                0x0000000060006a98                _Csys_alloc
 .text.fseek    0x0000000060006ab8      0x100 /usr/local/mcuxpressoide-10.3.1_2233/ide/plugins/com.nxp.mcuxpresso.tools.linux_10.3.0.201811011841/tools/bin/../lib/gcc/arm-none-eabi/7.3.1/../../../../arm-none-eabi/lib/thumb/v7e-m/fpv5/hard/libcr_c.a(fseek.o)
                0x0000000060006ab8                fseek
 .text.ftell    0x0000000060006bb8       0x44 /usr/local/mcuxpressoide-10.3.1_2233/ide/plugins/com.nxp.mcuxpresso.tools.linux_10.3.0.201811011841/tools/bin/../lib/gcc/arm-none-eabi/7.3.1/../../../../arm-none-eabi/lib/thumb/v7e-m/fpv5/hard/libcr_c.a(ftell.o)
                0x0000000060006bb8                ftell
 .text._initio  0x0000000060006bfc       0x78 /usr/local/mcuxpressoide-10.3.1_2233/ide/plugins/com.nxp.mcuxpresso.tools.linux_10.3.0.201811011841/tools/bin/../lib/gcc/arm-none-eabi/7.3.1/../../../../arm-none-eabi/lib/thumb/v7e-m/fpv5/hard/libcr_c.a(initio.o)
                0x0000000060006bfc                _initio
 .text.__vfprintf
                0x0000000060006c74      0xb84 /usr/local/mcuxpressoide-10.3.1_2233/ide/plugins/com.nxp.mcuxpresso.tools.linux_10.3.0.201811011841/tools/bin/../lib/gcc/arm-none-eabi/7.3.1/../../../../arm-none-eabi/lib/thumb/v7e-m/fpv5/hard/libcr_c.a(printf.o)
                0x0000000060006c74                __vfprintf
 .text._vsnprintf
                0x00000000600077f8       0x68 /usr/local/mcuxpressoide-10.3.1_2233/ide/plugins/com.nxp.mcuxpresso.tools.linux_10.3.0.201811011841/tools/bin/../lib/gcc/arm-none-eabi/7.3.1/../../../../arm-none-eabi/lib/thumb/v7e-m/fpv5/hard/libcr_c.a(printf.o)
                0x00000000600077f8                _vsnprintf
 .text._printf  0x0000000060007860       0x54 /usr/local/mcuxpressoide-10.3.1_2233/ide/plugins/com.nxp.mcuxpresso.tools.linux_10.3.0.201811011841/tools/bin/../lib/gcc/arm-none-eabi/7.3.1/../../../../arm-none-eabi/lib/thumb/v7e-m/fpv5/hard/libcr_c.a(printf.o)
                0x0000000060007860                _printf
 .text.setvbuf  0x00000000600078b4       0x40 /usr/local/mcuxpressoide-10.3.1_2233/ide/plugins/com.nxp.mcuxpresso.tools.linux_10.3.0.201811011841/tools/bin/../lib/gcc/arm-none-eabi/7.3.1/../../../../arm-none-eabi/lib/thumb/v7e-m/fpv5/hard/libcr_c.a(setvbuf.o)
                0x00000000600078b4                setvbuf
 .text._sbrk    0x00000000600078f4       0x3c /usr/local/mcuxpressoide-10.3.1_2233/ide/plugins/com.nxp.mcuxpresso.tools.linux_10.3.0.201811011841/tools/bin/../lib/gcc/arm-none-eabi/7.3.1/../../../../arm-none-eabi/lib/thumb/v7e-m/fpv5/hard/libcr_c.a(_cr_sbrk.o)
                0x00000000600078f4                _sbrk
 .text.fflush   0x0000000060007930       0x44 /usr/local/mcuxpressoide-10.3.1_2233/ide/plugins/com.nxp.mcuxpresso.tools.linux_10.3.0.201811011841/tools/bin/../lib/gcc/arm-none-eabi/7.3.1/../../../../arm-none-eabi/lib/thumb/v7e-m/fpv5/hard/libcr_c.a(fflush.o)
                0x0000000060007930                fflush
 .text.__check_heap_overflow
                0x0000000060007974       0x18 /usr/local/mcuxpressoide-10.3.1_2233/ide/plugins/com.nxp.mcuxpresso.tools.linux_10.3.0.201811011841/tools/bin/../lib/gcc/arm-none-eabi/7.3.1/../../../../arm-none-eabi/lib/thumb/v7e-m/fpv5/hard/libcr_c.a(_cr_check_heap.o)
                0x0000000060007974                __check_heap_overflow
 .text.DMA0_DMA16_IRQHandler
                0x000000006000798c        0x8 ./startup/startup_mimxrt1052.o
                0x000000006000798c                DMA0_DMA16_IRQHandler
 .text.DMA1_DMA17_IRQHandler
                0x0000000060007994        0x8 ./startup/startup_mimxrt1052.o
                0x0000000060007994                DMA1_DMA17_IRQHandler
 .text.DMA2_DMA18_IRQHandler
                0x000000006000799c        0x8 ./startup/startup_mimxrt1052.o
                0x000000006000799c                DMA2_DMA18_IRQHandler
 .text.DMA3_DMA19_IRQHandler
                0x00000000600079a4        0x8 ./startup/startup_mimxrt1052.o
                0x00000000600079a4                DMA3_DMA19_IRQHandler
 .text.DMA4_DMA20_IRQHandler
                0x00000000600079ac        0x8 ./startup/startup_mimxrt1052.o
                0x00000000600079ac                DMA4_DMA20_IRQHandler
 .text.DMA5_DMA21_IRQHandler
                0x00000000600079b4        0x8 ./startup/startup_mimxrt1052.o
                0x00000000600079b4                DMA5_DMA21_IRQHandler
 .text.DMA6_DMA22_IRQHandler
                0x00000000600079bc        0x8 ./startup/startup_mimxrt1052.o
                0x00000000600079bc                DMA6_DMA22_IRQHandler
 .text.DMA7_DMA23_IRQHandler
                0x00000000600079c4        0x8 ./startup/startup_mimxrt1052.o
                0x00000000600079c4                DMA7_DMA23_IRQHandler
 .text.DMA8_DMA24_IRQHandler
                0x00000000600079cc        0x8 ./startup/startup_mimxrt1052.o
                0x00000000600079cc                DMA8_DMA24_IRQHandler
 .text.DMA9_DMA25_IRQHandler
                0x00000000600079d4        0x8 ./startup/startup_mimxrt1052.o
                0x00000000600079d4                DMA9_DMA25_IRQHandler
 .text.DMA10_DMA26_IRQHandler
                0x00000000600079dc        0x8 ./startup/startup_mimxrt1052.o
                0x00000000600079dc                DMA10_DMA26_IRQHandler
 .text.DMA11_DMA27_IRQHandler
                0x00000000600079e4        0x8 ./startup/startup_mimxrt1052.o
                0x00000000600079e4                DMA11_DMA27_IRQHandler
 .text.DMA12_DMA28_IRQHandler
                0x00000000600079ec        0x8 ./startup/startup_mimxrt1052.o
                0x00000000600079ec                DMA12_DMA28_IRQHandler
 .text.DMA13_DMA29_IRQHandler
                0x00000000600079f4        0x8 ./startup/startup_mimxrt1052.o
                0x00000000600079f4                DMA13_DMA29_IRQHandler
 .text.DMA14_DMA30_IRQHandler
                0x00000000600079fc        0x8 ./startup/startup_mimxrt1052.o
                0x00000000600079fc                DMA14_DMA30_IRQHandler
 .text.DMA15_DMA31_IRQHandler
                0x0000000060007a04        0x8 ./startup/startup_mimxrt1052.o
                0x0000000060007a04                DMA15_DMA31_IRQHandler
 .text.DMA_ERROR_IRQHandler
                0x0000000060007a0c        0x8 ./startup/startup_mimxrt1052.o
                0x0000000060007a0c                DMA_ERROR_IRQHandler
 .text.CTI0_ERROR_IRQHandler
                0x0000000060007a14        0x8 ./startup/startup_mimxrt1052.o
                0x0000000060007a14                CTI0_ERROR_IRQHandler
 .text.CTI1_ERROR_IRQHandler
                0x0000000060007a1c        0x8 ./startup/startup_mimxrt1052.o
                0x0000000060007a1c                CTI1_ERROR_IRQHandler
 .text.CORE_IRQHandler
                0x0000000060007a24        0x8 ./startup/startup_mimxrt1052.o
                0x0000000060007a24                CORE_IRQHandler
 .text.LPUART1_IRQHandler
                0x0000000060007a2c        0x8 ./startup/startup_mimxrt1052.o
                0x0000000060007a2c                LPUART1_IRQHandler
 .text.LPUART2_IRQHandler
                0x0000000060007a34        0x8 ./startup/startup_mimxrt1052.o
                0x0000000060007a34                LPUART2_IRQHandler
 .text.LPUART3_IRQHandler
                0x0000000060007a3c        0x8 ./startup/startup_mimxrt1052.o
                0x0000000060007a3c                LPUART3_IRQHandler
 .text.LPUART4_IRQHandler
                0x0000000060007a44        0x8 ./startup/startup_mimxrt1052.o
                0x0000000060007a44                LPUART4_IRQHandler
 .text.LPUART5_IRQHandler
                0x0000000060007a4c        0x8 ./startup/startup_mimxrt1052.o
                0x0000000060007a4c                LPUART5_IRQHandler
 .text.LPUART6_IRQHandler
                0x0000000060007a54        0x8 ./startup/startup_mimxrt1052.o
                0x0000000060007a54                LPUART6_IRQHandler
 .text.LPUART7_IRQHandler
                0x0000000060007a5c        0x8 ./startup/startup_mimxrt1052.o
                0x0000000060007a5c                LPUART7_IRQHandler
 .text.LPUART8_IRQHandler
                0x0000000060007a64        0x8 ./startup/startup_mimxrt1052.o
                0x0000000060007a64                LPUART8_IRQHandler
 .text.LPI2C1_IRQHandler
                0x0000000060007a6c        0x8 ./startup/startup_mimxrt1052.o
                0x0000000060007a6c                LPI2C1_IRQHandler
 .text.LPI2C2_IRQHandler
                0x0000000060007a74        0x8 ./startup/startup_mimxrt1052.o
                0x0000000060007a74                LPI2C2_IRQHandler
 .text.LPI2C3_IRQHandler
                0x0000000060007a7c        0x8 ./startup/startup_mimxrt1052.o
                0x0000000060007a7c                LPI2C3_IRQHandler
 .text.LPI2C4_IRQHandler
                0x0000000060007a84        0x8 ./startup/startup_mimxrt1052.o
                0x0000000060007a84                LPI2C4_IRQHandler
 .text.LPSPI1_IRQHandler
                0x0000000060007a8c        0x8 ./startup/startup_mimxrt1052.o
                0x0000000060007a8c                LPSPI1_IRQHandler
 .text.LPSPI2_IRQHandler
                0x0000000060007a94        0x8 ./startup/startup_mimxrt1052.o
                0x0000000060007a94                LPSPI2_IRQHandler
 .text.LPSPI3_IRQHandler
                0x0000000060007a9c        0x8 ./startup/startup_mimxrt1052.o
                0x0000000060007a9c                LPSPI3_IRQHandler
 .text.LPSPI4_IRQHandler
                0x0000000060007aa4        0x8 ./startup/startup_mimxrt1052.o
                0x0000000060007aa4                LPSPI4_IRQHandler
 .text.CAN1_IRQHandler
                0x0000000060007aac        0x8 ./startup/startup_mimxrt1052.o
                0x0000000060007aac                CAN1_IRQHandler
 .text.CAN2_IRQHandler
                0x0000000060007ab4        0x8 ./startup/startup_mimxrt1052.o
                0x0000000060007ab4                CAN2_IRQHandler
 .text.FLEXRAM_IRQHandler
                0x0000000060007abc        0x8 ./startup/startup_mimxrt1052.o
                0x0000000060007abc                FLEXRAM_IRQHandler
 .text.KPP_IRQHandler
                0x0000000060007ac4        0x8 ./startup/startup_mimxrt1052.o
                0x0000000060007ac4                KPP_IRQHandler
 .text.TSC_DIG_IRQHandler
                0x0000000060007acc        0x8 ./startup/startup_mimxrt1052.o
                0x0000000060007acc                TSC_DIG_IRQHandler
 .text.GPR_IRQ_IRQHandler
                0x0000000060007ad4        0x8 ./startup/startup_mimxrt1052.o
                0x0000000060007ad4                GPR_IRQ_IRQHandler
 .text.LCDIF_IRQHandler
                0x0000000060007adc        0x8 ./startup/startup_mimxrt1052.o
                0x0000000060007adc                LCDIF_IRQHandler
 .text.CSI_IRQHandler
                0x0000000060007ae4        0x8 ./startup/startup_mimxrt1052.o
                0x0000000060007ae4                CSI_IRQHandler
 .text.PXP_IRQHandler
                0x0000000060007aec        0x8 ./startup/startup_mimxrt1052.o
                0x0000000060007aec                PXP_IRQHandler
 .text.WDOG2_IRQHandler
                0x0000000060007af4        0x8 ./startup/startup_mimxrt1052.o
                0x0000000060007af4                WDOG2_IRQHandler
 .text.SNVS_HP_WRAPPER_IRQHandler
                0x0000000060007afc        0x8 ./startup/startup_mimxrt1052.o
                0x0000000060007afc                SNVS_HP_WRAPPER_IRQHandler
 .text.SNVS_HP_WRAPPER_TZ_IRQHandler
                0x0000000060007b04        0x8 ./startup/startup_mimxrt1052.o
                0x0000000060007b04                SNVS_HP_WRAPPER_TZ_IRQHandler
 .text.SNVS_LP_WRAPPER_IRQHandler
                0x0000000060007b0c        0x8 ./startup/startup_mimxrt1052.o
                0x0000000060007b0c                SNVS_LP_WRAPPER_IRQHandler
 .text.CSU_IRQHandler
                0x0000000060007b14        0x8 ./startup/startup_mimxrt1052.o
                0x0000000060007b14                CSU_IRQHandler
 .text.DCP_IRQHandler
                0x0000000060007b1c        0x8 ./startup/startup_mimxrt1052.o
                0x0000000060007b1c                DCP_IRQHandler
 .text.DCP_VMI_IRQHandler
                0x0000000060007b24        0x8 ./startup/startup_mimxrt1052.o
                0x0000000060007b24                DCP_VMI_IRQHandler
 .text.Reserved68_IRQHandler
                0x0000000060007b2c        0x8 ./startup/startup_mimxrt1052.o
                0x0000000060007b2c                Reserved68_IRQHandler
 .text.TRNG_IRQHandler
                0x0000000060007b34        0x8 ./startup/startup_mimxrt1052.o
                0x0000000060007b34                TRNG_IRQHandler
 .text.SJC_IRQHandler
                0x0000000060007b3c        0x8 ./startup/startup_mimxrt1052.o
                0x0000000060007b3c                SJC_IRQHandler
 .text.BEE_IRQHandler
                0x0000000060007b44        0x8 ./startup/startup_mimxrt1052.o
                0x0000000060007b44                BEE_IRQHandler
 .text.SAI1_IRQHandler
                0x0000000060007b4c        0x8 ./startup/startup_mimxrt1052.o
                0x0000000060007b4c                SAI1_IRQHandler
 .text.SAI2_IRQHandler
                0x0000000060007b54        0x8 ./startup/startup_mimxrt1052.o
                0x0000000060007b54                SAI2_IRQHandler
 .text.SAI3_RX_IRQHandler
                0x0000000060007b5c        0x8 ./startup/startup_mimxrt1052.o
                0x0000000060007b5c                SAI3_RX_IRQHandler
 .text.SAI3_TX_IRQHandler
                0x0000000060007b64        0x8 ./startup/startup_mimxrt1052.o
                0x0000000060007b64                SAI3_TX_IRQHandler
 .text.SPDIF_IRQHandler
                0x0000000060007b6c        0x8 ./startup/startup_mimxrt1052.o
                0x0000000060007b6c                SPDIF_IRQHandler
 .text.PMU_EVENT_IRQHandler
                0x0000000060007b74        0x8 ./startup/startup_mimxrt1052.o
                0x0000000060007b74                PMU_EVENT_IRQHandler
 .text.Reserved78_IRQHandler
                0x0000000060007b7c        0x8 ./startup/startup_mimxrt1052.o
                0x0000000060007b7c                Reserved78_IRQHandler
 .text.TEMP_LOW_HIGH_IRQHandler
                0x0000000060007b84        0x8 ./startup/startup_mimxrt1052.o
                0x0000000060007b84                TEMP_LOW_HIGH_IRQHandler
 .text.TEMP_PANIC_IRQHandler
                0x0000000060007b8c        0x8 ./startup/startup_mimxrt1052.o
                0x0000000060007b8c                TEMP_PANIC_IRQHandler
 .text.USB_PHY1_IRQHandler
                0x0000000060007b94        0x8 ./startup/startup_mimxrt1052.o
                0x0000000060007b94                USB_PHY1_IRQHandler
 .text.USB_PHY2_IRQHandler
                0x0000000060007b9c        0x8 ./startup/startup_mimxrt1052.o
                0x0000000060007b9c                USB_PHY2_IRQHandler
 .text.ADC1_IRQHandler
                0x0000000060007ba4        0x8 ./startup/startup_mimxrt1052.o
                0x0000000060007ba4                ADC1_IRQHandler
 .text.ADC2_IRQHandler
                0x0000000060007bac        0x8 ./startup/startup_mimxrt1052.o
                0x0000000060007bac                ADC2_IRQHandler
 .text.DCDC_IRQHandler
                0x0000000060007bb4        0x8 ./startup/startup_mimxrt1052.o
                0x0000000060007bb4                DCDC_IRQHandler
 .text.Reserved86_IRQHandler
                0x0000000060007bbc        0x8 ./startup/startup_mimxrt1052.o
                0x0000000060007bbc                Reserved86_IRQHandler
 .text.Reserved87_IRQHandler
                0x0000000060007bc4        0x8 ./startup/startup_mimxrt1052.o
                0x0000000060007bc4                Reserved87_IRQHandler
 .text.GPIO1_INT0_IRQHandler
                0x0000000060007bcc        0x8 ./startup/startup_mimxrt1052.o
                0x0000000060007bcc                GPIO1_INT0_IRQHandler
 .text.GPIO1_INT1_IRQHandler
                0x0000000060007bd4        0x8 ./startup/startup_mimxrt1052.o
                0x0000000060007bd4                GPIO1_INT1_IRQHandler
 .text.GPIO1_INT2_IRQHandler
                0x0000000060007bdc        0x8 ./startup/startup_mimxrt1052.o
                0x0000000060007bdc                GPIO1_INT2_IRQHandler
 .text.GPIO1_INT3_IRQHandler
                0x0000000060007be4        0x8 ./startup/startup_mimxrt1052.o
                0x0000000060007be4                GPIO1_INT3_IRQHandler
 .text.GPIO1_INT4_IRQHandler
                0x0000000060007bec        0x8 ./startup/startup_mimxrt1052.o
                0x0000000060007bec                GPIO1_INT4_IRQHandler
 .text.GPIO1_INT5_IRQHandler
                0x0000000060007bf4        0x8 ./startup/startup_mimxrt1052.o
                0x0000000060007bf4                GPIO1_INT5_IRQHandler
 .text.GPIO1_INT6_IRQHandler
                0x0000000060007bfc        0x8 ./startup/startup_mimxrt1052.o
                0x0000000060007bfc                GPIO1_INT6_IRQHandler
 .text.GPIO1_INT7_IRQHandler
                0x0000000060007c04        0x8 ./startup/startup_mimxrt1052.o
                0x0000000060007c04                GPIO1_INT7_IRQHandler
 .text.GPIO1_Combined_0_15_IRQHandler
                0x0000000060007c0c        0x8 ./startup/startup_mimxrt1052.o
                0x0000000060007c0c                GPIO1_Combined_0_15_IRQHandler
 .text.GPIO1_Combined_16_31_IRQHandler
                0x0000000060007c14        0x8 ./startup/startup_mimxrt1052.o
                0x0000000060007c14                GPIO1_Combined_16_31_IRQHandler
 .text.GPIO2_Combined_0_15_IRQHandler
                0x0000000060007c1c        0x8 ./startup/startup_mimxrt1052.o
                0x0000000060007c1c                GPIO2_Combined_0_15_IRQHandler
 .text.GPIO2_Combined_16_31_IRQHandler
                0x0000000060007c24        0x8 ./startup/startup_mimxrt1052.o
                0x0000000060007c24                GPIO2_Combined_16_31_IRQHandler
 .text.GPIO3_Combined_0_15_IRQHandler
                0x0000000060007c2c        0x8 ./startup/startup_mimxrt1052.o
                0x0000000060007c2c                GPIO3_Combined_0_15_IRQHandler
 .text.GPIO3_Combined_16_31_IRQHandler
                0x0000000060007c34        0x8 ./startup/startup_mimxrt1052.o
                0x0000000060007c34                GPIO3_Combined_16_31_IRQHandler
 .text.GPIO4_Combined_0_15_IRQHandler
                0x0000000060007c3c        0x8 ./startup/startup_mimxrt1052.o
                0x0000000060007c3c                GPIO4_Combined_0_15_IRQHandler
 .text.GPIO4_Combined_16_31_IRQHandler
                0x0000000060007c44        0x8 ./startup/startup_mimxrt1052.o
                0x0000000060007c44                GPIO4_Combined_16_31_IRQHandler
 .text.GPIO5_Combined_0_15_IRQHandler
                0x0000000060007c4c        0x8 ./startup/startup_mimxrt1052.o
                0x0000000060007c4c                GPIO5_Combined_0_15_IRQHandler
 .text.GPIO5_Combined_16_31_IRQHandler
                0x0000000060007c54        0x8 ./startup/startup_mimxrt1052.o
                0x0000000060007c54                GPIO5_Combined_16_31_IRQHandler
 .text.FLEXIO1_IRQHandler
                0x0000000060007c5c        0x8 ./startup/startup_mimxrt1052.o
                0x0000000060007c5c                FLEXIO1_IRQHandler
 .text.FLEXIO2_IRQHandler
                0x0000000060007c64        0x8 ./startup/startup_mimxrt1052.o
                0x0000000060007c64                FLEXIO2_IRQHandler
 .text.WDOG1_IRQHandler
                0x0000000060007c6c        0x8 ./startup/startup_mimxrt1052.o
                0x0000000060007c6c                WDOG1_IRQHandler
 .text.RTWDOG_IRQHandler
                0x0000000060007c74        0x8 ./startup/startup_mimxrt1052.o
                0x0000000060007c74                RTWDOG_IRQHandler
 .text.EWM_IRQHandler
                0x0000000060007c7c        0x8 ./startup/startup_mimxrt1052.o
                0x0000000060007c7c                EWM_IRQHandler
 .text.CCM_1_IRQHandler
                0x0000000060007c84        0x8 ./startup/startup_mimxrt1052.o
                0x0000000060007c84                CCM_1_IRQHandler
 .text.CCM_2_IRQHandler
                0x0000000060007c8c        0x8 ./startup/startup_mimxrt1052.o
                0x0000000060007c8c                CCM_2_IRQHandler
 .text.GPC_IRQHandler
                0x0000000060007c94        0x8 ./startup/startup_mimxrt1052.o
                0x0000000060007c94                GPC_IRQHandler
 .text.SRC_IRQHandler
                0x0000000060007c9c        0x8 ./startup/startup_mimxrt1052.o
                0x0000000060007c9c                SRC_IRQHandler
 .text.Reserved115_IRQHandler
                0x0000000060007ca4        0x8 ./startup/startup_mimxrt1052.o
                0x0000000060007ca4                Reserved115_IRQHandler
 .text.GPT1_IRQHandler
                0x0000000060007cac        0x8 ./startup/startup_mimxrt1052.o
                0x0000000060007cac                GPT1_IRQHandler
 .text.GPT2_IRQHandler
                0x0000000060007cb4        0x8 ./startup/startup_mimxrt1052.o
                0x0000000060007cb4                GPT2_IRQHandler
 .text.PWM1_0_IRQHandler
                0x0000000060007cbc        0x8 ./startup/startup_mimxrt1052.o
                0x0000000060007cbc                PWM1_0_IRQHandler
 .text.PWM1_1_IRQHandler
                0x0000000060007cc4        0x8 ./startup/startup_mimxrt1052.o
                0x0000000060007cc4                PWM1_1_IRQHandler
 .text.PWM1_2_IRQHandler
                0x0000000060007ccc        0x8 ./startup/startup_mimxrt1052.o
                0x0000000060007ccc                PWM1_2_IRQHandler
 .text.PWM1_3_IRQHandler
                0x0000000060007cd4        0x8 ./startup/startup_mimxrt1052.o
                0x0000000060007cd4                PWM1_3_IRQHandler
 .text.PWM1_FAULT_IRQHandler
                0x0000000060007cdc        0x8 ./startup/startup_mimxrt1052.o
                0x0000000060007cdc                PWM1_FAULT_IRQHandler
 .text.Reserved123_IRQHandler
                0x0000000060007ce4        0x8 ./startup/startup_mimxrt1052.o
                0x0000000060007ce4                Reserved123_IRQHandler
 .text.FLEXSPI_IRQHandler
                0x0000000060007cec        0x8 ./startup/startup_mimxrt1052.o
                0x0000000060007cec                FLEXSPI_IRQHandler
 .text.SEMC_IRQHandler
                0x0000000060007cf4        0x8 ./startup/startup_mimxrt1052.o
                0x0000000060007cf4                SEMC_IRQHandler
 .text.USDHC1_IRQHandler
                0x0000000060007cfc        0x8 ./startup/startup_mimxrt1052.o
                0x0000000060007cfc                USDHC1_IRQHandler
 .text.USDHC2_IRQHandler
                0x0000000060007d04        0x8 ./startup/startup_mimxrt1052.o
                0x0000000060007d04                USDHC2_IRQHandler
 .text.USB_OTG2_IRQHandler
                0x0000000060007d0c        0x8 ./startup/startup_mimxrt1052.o
                0x0000000060007d0c                USB_OTG2_IRQHandler
 .text.USB_OTG1_IRQHandler
                0x0000000060007d14        0x8 ./startup/startup_mimxrt1052.o
                0x0000000060007d14                USB_OTG1_IRQHandler
 .text.ENET_IRQHandler
                0x0000000060007d1c        0x8 ./startup/startup_mimxrt1052.o
                0x0000000060007d1c                ENET_IRQHandler
 .text.ENET_1588_Timer_IRQHandler
                0x0000000060007d24        0x8 ./startup/startup_mimxrt1052.o
                0x0000000060007d24                ENET_1588_Timer_IRQHandler
 .text.XBAR1_IRQ_0_1_IRQHandler
                0x0000000060007d2c        0x8 ./startup/startup_mimxrt1052.o
                0x0000000060007d2c                XBAR1_IRQ_0_1_IRQHandler
 .text.XBAR1_IRQ_2_3_IRQHandler
                0x0000000060007d34        0x8 ./startup/startup_mimxrt1052.o
                0x0000000060007d34                XBAR1_IRQ_2_3_IRQHandler
 .text.ADC_ETC_IRQ0_IRQHandler
                0x0000000060007d3c        0x8 ./startup/startup_mimxrt1052.o
                0x0000000060007d3c                ADC_ETC_IRQ0_IRQHandler
 .text.ADC_ETC_IRQ1_IRQHandler
                0x0000000060007d44        0x8 ./startup/startup_mimxrt1052.o
                0x0000000060007d44                ADC_ETC_IRQ1_IRQHandler
 .text.ADC_ETC_IRQ2_IRQHandler
                0x0000000060007d4c        0x8 ./startup/startup_mimxrt1052.o
                0x0000000060007d4c                ADC_ETC_IRQ2_IRQHandler
 .text.ADC_ETC_ERROR_IRQ_IRQHandler
                0x0000000060007d54        0x8 ./startup/startup_mimxrt1052.o
                0x0000000060007d54                ADC_ETC_ERROR_IRQ_IRQHandler
 .text.PIT_IRQHandler
                0x0000000060007d5c        0x8 ./startup/startup_mimxrt1052.o
                0x0000000060007d5c                PIT_IRQHandler
 .text.ACMP1_IRQHandler
                0x0000000060007d64        0x8 ./startup/startup_mimxrt1052.o
                0x0000000060007d64                ACMP1_IRQHandler
 .text.ACMP2_IRQHandler
                0x0000000060007d6c        0x8 ./startup/startup_mimxrt1052.o
                0x0000000060007d6c                ACMP2_IRQHandler
 .text.ACMP3_IRQHandler
                0x0000000060007d74        0x8 ./startup/startup_mimxrt1052.o
                0x0000000060007d74                ACMP3_IRQHandler
 .text.ACMP4_IRQHandler
                0x0000000060007d7c        0x8 ./startup/startup_mimxrt1052.o
                0x0000000060007d7c                ACMP4_IRQHandler
 .text.Reserved143_IRQHandler
                0x0000000060007d84        0x8 ./startup/startup_mimxrt1052.o
                0x0000000060007d84                Reserved143_IRQHandler
 .text.Reserved144_IRQHandler
                0x0000000060007d8c        0x8 ./startup/startup_mimxrt1052.o
                0x0000000060007d8c                Reserved144_IRQHandler
 .text.ENC1_IRQHandler
                0x0000000060007d94        0x8 ./startup/startup_mimxrt1052.o
                0x0000000060007d94                ENC1_IRQHandler
 .text.ENC2_IRQHandler
                0x0000000060007d9c        0x8 ./startup/startup_mimxrt1052.o
                0x0000000060007d9c                ENC2_IRQHandler
 .text.ENC3_IRQHandler
                0x0000000060007da4        0x8 ./startup/startup_mimxrt1052.o
                0x0000000060007da4                ENC3_IRQHandler
 .text.ENC4_IRQHandler
                0x0000000060007dac        0x8 ./startup/startup_mimxrt1052.o
                0x0000000060007dac                ENC4_IRQHandler
 .text.TMR1_IRQHandler
                0x0000000060007db4        0x8 ./startup/startup_mimxrt1052.o
                0x0000000060007db4                TMR1_IRQHandler
 .text.TMR2_IRQHandler
                0x0000000060007dbc        0x8 ./startup/startup_mimxrt1052.o
                0x0000000060007dbc                TMR2_IRQHandler
 .text.TMR3_IRQHandler
                0x0000000060007dc4        0x8 ./startup/startup_mimxrt1052.o
                0x0000000060007dc4                TMR3_IRQHandler
 .text.TMR4_IRQHandler
                0x0000000060007dcc        0x8 ./startup/startup_mimxrt1052.o
                0x0000000060007dcc                TMR4_IRQHandler
 .text.PWM2_0_IRQHandler
                0x0000000060007dd4        0x8 ./startup/startup_mimxrt1052.o
                0x0000000060007dd4                PWM2_0_IRQHandler
 .text.PWM2_1_IRQHandler
                0x0000000060007ddc        0x8 ./startup/startup_mimxrt1052.o
                0x0000000060007ddc                PWM2_1_IRQHandler
 .text.PWM2_2_IRQHandler
                0x0000000060007de4        0x8 ./startup/startup_mimxrt1052.o
                0x0000000060007de4                PWM2_2_IRQHandler
 .text.PWM2_3_IRQHandler
                0x0000000060007dec        0x8 ./startup/startup_mimxrt1052.o
                0x0000000060007dec                PWM2_3_IRQHandler
 .text.PWM2_FAULT_IRQHandler
                0x0000000060007df4        0x8 ./startup/startup_mimxrt1052.o
                0x0000000060007df4                PWM2_FAULT_IRQHandler
 .text.PWM3_0_IRQHandler
                0x0000000060007dfc        0x8 ./startup/startup_mimxrt1052.o
                0x0000000060007dfc                PWM3_0_IRQHandler
 .text.PWM3_1_IRQHandler
                0x0000000060007e04        0x8 ./startup/startup_mimxrt1052.o
                0x0000000060007e04                PWM3_1_IRQHandler
 .text.PWM3_2_IRQHandler
                0x0000000060007e0c        0x8 ./startup/startup_mimxrt1052.o
                0x0000000060007e0c                PWM3_2_IRQHandler
 .text.PWM3_3_IRQHandler
                0x0000000060007e14        0x8 ./startup/startup_mimxrt1052.o
                0x0000000060007e14                PWM3_3_IRQHandler
 .text.PWM3_FAULT_IRQHandler
                0x0000000060007e1c        0x8 ./startup/startup_mimxrt1052.o
                0x0000000060007e1c                PWM3_FAULT_IRQHandler
 .text.PWM4_0_IRQHandler
                0x0000000060007e24        0x8 ./startup/startup_mimxrt1052.o
                0x0000000060007e24                PWM4_0_IRQHandler
 .text.PWM4_1_IRQHandler
                0x0000000060007e2c        0x8 ./startup/startup_mimxrt1052.o
                0x0000000060007e2c                PWM4_1_IRQHandler
 .text.PWM4_2_IRQHandler
                0x0000000060007e34        0x8 ./startup/startup_mimxrt1052.o
                0x0000000060007e34                PWM4_2_IRQHandler
 .text.PWM4_3_IRQHandler
                0x0000000060007e3c        0x8 ./startup/startup_mimxrt1052.o
                0x0000000060007e3c                PWM4_3_IRQHandler
 .text.PWM4_FAULT_IRQHandler
                0x0000000060007e44        0x8 ./startup/startup_mimxrt1052.o
                0x0000000060007e44                PWM4_FAULT_IRQHandler
 .text.CODEC_SetFormat
                0x0000000060007e4c       0x26 ./source_transfer/sai_interrupt_transfer.o
 .text.HardFault_Handler
                0x0000000060007e72       0x2c ./source/semihost_hardfault.o
                0x0000000060007e72                HardFault_Handler
 .text.CLOCK_GetRtcFreq
                0x0000000060007e9e       0x12 ./drivers/fsl_clock.o
 .text.CLOCK_IsPllBypassed
                0x0000000060007eb0       0x32 ./drivers/fsl_clock.o
 .text.CLOCK_IsPllEnabled
                0x0000000060007ee2       0x3c ./drivers/fsl_clock.o
 .text.CLOCK_GetPllBypassRefClk
                0x0000000060007f1e       0x34 ./drivers/fsl_clock.o
 .text.CLOCK_EnableClock
                0x0000000060007f52       0x1e ./drivers/fsl_lpi2c.o
 .text.LPI2C_MasterReset
                0x0000000060007f70       0x20 ./drivers/fsl_lpi2c.o
 .text.LPI2C_MasterEnable
                0x0000000060007f90       0x28 ./drivers/fsl_lpi2c.o
 .text.LPI2C_MasterGetStatusFlags
                0x0000000060007fb8       0x18 ./drivers/fsl_lpi2c.o
 .text.LPI2C_MasterClearStatusFlags
                0x0000000060007fd0       0x1c ./drivers/fsl_lpi2c.o
 .text.LPI2C_MasterSetWatermarks
                0x0000000060007fec       0x2c ./drivers/fsl_lpi2c.o
 .text.LPI2C_MasterGetFifoCounts
                0x0000000060008018       0x3e ./drivers/fsl_lpi2c.o
 .text.LPI2C_MasterWaitForTxReady
                0x0000000060008056       0x4e ./drivers/fsl_lpi2c.o
 .text.LPI2C_CheckForBusyBus
                0x00000000600080a4       0x34 ./drivers/fsl_lpi2c.o
                0x00000000600080a4                LPI2C_CheckForBusyBus
 .text.LPI2C_MasterStart
                0x00000000600080d8       0x64 ./drivers/fsl_lpi2c.o
                0x00000000600080d8                LPI2C_MasterStart
 .text.LPI2C_MasterStop
                0x000000006000813c       0x5c ./drivers/fsl_lpi2c.o
                0x000000006000813c                LPI2C_MasterStop
 .text.CLOCK_EnableClock
                0x0000000060008198       0x1e ./drivers/fsl_lpuart.o
 .text.LPUART_SoftwareReset
                0x00000000600081b6       0x2c ./drivers/fsl_lpuart.o
 .text.CLOCK_EnableClock
                0x00000000600081e2       0x1e ./drivers/fsl_sai.o
 .text.EnableIRQ
                0x0000000060008200       0x2c ./drivers/fsl_sai.o
 .text.SAI_TxClearStatusFlags
                0x000000006000822c       0x26 ./drivers/fsl_sai.o
 .text.SAI_TxSetFIFOErrorContinue
                0x0000000060008252       0x38 ./drivers/fsl_sai.o
 .text.SAI_TxEnableInterrupts
                0x000000006000828a       0x26 ./drivers/fsl_sai.o
 .text.SAI_TxDisableInterrupts
                0x00000000600082b0       0x28 ./drivers/fsl_sai.o
 .text.SAI_WriteNonBlocking
                0x00000000600082d8       0xcc ./drivers/fsl_sai.o
 .text.SAI_TxGetDefaultConfig
                0x00000000600083a4       0x32 ./drivers/fsl_sai.o
                0x00000000600083a4                SAI_TxGetDefaultConfig
 .text.SAI_TxReset
                0x00000000600083d6       0x46 ./drivers/fsl_sai.o
                0x00000000600083d6                SAI_TxReset
 .text.SAI_TxSoftwareReset
                0x000000006000841c       0x2e ./drivers/fsl_sai.o
                0x000000006000841c                SAI_TxSoftwareReset
 .text.SystemInitHook
                0x000000006000844a        0xe ./device/system_MIMXRT1052.o
                0x000000006000844a                SystemInitHook
 .text.HAL_UartGetStatus
                0x0000000060008458       0x22 ./component/uart/lpuart_adapter.o
 .text.CODEC_I2C_WriteReg
                0x000000006000847a       0x5a ./codec/fsl_codec_common.o
                0x000000006000847a                CODEC_I2C_WriteReg
 .text.CODEC_Init
                0x00000000600084d4       0x44 ./codec/fsl_codec_common.o
                0x00000000600084d4                CODEC_Init
 .text.WM8960_Deinit
                0x0000000060008518       0x4e ./codec/fsl_wm8960.o
                0x0000000060008518                WM8960_Deinit
 .text.WM8960_SetMasterSlave
                0x0000000060008566       0x34 ./codec/fsl_wm8960.o
                0x0000000060008566                WM8960_SetMasterSlave
 .text.WM8960_ModifyReg
                0x000000006000859a       0x7a ./codec/fsl_wm8960.o
                0x000000006000859a                WM8960_ModifyReg
 .text.LPI2C_MasterGetStatusFlags
                0x0000000060008614       0x18 ./board/board.o
 .text.LPI2C_MasterRepeatedStart
                0x000000006000862c       0x26 ./board/board.o
 .text.BOARD_InitDebugConsole
                0x0000000060008652       0x22 ./board/board.o
                0x0000000060008652                BOARD_InitDebugConsole
 .text.BOARD_LPI2C_Init
                0x0000000060008674       0x3e ./board/board.o
                0x0000000060008674                BOARD_LPI2C_Init
 .text.BOARD_LPI2C_Send
                0x00000000600086b2       0x88 ./board/board.o
                0x00000000600086b2                BOARD_LPI2C_Send
 .text.BOARD_LPI2C_Receive
                0x000000006000873a       0xa0 ./board/board.o
                0x000000006000873a                BOARD_LPI2C_Receive
 .text.CLOCK_DisableClock
                0x00000000600087da       0x1e ./board/clock_config.o
 .text.CLOCK_SetPllBypass
                0x00000000600087f8       0x4e ./board/clock_config.o
 .text.IOMUXC_SetSaiMClkClockSource
                0x0000000060008846       0x6c ./board/clock_config.o
 .text.CLOCK_EnableClock
                0x00000000600088b2       0x1e ./board/pin_mux.o
 .text.IOMUXC_SetPinMux
                0x00000000600088d0       0x3a ./board/pin_mux.o
 .text.IOMUXC_SetPinConfig
                0x000000006000890a       0x26 ./board/pin_mux.o
 .text.__main   0x0000000060008930        0xe /usr/local/mcuxpressoide-10.3.1_2233/ide/plugins/com.nxp.mcuxpresso.tools.linux_10.3.0.201811011841/tools/bin/../lib/gcc/arm-none-eabi/7.3.1/../../../../arm-none-eabi/lib/thumb/v7e-m/fpv5/hard/libcr_semihost_nf.a(_cr__main.o)
                0x0000000060008930                __main
                0x0000000060008930                __CR_SEMIHOST
 .text.memcpy   0x000000006000893e        0x4 /usr/local/mcuxpressoide-10.3.1_2233/ide/plugins/com.nxp.mcuxpresso.tools.linux_10.3.0.201811011841/tools/bin/../lib/gcc/arm-none-eabi/7.3.1/../../../../arm-none-eabi/lib/thumb/v7e-m/fpv5/hard/libcr_c.a(memcpy.o)
                0x000000006000893e                memcpy
 .text.memset   0x0000000060008942        0x4 /usr/local/mcuxpressoide-10.3.1_2233/ide/plugins/com.nxp.mcuxpresso.tools.linux_10.3.0.201811011841/tools/bin/../lib/gcc/arm-none-eabi/7.3.1/../../../../arm-none-eabi/lib/thumb/v7e-m/fpv5/hard/libcr_c.a(memset.o)
                0x0000000060008942                memset
 .text._deferredlazyseek
                0x0000000060008946       0x40 /usr/local/mcuxpressoide-10.3.1_2233/ide/plugins/com.nxp.mcuxpresso.tools.linux_10.3.0.201811011841/tools/bin/../lib/gcc/arm-none-eabi/7.3.1/../../../../arm-none-eabi/lib/thumb/v7e-m/fpv5/hard/libcr_c.a(_deferredlazyseek.o)
                0x0000000060008946                _deferredlazyseek
 .text.__flsbuf
                0x0000000060008986      0x140 /usr/local/mcuxpressoide-10.3.1_2233/ide/plugins/com.nxp.mcuxpresso.tools.linux_10.3.0.201811011841/tools/bin/../lib/gcc/arm-none-eabi/7.3.1/../../../../arm-none-eabi/lib/thumb/v7e-m/fpv5/hard/libcr_c.a(_deferredlazyseek.o)
                0x0000000060008986                __flsbuf
 .text._fflush  0x0000000060008ac6       0x52 /usr/local/mcuxpressoide-10.3.1_2233/ide/plugins/com.nxp.mcuxpresso.tools.linux_10.3.0.201811011841/tools/bin/../lib/gcc/arm-none-eabi/7.3.1/../../../../arm-none-eabi/lib/thumb/v7e-m/fpv5/hard/libcr_c.a(_fflush.o)
                0x0000000060008ac6                _fflush
 .text.free     0x0000000060008b18       0x30 /usr/local/mcuxpressoide-10.3.1_2233/ide/plugins/com.nxp.mcuxpresso.tools.linux_10.3.0.201811011841/tools/bin/../lib/gcc/arm-none-eabi/7.3.1/../../../../arm-none-eabi/lib/thumb/v7e-m/fpv5/hard/libcr_c.a(alloc.o)
                0x0000000060008b18                free
 .text.fputs    0x0000000060008b48       0x2c /usr/local/mcuxpressoide-10.3.1_2233/ide/plugins/com.nxp.mcuxpresso.tools.linux_10.3.0.201811011841/tools/bin/../lib/gcc/arm-none-eabi/7.3.1/../../../../arm-none-eabi/lib/thumb/v7e-m/fpv5/hard/libcr_c.a(fputs.o)
                0x0000000060008b48                fputs
 .text.no_fp_display
                0x0000000060008b74        0x4 /usr/local/mcuxpressoide-10.3.1_2233/ide/plugins/com.nxp.mcuxpresso.tools.linux_10.3.0.201811011841/tools/bin/../lib/gcc/arm-none-eabi/7.3.1/../../../../arm-none-eabi/lib/thumb/v7e-m/fpv5/hard/libcr_c.a(printf.o)
 .text.strlen   0x0000000060008b78       0x4a /usr/local/mcuxpressoide-10.3.1_2233/ide/plugins/com.nxp.mcuxpresso.tools.linux_10.3.0.201811011841/tools/bin/../lib/gcc/arm-none-eabi/7.3.1/../../../../arm-none-eabi/lib/thumb/v7e-m/fpv5/hard/libcr_c.a(strlen.o)
                0x0000000060008b78                strlen
 .text._fdopen  0x0000000060008bc2       0x68 /usr/local/mcuxpressoide-10.3.1_2233/ide/plugins/com.nxp.mcuxpresso.tools.linux_10.3.0.201811011841/tools/bin/../lib/gcc/arm-none-eabi/7.3.1/../../../../arm-none-eabi/lib/thumb/v7e-m/fpv5/hard/libcr_c.a(_fdopen.o)
                0x0000000060008bc2                _fdopen
 .text.fclose   0x0000000060008c2a       0x58 /usr/local/mcuxpressoide-10.3.1_2233/ide/plugins/com.nxp.mcuxpresso.tools.linux_10.3.0.201811011841/tools/bin/../lib/gcc/arm-none-eabi/7.3.1/../../../../arm-none-eabi/lib/thumb/v7e-m/fpv5/hard/libcr_c.a(fclose.o)
                0x0000000060008c2a                fclose
 .text.remove   0x0000000060008c82       0x14 /usr/local/mcuxpressoide-10.3.1_2233/ide/plugins/com.nxp.mcuxpresso.tools.linux_10.3.0.201811011841/tools/bin/../lib/gcc/arm-none-eabi/7.3.1/../../../../arm-none-eabi/lib/thumb/v7e-m/fpv5/hard/libcr_c.a(remove.o)
                0x0000000060008c82                remove
 .text._do_fflush
                0x0000000060008c96       0x40 /usr/local/mcuxpressoide-10.3.1_2233/ide/plugins/com.nxp.mcuxpresso.tools.linux_10.3.0.201811011841/tools/bin/../lib/gcc/arm-none-eabi/7.3.1/../../../../arm-none-eabi/lib/thumb/v7e-m/fpv5/hard/libcr_c.a(_do_fflush.o)
                0x0000000060008c96                _do_fflush
 .text.__aeabi_memcpy
                0x0000000060008cd6       0x34 /usr/local/mcuxpressoide-10.3.1_2233/ide/plugins/com.nxp.mcuxpresso.tools.linux_10.3.0.201811011841/tools/bin/../lib/gcc/arm-none-eabi/7.3.1/thumb/v7e-m/fpv5/hard/libcr_eabihelpers.a(memcpy.o)
                0x0000000060008cd6                __aeabi_memcpy
                0x0000000060008ce0                __aeabi_memcpy4
                0x0000000060008ce0                __aeabi_memcpy8
 .text.__aeabi_memset_lowlevel
                0x0000000060008d0a       0x32 /usr/local/mcuxpressoide-10.3.1_2233/ide/plugins/com.nxp.mcuxpresso.tools.linux_10.3.0.201811011841/tools/bin/../lib/gcc/arm-none-eabi/7.3.1/thumb/v7e-m/fpv5/hard/libcr_eabihelpers.a(memcpy.o)
                0x0000000060008d0a                __aeabi_lowlevel_memset
 .text.__sys_close
                0x0000000060008d3c        0xc /usr/local/mcuxpressoide-10.3.1_2233/ide/plugins/com.nxp.mcuxpresso.tools.linux_10.3.0.201811011841/tools/bin/../lib/gcc/arm-none-eabi/7.3.1/../../../../arm-none-eabi/lib/thumb/v7e-m/fpv5/hard/libcr_semihost_nf.a(__sys_close.o)
                0x0000000060008d3c                __sys_close
 .text.__sys_flen
                0x0000000060008d48        0xc /usr/local/mcuxpressoide-10.3.1_2233/ide/plugins/com.nxp.mcuxpresso.tools.linux_10.3.0.201811011841/tools/bin/../lib/gcc/arm-none-eabi/7.3.1/../../../../arm-none-eabi/lib/thumb/v7e-m/fpv5/hard/libcr_semihost_nf.a(__sys_flen.o)
                0x0000000060008d48                __sys_flen
 .text.__sys_istty
                0x0000000060008d54        0xc /usr/local/mcuxpressoide-10.3.1_2233/ide/plugins/com.nxp.mcuxpresso.tools.linux_10.3.0.201811011841/tools/bin/../lib/gcc/arm-none-eabi/7.3.1/../../../../arm-none-eabi/lib/thumb/v7e-m/fpv5/hard/libcr_semihost_nf.a(__sys_istty.o)
                0x0000000060008d54                __sys_istty
 .text.__sys_remove
                0x0000000060008d60        0xc /usr/local/mcuxpressoide-10.3.1_2233/ide/plugins/com.nxp.mcuxpresso.tools.linux_10.3.0.201811011841/tools/bin/../lib/gcc/arm-none-eabi/7.3.1/../../../../arm-none-eabi/lib/thumb/v7e-m/fpv5/hard/libcr_semihost_nf.a(__sys_remove.o)
                0x0000000060008d60                __sys_remove
 .text.__sys_seek
                0x0000000060008d6c        0xc /usr/local/mcuxpressoide-10.3.1_2233/ide/plugins/com.nxp.mcuxpresso.tools.linux_10.3.0.201811011841/tools/bin/../lib/gcc/arm-none-eabi/7.3.1/../../../../arm-none-eabi/lib/thumb/v7e-m/fpv5/hard/libcr_semihost_nf.a(__sys_seek.o)
                0x0000000060008d6c                __sys_seek
 .text.__sys_tmpnam
                0x0000000060008d78        0xc /usr/local/mcuxpressoide-10.3.1_2233/ide/plugins/com.nxp.mcuxpresso.tools.linux_10.3.0.201811011841/tools/bin/../lib/gcc/arm-none-eabi/7.3.1/../../../../arm-none-eabi/lib/thumb/v7e-m/fpv5/hard/libcr_semihost_nf.a(__sys_tmpnam.o)
                0x0000000060008d78                __sys_tmpnam
 .text.__sys_write
                0x0000000060008d84        0xc /usr/local/mcuxpressoide-10.3.1_2233/ide/plugins/com.nxp.mcuxpresso.tools.linux_10.3.0.201811011841/tools/bin/../lib/gcc/arm-none-eabi/7.3.1/../../../../arm-none-eabi/lib/thumb/v7e-m/fpv5/hard/libcr_semihost_nf.a(__sys_write.o)
                0x0000000060008d84                __sys_write
 *(SORT_BY_ALIGNMENT(.rodata) SORT_BY_ALIGNMENT(.rodata.*) SORT_BY_ALIGNMENT(.constdata) SORT_BY_ALIGNMENT(.constdata.*))
 .rodata.dcd_data
                0x0000000060008d90        0x1 ./xip/evkbimxrt1050_sdram_ini_dcd.o
                0x0000000060008d90                dcd_data
 *fill*         0x0000000060008d91        0x3 ff
 .rodata        0x0000000060008d94      0x1b7 ./utilities/fsl_debug_console.o
 *fill*         0x0000000060008f4b        0x1 ff
 .rodata        0x0000000060008f4c       0xac ./source_transfer/sai_interrupt_transfer.o
 .rodata.music  0x0000000060008ff8     0xbba0 ./source_transfer/sai_interrupt_transfer.o
                0x0000000060008ff8                music
 .rodata.audioPllConfig
                0x0000000060014b98       0x10 ./source_transfer/sai_interrupt_transfer.o
                0x0000000060014b98                audioPllConfig
 .rodata        0x0000000060014ba8       0x3c ./drivers/fsl_clock.o
 .rodata        0x0000000060014be4      0x3bd ./drivers/fsl_lpi2c.o
 *fill*         0x0000000060014fa1        0x3 ff
 .rodata.kLpi2cBases
                0x0000000060014fa4       0x14 ./drivers/fsl_lpi2c.o
 .rodata.kLpi2cClocks
                0x0000000060014fb8        0xa ./drivers/fsl_lpi2c.o
 *fill*         0x0000000060014fc2        0x2 ff
 .rodata        0x0000000060014fc4      0x5c6 ./drivers/fsl_lpuart.o
 *fill*         0x000000006001558a        0x2 ff
 .rodata.s_lpuartBases
                0x000000006001558c       0x24 ./drivers/fsl_lpuart.o
 .rodata.s_lpuartClock
                0x00000000600155b0       0x12 ./drivers/fsl_lpuart.o
 *fill*         0x00000000600155c2        0x2 ff
 .rodata        0x00000000600155c4      0x3fa ./drivers/fsl_sai.o
 *fill*         0x00000000600159be        0x2 ff
 .rodata.s_saiBases
                0x00000000600159c0       0x10 ./drivers/fsl_sai.o
 .rodata.s_saiTxIRQ
                0x00000000600159d0        0x8 ./drivers/fsl_sai.o
 .rodata.s_saiClock
                0x00000000600159d8        0x8 ./drivers/fsl_sai.o
 .rodata.s_LpuartAdapterBase
                0x00000000600159e0       0x24 ./component/uart/lpuart_adapter.o
 .rodata        0x0000000060015a04      0x274 ./component/uart/lpuart_adapter.o
 .rodata        0x0000000060015c78      0x521 ./component/serial_manager/serial_manager.o
 *fill*         0x0000000060016199        0x3 ff
 .rodata        0x000000006001619c      0x244 ./component/serial_manager/serial_port_uart.o
 .rodata.wm8960_reg
                0x00000000600163e0       0x70 ./codec/fsl_wm8960.o
 .rodata        0x0000000060016450       0xa0 ./board/clock_config.o
 .rodata.armPllConfig_BOARD_BootClockRUN
                0x00000000600164f0        0x8 ./board/clock_config.o
                0x00000000600164f0                armPllConfig_BOARD_BootClockRUN
 .rodata.sysPllConfig_BOARD_BootClockRUN
                0x00000000600164f8       0x14 ./board/clock_config.o
                0x00000000600164f8                sysPllConfig_BOARD_BootClockRUN
 .rodata        0x000000006001650c       0x28 ./board/pin_mux.o
 .rodata.__num_Ciob_streams
                0x0000000060016534        0x4 /usr/local/mcuxpressoide-10.3.1_2233/ide/plugins/com.nxp.mcuxpresso.tools.linux_10.3.0.201811011841/tools/bin/../lib/gcc/arm-none-eabi/7.3.1/../../../../arm-none-eabi/lib/thumb/v7e-m/fpv5/hard/libcr_semihost_nf.a(__ciob.o)
                0x0000000060016534                __num_Ciob_streams
 .rodata.__assertion_failed.str1.1
                0x0000000060016538       0x15 /usr/local/mcuxpressoide-10.3.1_2233/ide/plugins/com.nxp.mcuxpresso.tools.linux_10.3.0.201811011841/tools/bin/../lib/gcc/arm-none-eabi/7.3.1/../../../../arm-none-eabi/lib/thumb/v7e-m/fpv5/hard/libcr_semihost_nf.a(_cr_assert.o)
 .rodata._Csys_alloc.str1.1
                0x000000006001654d       0x18 /usr/local/mcuxpressoide-10.3.1_2233/ide/plugins/com.nxp.mcuxpresso.tools.linux_10.3.0.201811011841/tools/bin/../lib/gcc/arm-none-eabi/7.3.1/../../../../arm-none-eabi/lib/thumb/v7e-m/fpv5/hard/libcr_c.a(alloc.o)
 .rodata._initio.str1.1
                0x0000000060016565        0x4 /usr/local/mcuxpressoide-10.3.1_2233/ide/plugins/com.nxp.mcuxpresso.tools.linux_10.3.0.201811011841/tools/bin/../lib/gcc/arm-none-eabi/7.3.1/../../../../arm-none-eabi/lib/thumb/v7e-m/fpv5/hard/libcr_c.a(initio.o)
 .rodata.__vfprintf.str1.1
                0x0000000060016569       0x35 /usr/local/mcuxpressoide-10.3.1_2233/ide/plugins/com.nxp.mcuxpresso.tools.linux_10.3.0.201811011841/tools/bin/../lib/gcc/arm-none-eabi/7.3.1/../../../../arm-none-eabi/lib/thumb/v7e-m/fpv5/hard/libcr_c.a(printf.o)
                                         0x38 (size before relaxing)
                0x00000000600165a0                . = ALIGN (0x4)
 *fill*         0x000000006001659e        0x2 ff

.glue_7         0x00000000600165a0        0x0
 .glue_7        0x00000000600165a0        0x0 linker stubs

.glue_7t        0x00000000600165a0        0x0
 .glue_7t       0x00000000600165a0        0x0 linker stubs

.vfp11_veneer   0x00000000600165a0        0x0
 .vfp11_veneer  0x00000000600165a0        0x0 linker stubs

.v4_bx          0x00000000600165a0        0x0
 .v4_bx         0x00000000600165a0        0x0 linker stubs

.iplt           0x00000000600165a0        0x0
 .iplt          0x00000000600165a0        0x0 ./xip/evkbimxrt1050_flexspi_nor_config.o

.rel.dyn        0x00000000600165a0        0x0
 .rel.iplt      0x00000000600165a0        0x0 ./xip/evkbimxrt1050_flexspi_nor_config.o

.ARM.extab
 *(SORT_BY_ALIGNMENT(.ARM.extab*) SORT_BY_ALIGNMENT(.gnu.linkonce.armextab.*))
                0x00000000600165a0                __exidx_start = .

.ARM.exidx
 *(SORT_BY_ALIGNMENT(.ARM.exidx*) SORT_BY_ALIGNMENT(.gnu.linkonce.armexidx.*))
                0x00000000600165a0                __exidx_end = .
                0x00000000600165a0                _etext = .

.data_RAM2      0x0000000000000000        0x0 load address 0x00000000600165a0
 FILL mask 0xff
                [!provide]                        PROVIDE (__start_data_RAM2 = .)
 *(SORT_BY_ALIGNMENT(.ramfunc.$RAM2))
 *(SORT_BY_ALIGNMENT(.ramfunc.$SRAM_ITC))
 *(SORT_BY_ALIGNMENT(.data.$RAM2*))
 *(SORT_BY_ALIGNMENT(.data.$SRAM_ITC*))
                0x0000000000000000                . = ALIGN (0x4)
                [!provide]                        PROVIDE (__end_data_RAM2 = .)

.data_RAM3      0x0000000020200000        0x0 load address 0x00000000600165a0
 FILL mask 0xff
                [!provide]                        PROVIDE (__start_data_RAM3 = .)
 *(SORT_BY_ALIGNMENT(.ramfunc.$RAM3))
 *(SORT_BY_ALIGNMENT(.ramfunc.$SRAM_OC))
 *(SORT_BY_ALIGNMENT(.data.$RAM3*))
 *(SORT_BY_ALIGNMENT(.data.$SRAM_OC*))
                0x0000000020200000                . = ALIGN (0x4)
                [!provide]                        PROVIDE (__end_data_RAM3 = .)

.data_RAM4      0x0000000080000000        0x0 load address 0x00000000600165a0
 FILL mask 0xff
                [!provide]                        PROVIDE (__start_data_RAM4 = .)
 *(SORT_BY_ALIGNMENT(.ramfunc.$RAM4))
 *(SORT_BY_ALIGNMENT(.ramfunc.$BOARD_SDRAM))
 *(SORT_BY_ALIGNMENT(.data.$RAM4*))
 *(SORT_BY_ALIGNMENT(.data.$BOARD_SDRAM*))
                0x0000000080000000                . = ALIGN (0x4)
                [!provide]                        PROVIDE (__end_data_RAM4 = .)

.uninit_RESERVED
                0x0000000020000000        0x0
 *(SORT_BY_ALIGNMENT(.bss.$RESERVED*))
                0x0000000020000000                . = ALIGN (0x4)
                0x0000000020000000                _end_uninit_RESERVED = .

.data           0x0000000020000000       0x1c load address 0x00000000600165a0
 FILL mask 0xff
                0x0000000020000000                _data = .
 *(SORT_BY_ALIGNMENT(vtable))
 *(SORT_BY_ALIGNMENT(.ramfunc*))
 *(SORT_BY_ALIGNMENT(NonCacheable.init))
 *(SORT_BY_ALIGNMENT(.data*))
 .data.SystemCoreClock
                0x0000000020000000        0x4 ./device/system_MIMXRT1052.o
                0x0000000020000000                SystemCoreClock
 .data.boardCodecConfig
                0x0000000020000004       0x18 ./board/board.o
                0x0000000020000004                boardCodecConfig
                0x000000002000001c                . = ALIGN (0x4)
                0x000000002000001c                _edata = .

.igot.plt       0x000000002000001c        0x0 load address 0x00000000600165bc
 .igot.plt      0x000000002000001c        0x0 ./xip/evkbimxrt1050_flexspi_nor_config.o

.bss_RAM2       0x0000000000000000        0x0
                [!provide]                        PROVIDE (__start_bss_RAM2 = .)
 *(SORT_BY_ALIGNMENT(.bss.$RAM2*))
 *(SORT_BY_ALIGNMENT(.bss.$SRAM_ITC*))
                0x0000000000000000                . = ALIGN ((. != 0x0)?0x4:0x1)
                [!provide]                        PROVIDE (__end_bss_RAM2 = .)

.bss_RAM3       0x0000000020200000        0x0
                [!provide]                        PROVIDE (__start_bss_RAM3 = .)
 *(SORT_BY_ALIGNMENT(.bss.$RAM3*))
 *(SORT_BY_ALIGNMENT(.bss.$SRAM_OC*))
                0x0000000020200000                . = ALIGN ((. != 0x0)?0x4:0x1)
                [!provide]                        PROVIDE (__end_bss_RAM3 = .)

.bss_RAM4       0x0000000080000000        0x0
                [!provide]                        PROVIDE (__start_bss_RAM4 = .)
 *(SORT_BY_ALIGNMENT(.bss.$RAM4*))
 *(SORT_BY_ALIGNMENT(.bss.$BOARD_SDRAM*))
                0x0000000080000000                . = ALIGN ((. != 0x0)?0x4:0x1)
                [!provide]                        PROVIDE (__end_bss_RAM4 = .)

.bss            0x000000002000001c      0x240
                0x000000002000001c                _bss = .
 *(SORT_BY_ALIGNMENT(NonCacheable))
 *(SORT_BY_ALIGNMENT(.bss*))
 .bss.s_debugConsoleState
                0x000000002000001c       0x1c ./utilities/fsl_debug_console.o
 .bss.g_serialHandle
                0x0000000020000038        0x4 ./utilities/fsl_debug_console.o
                0x0000000020000038                g_serialHandle
 .bss.txHandle  0x000000002000003c       0x4c ./source_transfer/sai_interrupt_transfer.o
                0x000000002000003c                txHandle
 .bss.codecHandle
                0x0000000020000088       0x18 ./source_transfer/sai_interrupt_transfer.o
                0x0000000020000088                codecHandle
 .bss.g_xtalFreq
                0x00000000200000a0        0x4 ./drivers/fsl_clock.o
                0x00000000200000a0                g_xtalFreq
 .bss.g_rtcXtalFreq
                0x00000000200000a4        0x4 ./drivers/fsl_clock.o
                0x00000000200000a4                g_rtcXtalFreq
 .bss.s_lpi2cMasterIsr
                0x00000000200000a8        0x4 ./drivers/fsl_lpi2c.o
 .bss.s_lpi2cMasterHandle
                0x00000000200000ac       0x14 ./drivers/fsl_lpi2c.o
 .bss.s_lpi2cSlaveIsr
                0x00000000200000c0        0x4 ./drivers/fsl_lpi2c.o
 .bss.s_lpi2cSlaveHandle
                0x00000000200000c4       0x14 ./drivers/fsl_lpi2c.o
 .bss.s_lpuartHandle
                0x00000000200000d8       0x24 ./drivers/fsl_lpuart.o
 .bss.s_lpuartIsr
                0x00000000200000fc        0x4 ./drivers/fsl_lpuart.o
 .bss.s_saiHandle
                0x0000000020000100       0x20 ./drivers/fsl_sai.o
 .bss.s_saiTxIsr
                0x0000000020000120        0x4 ./drivers/fsl_sai.o
 .bss.s_saiRxIsr
                0x0000000020000124        0x4 ./drivers/fsl_sai.o
 .bss.reg_cache
                0x0000000020000128       0x70 ./codec/fsl_wm8960.o
 .bss.__Ciob    0x0000000020000198       0xb4 /usr/local/mcuxpressoide-10.3.1_2233/ide/plugins/com.nxp.mcuxpresso.tools.linux_10.3.0.201811011841/tools/bin/../lib/gcc/arm-none-eabi/7.3.1/../../../../arm-none-eabi/lib/thumb/v7e-m/fpv5/hard/libcr_semihost_nf.a(__ciob.o)
                0x0000000020000198                __Ciob
 .bss.__end_of_heap
                0x000000002000024c        0x4 /usr/local/mcuxpressoide-10.3.1_2233/ide/plugins/com.nxp.mcuxpresso.tools.linux_10.3.0.201811011841/tools/bin/../lib/gcc/arm-none-eabi/7.3.1/../../../../arm-none-eabi/lib/thumb/v7e-m/fpv5/hard/libcr_c.a(__init_alloc.o)
                0x000000002000024c                __end_of_heap
 .bss.__heaps   0x0000000020000250        0x4 /usr/local/mcuxpressoide-10.3.1_2233/ide/plugins/com.nxp.mcuxpresso.tools.linux_10.3.0.201811011841/tools/bin/../lib/gcc/arm-none-eabi/7.3.1/../../../../arm-none-eabi/lib/thumb/v7e-m/fpv5/hard/libcr_c.a(__init_alloc.o)
                0x0000000020000250                __heaps
 .bss.errno     0x0000000020000254        0x4 /usr/local/mcuxpressoide-10.3.1_2233/ide/plugins/com.nxp.mcuxpresso.tools.linux_10.3.0.201811011841/tools/bin/../lib/gcc/arm-none-eabi/7.3.1/../../../../arm-none-eabi/lib/thumb/v7e-m/fpv5/hard/libcr_c.a(errno.o)
                0x0000000020000254                errno
 .bss.isFinished
                0x0000000020000258        0x1 ./source_transfer/sai_interrupt_transfer.o
 *(SORT_BY_ALIGNMENT(COMMON))
                0x000000002000025c                . = ALIGN (0x4)
 *fill*         0x0000000020000259        0x3 
                0x000000002000025c                _ebss = .
                [!provide]                        PROVIDE (end = .)

.noinit_RAM2    0x0000000000000000        0x0
 *(SORT_BY_ALIGNMENT(.noinit.$RAM2*))
 *(SORT_BY_ALIGNMENT(.noinit.$SRAM_ITC*))
                0x0000000000000000                . = ALIGN (0x4)

.noinit_RAM3    0x0000000020200000        0x0
 *(SORT_BY_ALIGNMENT(.noinit.$RAM3*))
 *(SORT_BY_ALIGNMENT(.noinit.$SRAM_OC*))
                0x0000000020200000                . = ALIGN (0x4)

.noinit_RAM4    0x0000000080000000        0x0
 *(SORT_BY_ALIGNMENT(.noinit.$RAM4*))
 *(SORT_BY_ALIGNMENT(.noinit.$BOARD_SDRAM*))
                0x0000000080000000                . = ALIGN (0x4)

.noinit         0x000000002000025c        0x0
                0x000000002000025c                _noinit = .
 *(SORT_BY_ALIGNMENT(.noinit*))
                0x000000002000025c                . = ALIGN (0x4)
                0x000000002000025c                _end_noinit = .
                0x0000000000001000                _HeapSize = 0x1000

.heap           0x000000002000025c     0x1000
                0x000000002000025c                _pvHeapStart = .
                0x000000002000125c                . = (. + _HeapSize)
 *fill*         0x000000002000025c     0x1000 
                0x000000002000125c                . = ALIGN (0x4)
                0x000000002000125c                _pvHeapLimit = .
                0x0000000000001000                _StackSize = 0x1000

.heap2stackfill
                0x000000002000125c     0x1000
                0x000000002000225c                . = (. + _StackSize)
 *fill*         0x000000002000125c     0x1000 

.stack          0x000000002001f000        0x0
                0x000000002001f000                _vStackBase = .
                0x000000002001f000                . = ALIGN (0x4)
                0x0000000020020000                _vStackTop = (. + _StackSize)
                0x0000000060002000                _image_start = LOADADDR (.text)
                0x00000000600165bc                _image_end = (LOADADDR (.data) + SIZEOF (.data))
                0x00000000000145bc                _image_size = (_image_end - _image_start)
OUTPUT(evkbimxrt1050_sai_interrupt_transfer.axf elf32-littlearm)

.debug_info     0x0000000000000000    0x165b9